Component: ARM Compiler 5.06 update 7 (build 960) Tool: armlink [4d3601]

==============================================================================

Section Cross References

    main.o(i.main) refers to switch.o(i.tTaskSchedInit) for tTaskSchedInit
    main.o(i.main) refers to switch.o(i.tTaskInit) for tTaskInit
    main.o(i.main) refers to switch.o(i.tTaskHighestReady) for tTaskHighestReady
    main.o(i.main) refers to switch.o(i.tTaskRunFirst) for tTaskRunFirst
    main.o(i.main) refers to main.o(.bss) for task1Env
    main.o(i.main) refers to main.o(i.task1) for task1
    main.o(i.main) refers to main.o(i.task2) for task2
    main.o(i.main) refers to main.o(i.task3) for task3
    main.o(i.main) refers to main.o(i.task4) for task4
    main.o(i.main) refers to main.o(i.taskIdle) for taskIdle
    main.o(i.main) refers to switch.o(.data) for IdleTask
    main.o(i.task1) refers to time.o(i.tSetSysTickPeriod) for tSetSysTickPeriod
    main.o(i.task1) refers to state.o(i.tTaskSetCleanFunc) for tTaskSetCleanFunc
    main.o(i.task1) refers to time.o(i.tTaskDelay) for tTaskDelay
    main.o(i.task1) refers to main.o(i.task1DestroyFun) for task1DestroyFun
    main.o(i.task1) refers to switch.o(.data) for currentTask
    main.o(i.task1) refers to main.o(.data) for flag1
    main.o(i.task1DestroyFun) refers to main.o(.data) for flag1
    main.o(i.task2) refers to time.o(i.tTaskDelay) for tTaskDelay
    main.o(i.task2) refers to state.o(i.tTaskForceDelete) for tTaskForceDelete
    main.o(i.task2) refers to main.o(.data) for flag2
    main.o(i.task2) refers to main.o(.bss) for tTask1
    main.o(i.task3) refers to state.o(i.tTaskGetDelete) for tTaskGetDelete
    main.o(i.task3) refers to state.o(i.tTaskDeleteSelf) for tTaskDeleteSelf
    main.o(i.task3) refers to time.o(i.tTaskDelay) for tTaskDelay
    main.o(i.task3) refers to main.o(.data) for flag3
    main.o(i.task4) refers to time.o(i.tTaskDelay) for tTaskDelay
    main.o(i.task4) refers to state.o(i.tTaskRequestDelete) for tTaskRequestDelete
    main.o(i.task4) refers to main.o(.data) for flag4
    main.o(i.task4) refers to main.o(.bss) for tTask3
    switch.o(.emb_text) refers to switch.o(.data) for currentTask
    switch.o(i.tTaskDelayedInit) refers to tnode.o(i.tListInit) for tListInit
    switch.o(i.tTaskDelayedInit) refers to switch.o(.bss) for tTaskDelayedList
    switch.o(i.tTaskHighestReady) refers to tbitmap.o(i.tBitmapGetFirstSet) for tBitmapGetFirstSet
    switch.o(i.tTaskHighestReady) refers to tnode.o(i.tListFirst) for tListFirst
    switch.o(i.tTaskHighestReady) refers to switch.o(.data) for taskPrioBitmap
    switch.o(i.tTaskHighestReady) refers to switch.o(.bss) for taskTable
    switch.o(i.tTaskInit) refers to tnode.o(i.tNodeInit) for tNodeInit
    switch.o(i.tTaskInit) refers to tnode.o(i.tListAddFirst) for tListAddFirst
    switch.o(i.tTaskInit) refers to tbitmap.o(i.tBitmapSet) for tBitmapSet
    switch.o(i.tTaskInit) refers to switch.o(.bss) for taskTable
    switch.o(i.tTaskInit) refers to switch.o(.data) for taskPrioBitmap
    switch.o(i.tTaskSched) refers to primask.o(i.tTaskEnterCritical) for tTaskEnterCritical
    switch.o(i.tTaskSched) refers to primask.o(i.tTaskExitCritical) for tTaskExitCritical
    switch.o(i.tTaskSched) refers to switch.o(i.tTaskHighestReady) for tTaskHighestReady
    switch.o(i.tTaskSched) refers to switch.o(i.tTaskSwitch) for tTaskSwitch
    switch.o(i.tTaskSched) refers to switch.o(.data) for schedLockCount
    switch.o(i.tTaskSchedDisable) refers to primask.o(i.tTaskEnterCritical) for tTaskEnterCritical
    switch.o(i.tTaskSchedDisable) refers to primask.o(i.tTaskExitCritical) for tTaskExitCritical
    switch.o(i.tTaskSchedDisable) refers to switch.o(.data) for schedLockCount
    switch.o(i.tTaskSchedEnable) refers to primask.o(i.tTaskEnterCritical) for tTaskEnterCritical
    switch.o(i.tTaskSchedEnable) refers to switch.o(i.tTaskSched) for tTaskSched
    switch.o(i.tTaskSchedEnable) refers to primask.o(i.tTaskExitCritical) for tTaskExitCritical
    switch.o(i.tTaskSchedEnable) refers to switch.o(.data) for schedLockCount
    switch.o(i.tTaskSchedInit) refers to switch.o(i.tTaskSchedLockInit) for tTaskSchedLockInit
    switch.o(i.tTaskSchedInit) refers to tbitmap.o(i.tBitmapInit) for tBitmapInit
    switch.o(i.tTaskSchedInit) refers to switch.o(i.tTaskDelayedInit) for tTaskDelayedInit
    switch.o(i.tTaskSchedInit) refers to tnode.o(i.tListInit) for tListInit
    switch.o(i.tTaskSchedInit) refers to switch.o(.data) for taskPrioBitmap
    switch.o(i.tTaskSchedInit) refers to switch.o(.bss) for taskTable
    switch.o(i.tTaskSchedLockInit) refers to switch.o(.data) for schedLockCount
    time.o(i.SysTick_Handler) refers to time.o(i.tTaskSystemTickHandler) for tTaskSystemTickHandler
    time.o(i.tSetSysTickPeriod) refers to system_armcm3.o(.data) for SystemCoreClock
    time.o(i.tTaskDelay) refers to primask.o(i.tTaskEnterCritical) for tTaskEnterCritical
    time.o(i.tTaskDelay) refers to state.o(i.tTimeTaskWait) for tTimeTaskWait
    time.o(i.tTaskDelay) refers to state.o(i.tTaskSchedUnRdy) for tTaskSchedUnRdy
    time.o(i.tTaskDelay) refers to primask.o(i.tTaskExitCritical) for tTaskExitCritical
    time.o(i.tTaskDelay) refers to switch.o(i.tTaskSched) for tTaskSched
    time.o(i.tTaskDelay) refers to switch.o(.data) for currentTask
    time.o(i.tTaskSystemTickHandler) refers to primask.o(i.tTaskEnterCritical) for tTaskEnterCritical
    time.o(i.tTaskSystemTickHandler) refers to state.o(i.tTimeTaskWakeUp) for tTimeTaskWakeUp
    time.o(i.tTaskSystemTickHandler) refers to state.o(i.tTaskSchedRdy) for tTaskSchedRdy
    time.o(i.tTaskSystemTickHandler) refers to tnode.o(i.tListCount) for tListCount
    time.o(i.tTaskSystemTickHandler) refers to tnode.o(i.tListRemoveFirst) for tListRemoveFirst
    time.o(i.tTaskSystemTickHandler) refers to tnode.o(i.tListAddLast) for tListAddLast
    time.o(i.tTaskSystemTickHandler) refers to primask.o(i.tTaskExitCritical) for tTaskExitCritical
    time.o(i.tTaskSystemTickHandler) refers to switch.o(i.tTaskSched) for tTaskSched
    time.o(i.tTaskSystemTickHandler) refers to switch.o(.bss) for tTaskDelayedList
    time.o(i.tTaskSystemTickHandler) refers to switch.o(.data) for currentTask
    tbitmap.o(i.tBitmapGetFirstSet) refers to tbitmap.o(i.tBitmapCount) for tBitmapCount
    tbitmap.o(i.tBitmapGetFirstSet) refers to tbitmap.o(.constdata) for quickFindTable
    state.o(i.tTaskDeleteSelf) refers to primask.o(i.tTaskEnterCritical) for tTaskEnterCritical
    state.o(i.tTaskDeleteSelf) refers to state.o(i.tTaskSchedRemove) for tTaskSchedRemove
    state.o(i.tTaskDeleteSelf) refers to primask.o(i.tTaskExitCritical) for tTaskExitCritical
    state.o(i.tTaskDeleteSelf) refers to switch.o(i.tTaskSched) for tTaskSched
    state.o(i.tTaskDeleteSelf) refers to switch.o(.data) for currentTask
    state.o(i.tTaskForceDelete) refers to primask.o(i.tTaskEnterCritical) for tTaskEnterCritical
    state.o(i.tTaskForceDelete) refers to state.o(i.tTimeTaskRemove) for tTimeTaskRemove
    state.o(i.tTaskForceDelete) refers to state.o(i.tTaskSchedRemove) for tTaskSchedRemove
    state.o(i.tTaskForceDelete) refers to switch.o(i.tTaskSched) for tTaskSched
    state.o(i.tTaskForceDelete) refers to primask.o(i.tTaskExitCritical) for tTaskExitCritical
    state.o(i.tTaskForceDelete) refers to switch.o(.data) for currentTask
    state.o(i.tTaskGetDelete) refers to primask.o(i.tTaskEnterCritical) for tTaskEnterCritical
    state.o(i.tTaskGetDelete) refers to primask.o(i.tTaskExitCritical) for tTaskExitCritical
    state.o(i.tTaskGetDelete) refers to switch.o(.data) for currentTask
    state.o(i.tTaskGetInfo) refers to primask.o(i.tTaskEnterCritical) for tTaskEnterCritical
    state.o(i.tTaskGetInfo) refers to primask.o(i.tTaskExitCritical) for tTaskExitCritical
    state.o(i.tTaskRequestDelete) refers to primask.o(i.tTaskEnterCritical) for tTaskEnterCritical
    state.o(i.tTaskRequestDelete) refers to primask.o(i.tTaskExitCritical) for tTaskExitCritical
    state.o(i.tTaskSchedRdy) refers to tnode.o(i.tListAddLast) for tListAddLast
    state.o(i.tTaskSchedRdy) refers to tbitmap.o(i.tBitmapSet) for tBitmapSet
    state.o(i.tTaskSchedRdy) refers to switch.o(.bss) for taskTable
    state.o(i.tTaskSchedRdy) refers to switch.o(.data) for taskPrioBitmap
    state.o(i.tTaskSchedRemove) refers to tnode.o(i.tListRemove) for tListRemove
    state.o(i.tTaskSchedRemove) refers to tnode.o(i.tListCount) for tListCount
    state.o(i.tTaskSchedRemove) refers to tbitmap.o(i.tBitmapClear) for tBitmapClear
    state.o(i.tTaskSchedRemove) refers to switch.o(.bss) for taskTable
    state.o(i.tTaskSchedRemove) refers to switch.o(.data) for taskPrioBitmap
    state.o(i.tTaskSchedUnRdy) refers to state.o(i.tTaskSchedRemove) for tTaskSchedRemove
    state.o(i.tTaskSuspend) refers to primask.o(i.tTaskEnterCritical) for tTaskEnterCritical
    state.o(i.tTaskSuspend) refers to state.o(i.tTaskSchedUnRdy) for tTaskSchedUnRdy
    state.o(i.tTaskSuspend) refers to switch.o(i.tTaskSched) for tTaskSched
    state.o(i.tTaskSuspend) refers to primask.o(i.tTaskExitCritical) for tTaskExitCritical
    state.o(i.tTaskSuspend) refers to switch.o(.data) for currentTask
    state.o(i.tTaskWakeUp) refers to primask.o(i.tTaskEnterCritical) for tTaskEnterCritical
    state.o(i.tTaskWakeUp) refers to state.o(i.tTaskSchedRdy) for tTaskSchedRdy
    state.o(i.tTaskWakeUp) refers to switch.o(i.tTaskSched) for tTaskSched
    state.o(i.tTaskWakeUp) refers to primask.o(i.tTaskExitCritical) for tTaskExitCritical
    state.o(i.tTimeTaskRemove) refers to tnode.o(i.tListRemove) for tListRemove
    state.o(i.tTimeTaskRemove) refers to switch.o(.bss) for tTaskDelayedList
    state.o(i.tTimeTaskWait) refers to tnode.o(i.tListAddLast) for tListAddLast
    state.o(i.tTimeTaskWait) refers to switch.o(.bss) for tTaskDelayedList
    state.o(i.tTimeTaskWakeUp) refers to state.o(i.tTimeTaskRemove) for tTimeTaskRemove
    startup_armcm3.o(RESET) refers to startup_armcm3.o(STACK) for __initial_sp
    startup_armcm3.o(RESET) refers to startup_armcm3.o(.text) for Reset_Handler
    startup_armcm3.o(RESET) refers to switch.o(.emb_text) for PendSV_Handler
    startup_armcm3.o(RESET) refers to time.o(i.SysTick_Handler) for SysTick_Handler
    startup_armcm3.o(.text) refers to system_armcm3.o(i.SystemInit) for SystemInit
    startup_armcm3.o(.text) refers to entry.o(.ARM.Collect$$$$00000000) for __main
    system_armcm3.o(i.SystemCoreClockUpdate) refers to system_armcm3.o(.data) for SystemCoreClock
    system_armcm3.o(i.SystemInit) refers to startup_armcm3.o(RESET) for __Vectors
    system_armcm3.o(i.SystemInit) refers to system_armcm3.o(.data) for SystemCoreClock
    entry.o(.ARM.Collect$$$$00000000) refers (Special) to entry10a.o(.ARM.Collect$$$$0000000F) for __rt_final_cpp
    entry.o(.ARM.Collect$$$$00000000) refers (Special) to entry11a.o(.ARM.Collect$$$$00000011) for __rt_final_exit
    entry.o(.ARM.Collect$$$$00000000) refers (Special) to entry12b.o(.ARM.Collect$$$$0000000E) for __rt_lib_shutdown_fini
    entry.o(.ARM.Collect$$$$00000000) refers (Special) to entry7b.o(.ARM.Collect$$$$00000008) for _main_clock
    entry.o(.ARM.Collect$$$$00000000) refers (Special) to entry8b.o(.ARM.Collect$$$$0000000A) for _main_cpp_init
    entry.o(.ARM.Collect$$$$00000000) refers (Special) to entry9a.o(.ARM.Collect$$$$0000000B) for _main_init
    entry.o(.ARM.Collect$$$$00000000) refers (Special) to entry5.o(.ARM.Collect$$$$00000004) for _main_scatterload
    entry.o(.ARM.Collect$$$$00000000) refers (Special) to entry2.o(.ARM.Collect$$$$00000001) for _main_stk
    entry2.o(.ARM.Collect$$$$00000001) refers to entry2.o(.ARM.Collect$$$$00002712) for __lit__00000000
    entry2.o(.ARM.Collect$$$$00002712) refers to startup_armcm3.o(STACK) for __initial_sp
    entry2.o(__vectab_stack_and_reset_area) refers to startup_armcm3.o(STACK) for __initial_sp
    entry2.o(__vectab_stack_and_reset_area) refers to entry.o(.ARM.Collect$$$$00000000) for __main
    entry5.o(.ARM.Collect$$$$00000004) refers to init.o(.text) for __scatterload
    entry9a.o(.ARM.Collect$$$$0000000B) refers to main.o(i.main) for main
    entry9b.o(.ARM.Collect$$$$0000000C) refers to main.o(i.main) for main
    init.o(.text) refers to entry5.o(.ARM.Collect$$$$00000004) for __main_after_scatterload


==============================================================================

Removing Unused input sections from the image.

    Removing main.o(.rev16_text), (4 bytes).
    Removing main.o(.revsh_text), (4 bytes).
    Removing main.o(.rrx_text), (6 bytes).
    Removing main.o(i.delay), (12 bytes).
    Removing switch.o(.rev16_text), (4 bytes).
    Removing switch.o(.revsh_text), (4 bytes).
    Removing switch.o(.rrx_text), (6 bytes).
    Removing switch.o(i.tTaskSchedDisable), (40 bytes).
    Removing switch.o(i.tTaskSchedEnable), (48 bytes).
    Removing time.o(.rev16_text), (4 bytes).
    Removing time.o(.revsh_text), (4 bytes).
    Removing time.o(.rrx_text), (6 bytes).
    Removing time.o(.data), (4 bytes).
    Removing primask.o(.rev16_text), (4 bytes).
    Removing primask.o(.revsh_text), (4 bytes).
    Removing primask.o(.rrx_text), (6 bytes).
    Removing tnode.o(i.tListInsertAfter), (20 bytes).
    Removing tnode.o(i.tListLast), (12 bytes).
    Removing tnode.o(i.tListNext), (16 bytes).
    Removing tnode.o(i.tListPre), (16 bytes).
    Removing tnode.o(i.tListRemoveAll), (32 bytes).
    Removing state.o(.rev16_text), (4 bytes).
    Removing state.o(.revsh_text), (4 bytes).
    Removing state.o(.rrx_text), (6 bytes).
    Removing state.o(i.tTaskGetInfo), (40 bytes).
    Removing state.o(i.tTaskSuspend), (68 bytes).
    Removing state.o(i.tTaskWakeUp), (52 bytes).
    Removing startup_armcm3.o(HEAP), (3072 bytes).
    Removing system_armcm3.o(.rev16_text), (4 bytes).
    Removing system_armcm3.o(.revsh_text), (4 bytes).
    Removing system_armcm3.o(.rrx_text), (6 bytes).
    Removing system_armcm3.o(i.SystemCoreClockUpdate), (16 bytes).

32 unused section(s) (total 3532 bytes) removed from the image.

==============================================================================

Image Symbol Table

    Local Symbols

    Symbol Name                              Value     Ov Type        Size  Object(Section)

    RESET                                    0x00000000   Section      960  startup_armcm3.o(RESET)
    ../clib/microlib/init/entry.s            0x00000000   Number         0  entry11a.o ABSOLUTE
    ../clib/microlib/init/entry.s            0x00000000   Number         0  entry10b.o ABSOLUTE
    ../clib/microlib/init/entry.s            0x00000000   Number         0  entry10a.o ABSOLUTE
    ../clib/microlib/init/entry.s            0x00000000   Number         0  entry.o ABSOLUTE
    ../clib/microlib/init/entry.s            0x00000000   Number         0  entry9b.o ABSOLUTE
    ../clib/microlib/init/entry.s            0x00000000   Number         0  entry2.o ABSOLUTE
    ../clib/microlib/init/entry.s            0x00000000   Number         0  entry5.o ABSOLUTE
    ../clib/microlib/init/entry.s            0x00000000   Number         0  entry7a.o ABSOLUTE
    ../clib/microlib/init/entry.s            0x00000000   Number         0  entry7b.o ABSOLUTE
    ../clib/microlib/init/entry.s            0x00000000   Number         0  entry8a.o ABSOLUTE
    ../clib/microlib/init/entry.s            0x00000000   Number         0  entry8b.o ABSOLUTE
    ../clib/microlib/init/entry.s            0x00000000   Number         0  entry12b.o ABSOLUTE
    ../clib/microlib/init/entry.s            0x00000000   Number         0  entry12a.o ABSOLUTE
    ../clib/microlib/init/entry.s            0x00000000   Number         0  entry11b.o ABSOLUTE
    ../clib/microlib/init/entry.s            0x00000000   Number         0  entry9a.o ABSOLUTE
    RTE\Device\ARMCM3\startup_ARMCM3.s       0x00000000   Number         0  startup_armcm3.o ABSOLUTE
    RTE\Device\ARMCM3\system_ARMCM3.c        0x00000000   Number         0  system_armcm3.o ABSOLUTE
    RTE\\Device\\ARMCM3\\system_ARMCM3.c     0x00000000   Number         0  system_armcm3.o ABSOLUTE
    Source\\main.c                           0x00000000   Number         0  main.o ABSOLUTE
    Source\\primask.c                        0x00000000   Number         0  primask.o ABSOLUTE
    Source\\state.c                          0x00000000   Number         0  state.o ABSOLUTE
    Source\\switch.c                         0x00000000   Number         0  switch.o ABSOLUTE
    Source\\time.c                           0x00000000   Number         0  time.o ABSOLUTE
    Source\main.c                            0x00000000   Number         0  main.o ABSOLUTE
    Source\primask.c                         0x00000000   Number         0  primask.o ABSOLUTE
    Source\state.c                           0x00000000   Number         0  state.o ABSOLUTE
    Source\switch.c                          0x00000000   Number         0  switch.o ABSOLUTE
    Source\tbitmap.c                         0x00000000   Number         0  tbitmap.o ABSOLUTE
    Source\time.c                            0x00000000   Number         0  time.o ABSOLUTE
    Source\tnode.c                           0x00000000   Number         0  tnode.o ABSOLUTE
    dc.s                                     0x00000000   Number         0  dc.o ABSOLUTE
    handlers.s                               0x00000000   Number         0  handlers.o ABSOLUTE
    init.s                                   0x00000000   Number         0  init.o ABSOLUTE
    .ARM.Collect$$$$00000000                 0x000003c0   Section        0  entry.o(.ARM.Collect$$$$00000000)
    .ARM.Collect$$$$00000001                 0x000003c0   Section        4  entry2.o(.ARM.Collect$$$$00000001)
    .ARM.Collect$$$$00000004                 0x000003c4   Section        4  entry5.o(.ARM.Collect$$$$00000004)
    .ARM.Collect$$$$00000008                 0x000003c8   Section        0  entry7b.o(.ARM.Collect$$$$00000008)
    .ARM.Collect$$$$0000000A                 0x000003c8   Section        0  entry8b.o(.ARM.Collect$$$$0000000A)
    .ARM.Collect$$$$0000000B                 0x000003c8   Section        8  entry9a.o(.ARM.Collect$$$$0000000B)
    .ARM.Collect$$$$0000000E                 0x000003d0   Section        4  entry12b.o(.ARM.Collect$$$$0000000E)
    .ARM.Collect$$$$0000000F                 0x000003d4   Section        0  entry10a.o(.ARM.Collect$$$$0000000F)
    .ARM.Collect$$$$00000011                 0x000003d4   Section        0  entry11a.o(.ARM.Collect$$$$00000011)
    .ARM.Collect$$$$00002712                 0x000003d4   Section        4  entry2.o(.ARM.Collect$$$$00002712)
    __lit__00000000                          0x000003d4   Data           4  entry2.o(.ARM.Collect$$$$00002712)
    .emb_text                                0x000003d8   Section       48  switch.o(.emb_text)
    .text                                    0x00000408   Section       56  startup_armcm3.o(.text)
    .text                                    0x00000440   Section       36  init.o(.text)
    i.SysTick_Handler                        0x00000464   Section        0  time.o(i.SysTick_Handler)
    i.SystemInit                             0x0000046c   Section        0  system_armcm3.o(i.SystemInit)
    i.__scatterload_copy                     0x0000048c   Section       14  handlers.o(i.__scatterload_copy)
    i.__scatterload_null                     0x0000049a   Section        2  handlers.o(i.__scatterload_null)
    i.__scatterload_zeroinit                 0x0000049c   Section       14  handlers.o(i.__scatterload_zeroinit)
    i.main                                   0x000004ac   Section        0  main.o(i.main)
    i.tBitmapClear                           0x00000564   Section        0  tbitmap.o(i.tBitmapClear)
    i.tBitmapCount                           0x00000570   Section        0  tbitmap.o(i.tBitmapCount)
    i.tBitmapGetFirstSet                     0x00000574   Section        0  tbitmap.o(i.tBitmapGetFirstSet)
    i.tBitmapInit                            0x000005d0   Section        0  tbitmap.o(i.tBitmapInit)
    i.tBitmapSet                             0x000005d6   Section        0  tbitmap.o(i.tBitmapSet)
    i.tListAddFirst                          0x000005e2   Section        0  tnode.o(i.tListAddFirst)
    i.tListAddLast                           0x000005fa   Section        0  tnode.o(i.tListAddLast)
    i.tListCount                             0x0000060e   Section        0  tnode.o(i.tListCount)
    i.tListFirst                             0x00000614   Section        0  tnode.o(i.tListFirst)
    i.tListInit                              0x00000620   Section        0  tnode.o(i.tListInit)
    i.tListRemove                            0x0000062a   Section        0  tnode.o(i.tListRemove)
    i.tListRemoveFirst                       0x0000063e   Section        0  tnode.o(i.tListRemoveFirst)
    i.tNodeInit                              0x00000658   Section        0  tnode.o(i.tNodeInit)
    i.tSetSysTickPeriod                      0x00000660   Section        0  time.o(i.tSetSysTickPeriod)
    i.tTaskDelay                             0x000006b8   Section        0  time.o(i.tTaskDelay)
    i.tTaskDelayedInit                       0x000006e4   Section        0  switch.o(i.tTaskDelayedInit)
    i.tTaskDeleteSelf                        0x000006f4   Section        0  state.o(i.tTaskDeleteSelf)
    i.tTaskEnterCritical                     0x0000072c   Section        0  primask.o(i.tTaskEnterCritical)
    i.tTaskExitCritical                      0x00000738   Section        0  primask.o(i.tTaskExitCritical)
    i.tTaskForceDelete                       0x00000744   Section        0  state.o(i.tTaskForceDelete)
    i.tTaskGetDelete                         0x00000790   Section        0  state.o(i.tTaskGetDelete)
    i.tTaskHighestReady                      0x000007b0   Section        0  switch.o(i.tTaskHighestReady)
    i.tTaskInit                              0x000007d8   Section        0  switch.o(i.tTaskInit)
    i.tTaskRequestDelete                     0x000008b0   Section        0  state.o(i.tTaskRequestDelete)
    i.tTaskRunFirst                          0x000008c8   Section        0  switch.o(i.tTaskRunFirst)
    i.tTaskSched                             0x000008e4   Section        0  switch.o(i.tTaskSched)
    i.tTaskSchedInit                         0x00000930   Section        0  switch.o(i.tTaskSchedInit)
    i.tTaskSchedLockInit                     0x00000964   Section        0  switch.o(i.tTaskSchedLockInit)
    i.tTaskSchedRdy                          0x00000970   Section        0  state.o(i.tTaskSchedRdy)
    i.tTaskSchedRemove                       0x00000998   Section        0  state.o(i.tTaskSchedRemove)
    i.tTaskSchedUnRdy                        0x000009d4   Section        0  state.o(i.tTaskSchedUnRdy)
    i.tTaskSetCleanFunc                      0x000009e0   Section        0  state.o(i.tTaskSetCleanFunc)
    i.tTaskSwitch                            0x000009e8   Section        0  switch.o(i.tTaskSwitch)
    i.tTaskSystemTickHandler                 0x000009f8   Section        0  time.o(i.tTaskSystemTickHandler)
    i.tTimeTaskRemove                        0x00000a9c   Section        0  state.o(i.tTimeTaskRemove)
    i.tTimeTaskWait                          0x00000ab0   Section        0  state.o(i.tTimeTaskWait)
    i.tTimeTaskWakeUp                        0x00000ad0   Section        0  state.o(i.tTimeTaskWakeUp)
    i.task1                                  0x00000ae4   Section        0  main.o(i.task1)
    i.task1DestroyFun                        0x00000b1c   Section        0  main.o(i.task1DestroyFun)
    i.task2                                  0x00000b28   Section        0  main.o(i.task2)
    i.task3                                  0x00000b58   Section        0  main.o(i.task3)
    i.task4                                  0x00000b88   Section        0  main.o(i.task4)
    i.taskIdle                               0x00000bb8   Section        0  main.o(i.taskIdle)
    .constdata                               0x00000bbc   Section      256  tbitmap.o(.constdata)
    quickFindTable                           0x00000bbc   Data         256  tbitmap.o(.constdata)
    .data                                    0x20000000   Section       20  main.o(.data)
    .data                                    0x20000014   Section       20  switch.o(.data)
    .data                                    0x20000028   Section        4  system_armcm3.o(.data)
    .bss                                     0x2000002c   Section    20740  main.o(.bss)
    .bss                                     0x20005130   Section      396  switch.o(.bss)
    STACK                                    0x200052c0   Section     1024  startup_armcm3.o(STACK)

    Global Symbols

    Symbol Name                              Value     Ov Type        Size  Object(Section)

    BuildAttributes$$THM_ISAv4$P$D$K$B$S$PE$A:L22UL41UL21$X:L11$S22US41US21$IEEE1$IW$USESV6$~STKCKD$USESV7$~SHL$OSPACE$EBA8$MICROLIB$REQ8$PRES8$EABIv2 0x00000000   Number         0  anon$$obj.o ABSOLUTE
    __ARM_use_no_argv                        0x00000000   Number         0  main.o ABSOLUTE
    __Vectors                                0x00000000   Data           4  startup_armcm3.o(RESET)
    __arm_fini_                               - Undefined Weak Reference
    __cpp_initialize__aeabi_                  - Undefined Weak Reference
    __cxa_finalize                            - Undefined Weak Reference
    __decompress                              - Undefined Weak Reference
    _clock_init                               - Undefined Weak Reference
    _microlib_exit                            - Undefined Weak Reference
    __Vectors_End                            0x000003c0   Data           0  startup_armcm3.o(RESET)
    __Vectors_Size                           0x000003c0   Number         0  startup_armcm3.o ABSOLUTE
    __main                                   0x000003c1   Thumb Code     0  entry.o(.ARM.Collect$$$$00000000)
    _main_stk                                0x000003c1   Thumb Code     0  entry2.o(.ARM.Collect$$$$00000001)
    _main_scatterload                        0x000003c5   Thumb Code     0  entry5.o(.ARM.Collect$$$$00000004)
    __main_after_scatterload                 0x000003c9   Thumb Code     0  entry5.o(.ARM.Collect$$$$00000004)
    _main_clock                              0x000003c9   Thumb Code     0  entry7b.o(.ARM.Collect$$$$00000008)
    _main_cpp_init                           0x000003c9   Thumb Code     0  entry8b.o(.ARM.Collect$$$$0000000A)
    _main_init                               0x000003c9   Thumb Code     0  entry9a.o(.ARM.Collect$$$$0000000B)
    __rt_lib_shutdown_fini                   0x000003d1   Thumb Code     0  entry12b.o(.ARM.Collect$$$$0000000E)
    __rt_final_cpp                           0x000003d5   Thumb Code     0  entry10a.o(.ARM.Collect$$$$0000000F)
    __rt_final_exit                          0x000003d5   Thumb Code     0  entry11a.o(.ARM.Collect$$$$00000011)
    PendSV_Handler                           0x000003d9   Thumb Code    40  switch.o(.emb_text)
    Reset_Handler                            0x00000409   Thumb Code     8  startup_armcm3.o(.text)
    HardFault_Handler                        0x00000411   Thumb Code     2  startup_armcm3.o(.text)
    NMI_Handler                              0x00000413   Thumb Code     2  startup_armcm3.o(.text)
    MemManage_Handler                        0x00000415   Thumb Code     2  startup_armcm3.o(.text)
    BusFault_Handler                         0x00000417   Thumb Code     2  startup_armcm3.o(.text)
    UsageFault_Handler                       0x00000419   Thumb Code     2  startup_armcm3.o(.text)
    SVC_Handler                              0x0000041b   Thumb Code     2  startup_armcm3.o(.text)
    DebugMon_Handler                         0x0000041d   Thumb Code     2  startup_armcm3.o(.text)
    Interrupt0_Handler                       0x00000423   Thumb Code     2  startup_armcm3.o(.text)
    Interrupt1_Handler                       0x00000425   Thumb Code     2  startup_armcm3.o(.text)
    Interrupt2_Handler                       0x00000427   Thumb Code     2  startup_armcm3.o(.text)
    Interrupt3_Handler                       0x00000429   Thumb Code     2  startup_armcm3.o(.text)
    Interrupt4_Handler                       0x0000042b   Thumb Code     2  startup_armcm3.o(.text)
    Interrupt5_Handler                       0x0000042d   Thumb Code     2  startup_armcm3.o(.text)
    Interrupt6_Handler                       0x0000042f   Thumb Code     2  startup_armcm3.o(.text)
    Interrupt7_Handler                       0x00000431   Thumb Code     2  startup_armcm3.o(.text)
    Interrupt8_Handler                       0x00000433   Thumb Code     2  startup_armcm3.o(.text)
    Interrupt9_Handler                       0x00000435   Thumb Code     2  startup_armcm3.o(.text)
    __scatterload                            0x00000441   Thumb Code    28  init.o(.text)
    __scatterload_rt2                        0x00000441   Thumb Code     0  init.o(.text)
    SysTick_Handler                          0x00000465   Thumb Code     8  time.o(i.SysTick_Handler)
    SystemInit                               0x0000046d   Thumb Code    14  system_armcm3.o(i.SystemInit)
    __scatterload_copy                       0x0000048d   Thumb Code    14  handlers.o(i.__scatterload_copy)
    __scatterload_null                       0x0000049b   Thumb Code     2  handlers.o(i.__scatterload_null)
    __scatterload_zeroinit                   0x0000049d   Thumb Code    14  handlers.o(i.__scatterload_zeroinit)
    main                                     0x000004ad   Thumb Code   114  main.o(i.main)
    tBitmapClear                             0x00000565   Thumb Code    12  tbitmap.o(i.tBitmapClear)
    tBitmapCount                             0x00000571   Thumb Code     4  tbitmap.o(i.tBitmapCount)
    tBitmapGetFirstSet                       0x00000575   Thumb Code    86  tbitmap.o(i.tBitmapGetFirstSet)
    tBitmapInit                              0x000005d1   Thumb Code     6  tbitmap.o(i.tBitmapInit)
    tBitmapSet                               0x000005d7   Thumb Code    12  tbitmap.o(i.tBitmapSet)
    tListAddFirst                            0x000005e3   Thumb Code    24  tnode.o(i.tListAddFirst)
    tListAddLast                             0x000005fb   Thumb Code    20  tnode.o(i.tListAddLast)
    tListCount                               0x0000060f   Thumb Code     6  tnode.o(i.tListCount)
    tListFirst                               0x00000615   Thumb Code    12  tnode.o(i.tListFirst)
    tListInit                                0x00000621   Thumb Code    10  tnode.o(i.tListInit)
    tListRemove                              0x0000062b   Thumb Code    20  tnode.o(i.tListRemove)
    tListRemoveFirst                         0x0000063f   Thumb Code    26  tnode.o(i.tListRemoveFirst)
    tNodeInit                                0x00000659   Thumb Code     6  tnode.o(i.tNodeInit)
    tSetSysTickPeriod                        0x00000661   Thumb Code    74  time.o(i.tSetSysTickPeriod)
    tTaskDelay                               0x000006b9   Thumb Code    40  time.o(i.tTaskDelay)
    tTaskDelayedInit                         0x000006e5   Thumb Code    10  switch.o(i.tTaskDelayedInit)
    tTaskDeleteSelf                          0x000006f5   Thumb Code    50  state.o(i.tTaskDeleteSelf)
    tTaskEnterCritical                       0x0000072d   Thumb Code    12  primask.o(i.tTaskEnterCritical)
    tTaskExitCritical                        0x00000739   Thumb Code    10  primask.o(i.tTaskExitCritical)
    tTaskForceDelete                         0x00000745   Thumb Code    70  state.o(i.tTaskForceDelete)
    tTaskGetDelete                           0x00000791   Thumb Code    26  state.o(i.tTaskGetDelete)
    tTaskHighestReady                        0x000007b1   Thumb Code    30  switch.o(i.tTaskHighestReady)
    tTaskInit                                0x000007d9   Thumb Code   208  switch.o(i.tTaskInit)
    tTaskRequestDelete                       0x000008b1   Thumb Code    24  state.o(i.tTaskRequestDelete)
    tTaskRunFirst                            0x000008c9   Thumb Code    24  switch.o(i.tTaskRunFirst)
    tTaskSched                               0x000008e5   Thumb Code    62  switch.o(i.tTaskSched)
    tTaskSchedInit                           0x00000931   Thumb Code    42  switch.o(i.tTaskSchedInit)
    tTaskSchedLockInit                       0x00000965   Thumb Code     8  switch.o(i.tTaskSchedLockInit)
    tTaskSchedRdy                            0x00000971   Thumb Code    32  state.o(i.tTaskSchedRdy)
    tTaskSchedRemove                         0x00000999   Thumb Code    50  state.o(i.tTaskSchedRemove)
    tTaskSchedUnRdy                          0x000009d5   Thumb Code    12  state.o(i.tTaskSchedUnRdy)
    tTaskSetCleanFunc                        0x000009e1   Thumb Code     6  state.o(i.tTaskSetCleanFunc)
    tTaskSwitch                              0x000009e9   Thumb Code    10  switch.o(i.tTaskSwitch)
    tTaskSystemTickHandler                   0x000009f9   Thumb Code   150  time.o(i.tTaskSystemTickHandler)
    tTimeTaskRemove                          0x00000a9d   Thumb Code    16  state.o(i.tTimeTaskRemove)
    tTimeTaskWait                            0x00000ab1   Thumb Code    28  state.o(i.tTimeTaskWait)
    tTimeTaskWakeUp                          0x00000ad1   Thumb Code    20  state.o(i.tTimeTaskWakeUp)
    task1                                    0x00000ae5   Thumb Code    44  main.o(i.task1)
    task1DestroyFun                          0x00000b1d   Thumb Code     8  main.o(i.task1DestroyFun)
    task2                                    0x00000b29   Thumb Code    40  main.o(i.task2)
    task3                                    0x00000b59   Thumb Code    42  main.o(i.task3)
    task4                                    0x00000b89   Thumb Code    40  main.o(i.task4)
    taskIdle                                 0x00000bb9   Thumb Code     4  main.o(i.taskIdle)
    Region$$Table$$Base                      0x00000cbc   Number         0  anon$$obj.o(Region$$Table)
    Region$$Table$$Limit                     0x00000cdc   Number         0  anon$$obj.o(Region$$Table)
    flag1                                    0x20000000   Data           4  main.o(.data)
    flag2                                    0x20000004   Data           4  main.o(.data)
    flag3                                    0x20000008   Data           4  main.o(.data)
    flag4                                    0x2000000c   Data           4  main.o(.data)
    ShareCount                               0x20000010   Data           4  main.o(.data)
    currentTask                              0x20000014   Data           4  switch.o(.data)
    nextTask                                 0x20000018   Data           4  switch.o(.data)
    IdleTask                                 0x2000001c   Data           4  switch.o(.data)
    schedLockCount                           0x20000020   Data           1  switch.o(.data)
    taskPrioBitmap                           0x20000024   Data           4  switch.o(.data)
    SystemCoreClock                          0x20000028   Data           4  system_armcm3.o(.data)
    tTask1                                   0x2000002c   Data          52  main.o(.bss)
    tTask2                                   0x20000060   Data          52  main.o(.bss)
    tTask3                                   0x20000094   Data          52  main.o(.bss)
    tTask4                                   0x200000c8   Data          52  main.o(.bss)
    tTaskIdle                                0x200000fc   Data          52  main.o(.bss)
    task1Env                                 0x20000130   Data        4096  main.o(.bss)
    task2Env                                 0x20001130   Data        4096  main.o(.bss)
    task3Env                                 0x20002130   Data        4096  main.o(.bss)
    task4Env                                 0x20003130   Data        4096  main.o(.bss)
    taskIdleEnv                              0x20004130   Data        4096  main.o(.bss)
    taskTable                                0x20005130   Data         384  switch.o(.bss)
    tTaskDelayedList                         0x200052b0   Data          12  switch.o(.bss)
    __stack_limit                            0x200052c0   Data           0  startup_armcm3.o(STACK)
    __initial_sp                             0x200056c0   Data           0  startup_armcm3.o(STACK)



==============================================================================

Memory Map of the image

  Image Entry point : 0x000003c1

  Load Region LR_IROM1 (Base: 0x00000000, Size: 0x00000d08, Max: 0x00040000, ABSOLUTE)

    Execution Region ER_IROM1 (Exec base: 0x00000000, Load base: 0x00000000, Size: 0x00000cdc, Max: 0x00040000, ABSOLUTE)

    Exec Addr    Load Addr    Size         Type   Attr      Idx    E Section Name        Object

    0x00000000   0x00000000   0x000003c0   Data   RO          523    RESET               startup_armcm3.o
    0x000003c0   0x000003c0   0x00000000   Code   RO          565  * .ARM.Collect$$$$00000000  mc_w.l(entry.o)
    0x000003c0   0x000003c0   0x00000004   Code   RO          568    .ARM.Collect$$$$00000001  mc_w.l(entry2.o)
    0x000003c4   0x000003c4   0x00000004   Code   RO          571    .ARM.Collect$$$$00000004  mc_w.l(entry5.o)
    0x000003c8   0x000003c8   0x00000000   Code   RO          573    .ARM.Collect$$$$00000008  mc_w.l(entry7b.o)
    0x000003c8   0x000003c8   0x00000000   Code   RO          575    .ARM.Collect$$$$0000000A  mc_w.l(entry8b.o)
    0x000003c8   0x000003c8   0x00000008   Code   RO          576    .ARM.Collect$$$$0000000B  mc_w.l(entry9a.o)
    0x000003d0   0x000003d0   0x00000004   Code   RO          583    .ARM.Collect$$$$0000000E  mc_w.l(entry12b.o)
    0x000003d4   0x000003d4   0x00000000   Code   RO          578    .ARM.Collect$$$$0000000F  mc_w.l(entry10a.o)
    0x000003d4   0x000003d4   0x00000000   Code   RO          580    .ARM.Collect$$$$00000011  mc_w.l(entry11a.o)
    0x000003d4   0x000003d4   0x00000004   Code   RO          569    .ARM.Collect$$$$00002712  mc_w.l(entry2.o)
    0x000003d8   0x000003d8   0x00000030   Code   RO          123    .emb_text           switch.o
    0x00000408   0x00000408   0x00000038   Code   RO          524    .text               startup_armcm3.o
    0x00000440   0x00000440   0x00000024   Code   RO          584    .text               mc_w.l(init.o)
    0x00000464   0x00000464   0x00000008   Code   RO          215    i.SysTick_Handler   time.o
    0x0000046c   0x0000046c   0x00000020   Code   RO          532    i.SystemInit        system_armcm3.o
    0x0000048c   0x0000048c   0x0000000e   Code   RO          588    i.__scatterload_copy  mc_w.l(handlers.o)
    0x0000049a   0x0000049a   0x00000002   Code   RO          589    i.__scatterload_null  mc_w.l(handlers.o)
    0x0000049c   0x0000049c   0x0000000e   Code   RO          590    i.__scatterload_zeroinit  mc_w.l(handlers.o)
    0x000004aa   0x000004aa   0x00000002   PAD
    0x000004ac   0x000004ac   0x000000b8   Code   RO            5    i.main              main.o
    0x00000564   0x00000564   0x0000000c   Code   RO          381    i.tBitmapClear      tbitmap.o
    0x00000570   0x00000570   0x00000004   Code   RO          382    i.tBitmapCount      tbitmap.o
    0x00000574   0x00000574   0x0000005c   Code   RO          383    i.tBitmapGetFirstSet  tbitmap.o
    0x000005d0   0x000005d0   0x00000006   Code   RO          384    i.tBitmapInit       tbitmap.o
    0x000005d6   0x000005d6   0x0000000c   Code   RO          385    i.tBitmapSet        tbitmap.o
    0x000005e2   0x000005e2   0x00000018   Code   RO          297    i.tListAddFirst     tnode.o
    0x000005fa   0x000005fa   0x00000014   Code   RO          298    i.tListAddLast      tnode.o
    0x0000060e   0x0000060e   0x00000006   Code   RO          299    i.tListCount        tnode.o
    0x00000614   0x00000614   0x0000000c   Code   RO          300    i.tListFirst        tnode.o
    0x00000620   0x00000620   0x0000000a   Code   RO          301    i.tListInit         tnode.o
    0x0000062a   0x0000062a   0x00000014   Code   RO          306    i.tListRemove       tnode.o
    0x0000063e   0x0000063e   0x0000001a   Code   RO          308    i.tListRemoveFirst  tnode.o
    0x00000658   0x00000658   0x00000006   Code   RO          309    i.tNodeInit         tnode.o
    0x0000065e   0x0000065e   0x00000002   PAD
    0x00000660   0x00000660   0x00000058   Code   RO          216    i.tSetSysTickPeriod  time.o
    0x000006b8   0x000006b8   0x0000002c   Code   RO          217    i.tTaskDelay        time.o
    0x000006e4   0x000006e4   0x00000010   Code   RO          124    i.tTaskDelayedInit  switch.o
    0x000006f4   0x000006f4   0x00000038   Code   RO          422    i.tTaskDeleteSelf   state.o
    0x0000072c   0x0000072c   0x0000000c   Code   RO          267    i.tTaskEnterCritical  primask.o
    0x00000738   0x00000738   0x0000000a   Code   RO          268    i.tTaskExitCritical  primask.o
    0x00000742   0x00000742   0x00000002   PAD
    0x00000744   0x00000744   0x0000004c   Code   RO          423    i.tTaskForceDelete  state.o
    0x00000790   0x00000790   0x00000020   Code   RO          424    i.tTaskGetDelete    state.o
    0x000007b0   0x000007b0   0x00000028   Code   RO          125    i.tTaskHighestReady  switch.o
    0x000007d8   0x000007d8   0x000000d8   Code   RO          126    i.tTaskInit         switch.o
    0x000008b0   0x000008b0   0x00000018   Code   RO          426    i.tTaskRequestDelete  state.o
    0x000008c8   0x000008c8   0x0000001c   Code   RO          127    i.tTaskRunFirst     switch.o
    0x000008e4   0x000008e4   0x0000004c   Code   RO          128    i.tTaskSched        switch.o
    0x00000930   0x00000930   0x00000034   Code   RO          131    i.tTaskSchedInit    switch.o
    0x00000964   0x00000964   0x0000000c   Code   RO          132    i.tTaskSchedLockInit  switch.o
    0x00000970   0x00000970   0x00000028   Code   RO          427    i.tTaskSchedRdy     state.o
    0x00000998   0x00000998   0x0000003c   Code   RO          428    i.tTaskSchedRemove  state.o
    0x000009d4   0x000009d4   0x0000000c   Code   RO          429    i.tTaskSchedUnRdy   state.o
    0x000009e0   0x000009e0   0x00000006   Code   RO          430    i.tTaskSetCleanFunc  state.o
    0x000009e6   0x000009e6   0x00000002   PAD
    0x000009e8   0x000009e8   0x00000010   Code   RO          133    i.tTaskSwitch       switch.o
    0x000009f8   0x000009f8   0x000000a4   Code   RO          218    i.tTaskSystemTickHandler  time.o
    0x00000a9c   0x00000a9c   0x00000014   Code   RO          433    i.tTimeTaskRemove   state.o
    0x00000ab0   0x00000ab0   0x00000020   Code   RO          434    i.tTimeTaskWait     state.o
    0x00000ad0   0x00000ad0   0x00000014   Code   RO          435    i.tTimeTaskWakeUp   state.o
    0x00000ae4   0x00000ae4   0x00000038   Code   RO            6    i.task1             main.o
    0x00000b1c   0x00000b1c   0x0000000c   Code   RO            7    i.task1DestroyFun   main.o
    0x00000b28   0x00000b28   0x00000030   Code   RO            8    i.task2             main.o
    0x00000b58   0x00000b58   0x00000030   Code   RO            9    i.task3             main.o
    0x00000b88   0x00000b88   0x00000030   Code   RO           10    i.task4             main.o
    0x00000bb8   0x00000bb8   0x00000004   Code   RO           11    i.taskIdle          main.o
    0x00000bbc   0x00000bbc   0x00000100   Data   RO          386    .constdata          tbitmap.o
    0x00000cbc   0x00000cbc   0x00000020   Data   RO          586    Region$$Table       anon$$obj.o


    Execution Region RW_IRAM1 (Exec base: 0x20000000, Load base: 0x00000cdc, Size: 0x000056c0, Max: 0x00020000, ABSOLUTE)

    Exec Addr    Load Addr    Size         Type   Attr      Idx    E Section Name        Object

    0x20000000   0x00000cdc   0x00000014   Data   RW           13    .data               main.o
    0x20000014   0x00000cf0   0x00000014   Data   RW          135    .data               switch.o
    0x20000028   0x00000d04   0x00000004   Data   RW          533    .data               system_armcm3.o
    0x2000002c        -       0x00005104   Zero   RW           12    .bss                main.o
    0x20005130        -       0x0000018c   Zero   RW          134    .bss                switch.o
    0x200052bc   0x00000d08   0x00000004   PAD
    0x200052c0        -       0x00000400   Zero   RW          521    STACK               startup_armcm3.o


==============================================================================

Image component sizes


      Code (inc. data)   RO Data    RW Data    ZI Data      Debug   Object Name

       400        108          0         20      20740      11241   main.o
        22          0          0          0          0       4845   primask.o
        56         10        960          0       1024       1152   startup_armcm3.o
       378         44          0          0          0       5204   state.o
       504         70          0         20        396       9809   switch.o
        32         18          0          4          0        623   system_armcm3.o
       126          6        256          0          0       2654   tbitmap.o
       304         32          0          0          0      29275   time.o
       124          0          0          0          0       3818   tnode.o

    ----------------------------------------------------------------------
      1952        288       1248         44      22164      68621   Object Totals
         0          0         32          0          0          0   (incl. Generated)
         6          0          0          0          4          0   (incl. Padding)

    ----------------------------------------------------------------------

      Code (inc. data)   RO Data    RW Data    ZI Data      Debug   Library Member Name

         0          0          0          0          0          0   entry.o
         0          0          0          0          0          0   entry10a.o
         0          0          0          0          0          0   entry11a.o
         4          0          0          0          0          0   entry12b.o
         8          4          0          0          0          0   entry2.o
         4          0          0          0          0          0   entry5.o
         0          0          0          0          0          0   entry7b.o
         0          0          0          0          0          0   entry8b.o
         8          4          0          0          0          0   entry9a.o
        30          0          0          0          0          0   handlers.o
        36          8          0          0          0         68   init.o

    ----------------------------------------------------------------------
        92         16          0          0          0         68   Library Totals
         2          0          0          0          0          0   (incl. Padding)

    ----------------------------------------------------------------------

      Code (inc. data)   RO Data    RW Data    ZI Data      Debug   Library Name

        90         16          0          0          0         68   mc_w.l

    ----------------------------------------------------------------------
        92         16          0          0          0         68   Library Totals

    ----------------------------------------------------------------------

==============================================================================


      Code (inc. data)   RO Data    RW Data    ZI Data      Debug   

      2044        304       1248         44      22164      66605   Grand Totals
      2044        304       1248         44      22164      66605   ELF Image Totals
      2044        304       1248         44          0          0   ROM Totals

==============================================================================

    Total RO  Size (Code + RO Data)                 3292 (   3.21kB)
    Total RW  Size (RW Data + ZI Data)             22208 (  21.69kB)
    Total ROM Size (Code + RO Data + RW Data)       3336 (   3.26kB)

==============================================================================

