<!doctype html public "-//w3c//dtd html 4.0 transitional//en">
<html><head>
<title>Static Call Graph - [.\Objects\MyRTOS.axf]</title></head>
<body><HR>
<H1>Static Call Graph for image .\Objects\MyRTOS.axf</H1><HR>
<BR><P>#&#060CALLGRAPH&#062# ARM Linker, 5060960: Last Updated: Sat Nov 25 19:17:26 2023
<BR><P>
<H3>Maximum Stack Usage =         20 bytes + Unknown(Cycles, Untraceable Function Pointers)</H3><H3>
Call chain for Maximum Stack Depth:</H3>
SysTick_Handler &rArr; tTaskSystemTickHandler &rArr; tTaskSched
<P>
<H3>
Mutually Recursive functions
</H3> <LI><a href="#[2]">HardFault_Handler</a>&nbsp;&nbsp;&nbsp;&rArr;&nbsp;&nbsp;&nbsp;<a href="#[2]">HardFault_Handler</a><BR>
 <LI><a href="#[1]">NMI_Handler</a>&nbsp;&nbsp;&nbsp;&rArr;&nbsp;&nbsp;&nbsp;<a href="#[1]">NMI_Handler</a><BR>
 <LI><a href="#[3]">MemManage_Handler</a>&nbsp;&nbsp;&nbsp;&rArr;&nbsp;&nbsp;&nbsp;<a href="#[3]">MemManage_Handler</a><BR>
 <LI><a href="#[4]">BusFault_Handler</a>&nbsp;&nbsp;&nbsp;&rArr;&nbsp;&nbsp;&nbsp;<a href="#[4]">BusFault_Handler</a><BR>
 <LI><a href="#[5]">UsageFault_Handler</a>&nbsp;&nbsp;&nbsp;&rArr;&nbsp;&nbsp;&nbsp;<a href="#[5]">UsageFault_Handler</a><BR>
 <LI><a href="#[6]">SVC_Handler</a>&nbsp;&nbsp;&nbsp;&rArr;&nbsp;&nbsp;&nbsp;<a href="#[6]">SVC_Handler</a><BR>
 <LI><a href="#[7]">DebugMon_Handler</a>&nbsp;&nbsp;&nbsp;&rArr;&nbsp;&nbsp;&nbsp;<a href="#[7]">DebugMon_Handler</a><BR>
 <LI><a href="#[a]">Interrupt0_Handler</a>&nbsp;&nbsp;&nbsp;&rArr;&nbsp;&nbsp;&nbsp;<a href="#[a]">Interrupt0_Handler</a><BR>
 <LI><a href="#[b]">Interrupt1_Handler</a>&nbsp;&nbsp;&nbsp;&rArr;&nbsp;&nbsp;&nbsp;<a href="#[b]">Interrupt1_Handler</a><BR>
 <LI><a href="#[c]">Interrupt2_Handler</a>&nbsp;&nbsp;&nbsp;&rArr;&nbsp;&nbsp;&nbsp;<a href="#[c]">Interrupt2_Handler</a><BR>
 <LI><a href="#[d]">Interrupt3_Handler</a>&nbsp;&nbsp;&nbsp;&rArr;&nbsp;&nbsp;&nbsp;<a href="#[d]">Interrupt3_Handler</a><BR>
 <LI><a href="#[e]">Interrupt4_Handler</a>&nbsp;&nbsp;&nbsp;&rArr;&nbsp;&nbsp;&nbsp;<a href="#[e]">Interrupt4_Handler</a><BR>
 <LI><a href="#[f]">Interrupt5_Handler</a>&nbsp;&nbsp;&nbsp;&rArr;&nbsp;&nbsp;&nbsp;<a href="#[f]">Interrupt5_Handler</a><BR>
 <LI><a href="#[10]">Interrupt6_Handler</a>&nbsp;&nbsp;&nbsp;&rArr;&nbsp;&nbsp;&nbsp;<a href="#[10]">Interrupt6_Handler</a><BR>
 <LI><a href="#[11]">Interrupt7_Handler</a>&nbsp;&nbsp;&nbsp;&rArr;&nbsp;&nbsp;&nbsp;<a href="#[11]">Interrupt7_Handler</a><BR>
 <LI><a href="#[12]">Interrupt8_Handler</a>&nbsp;&nbsp;&nbsp;&rArr;&nbsp;&nbsp;&nbsp;<a href="#[12]">Interrupt8_Handler</a><BR>
 <LI><a href="#[13]">Interrupt9_Handler</a>&nbsp;&nbsp;&nbsp;&rArr;&nbsp;&nbsp;&nbsp;<a href="#[13]">Interrupt9_Handler</a><BR>
</UL>
<P>
<H3>
Function Pointers
</H3><UL>
 <LI><a href="#[4]">BusFault_Handler</a> from startup_armcm3.o(.text) referenced from startup_armcm3.o(RESET)
 <LI><a href="#[7]">DebugMon_Handler</a> from startup_armcm3.o(.text) referenced from startup_armcm3.o(RESET)
 <LI><a href="#[2]">HardFault_Handler</a> from startup_armcm3.o(.text) referenced from startup_armcm3.o(RESET)
 <LI><a href="#[a]">Interrupt0_Handler</a> from startup_armcm3.o(.text) referenced from startup_armcm3.o(RESET)
 <LI><a href="#[b]">Interrupt1_Handler</a> from startup_armcm3.o(.text) referenced from startup_armcm3.o(RESET)
 <LI><a href="#[c]">Interrupt2_Handler</a> from startup_armcm3.o(.text) referenced from startup_armcm3.o(RESET)
 <LI><a href="#[d]">Interrupt3_Handler</a> from startup_armcm3.o(.text) referenced from startup_armcm3.o(RESET)
 <LI><a href="#[e]">Interrupt4_Handler</a> from startup_armcm3.o(.text) referenced from startup_armcm3.o(RESET)
 <LI><a href="#[f]">Interrupt5_Handler</a> from startup_armcm3.o(.text) referenced from startup_armcm3.o(RESET)
 <LI><a href="#[10]">Interrupt6_Handler</a> from startup_armcm3.o(.text) referenced from startup_armcm3.o(RESET)
 <LI><a href="#[11]">Interrupt7_Handler</a> from startup_armcm3.o(.text) referenced from startup_armcm3.o(RESET)
 <LI><a href="#[12]">Interrupt8_Handler</a> from startup_armcm3.o(.text) referenced from startup_armcm3.o(RESET)
 <LI><a href="#[13]">Interrupt9_Handler</a> from startup_armcm3.o(.text) referenced from startup_armcm3.o(RESET)
 <LI><a href="#[3]">MemManage_Handler</a> from startup_armcm3.o(.text) referenced from startup_armcm3.o(RESET)
 <LI><a href="#[1]">NMI_Handler</a> from startup_armcm3.o(.text) referenced from startup_armcm3.o(RESET)
 <LI><a href="#[8]">PendSV_Handler</a> from switch.o(.emb_text) referenced from startup_armcm3.o(RESET)
 <LI><a href="#[0]">Reset_Handler</a> from startup_armcm3.o(.text) referenced from startup_armcm3.o(RESET)
 <LI><a href="#[6]">SVC_Handler</a> from startup_armcm3.o(.text) referenced from startup_armcm3.o(RESET)
 <LI><a href="#[9]">SysTick_Handler</a> from time.o(i.SysTick_Handler) referenced from startup_armcm3.o(RESET)
 <LI><a href="#[15]">SystemInit</a> from system_armcm3.o(i.SystemInit) referenced from startup_armcm3.o(.text)
 <LI><a href="#[5]">UsageFault_Handler</a> from startup_armcm3.o(.text) referenced from startup_armcm3.o(RESET)
 <LI><a href="#[16]">__main</a> from entry.o(.ARM.Collect$$$$00000000) referenced from startup_armcm3.o(.text)
 <LI><a href="#[14]">main</a> from main.o(i.main) referenced from entry9a.o(.ARM.Collect$$$$0000000B)
 <LI><a href="#[17]">task1</a> from main.o(i.task1) referenced from main.o(i.main)
 <LI><a href="#[18]">task2</a> from main.o(i.task2) referenced from main.o(i.main)
 <LI><a href="#[19]">taskIdle</a> from main.o(i.taskIdle) referenced from main.o(i.main)
</UL>
<P>
<H3>
Global Symbols
</H3>
<P><STRONG><a name="[16]"></a>__main</STRONG> (Thumb, 0 bytes, Stack size unknown bytes, entry.o(.ARM.Collect$$$$00000000))
<BR>[Address Reference Count : 1]<UL><LI> startup_armcm3.o(.text)
</UL>
<P><STRONG><a name="[24]"></a>_main_stk</STRONG> (Thumb, 0 bytes, Stack size unknown bytes, entry2.o(.ARM.Collect$$$$00000001))

<P><STRONG><a name="[1a]"></a>_main_scatterload</STRONG> (Thumb, 0 bytes, Stack size unknown bytes, entry5.o(.ARM.Collect$$$$00000004))
<BR><BR>[Calls]<UL><LI><a href="#[1b]">&gt;&gt;</a>&nbsp;&nbsp;&nbsp;__scatterload
</UL>

<P><STRONG><a name="[1c]"></a>__main_after_scatterload</STRONG> (Thumb, 0 bytes, Stack size unknown bytes, entry5.o(.ARM.Collect$$$$00000004))
<BR><BR>[Called By]<UL><LI><a href="#[1b]">&gt;&gt;</a>&nbsp;&nbsp;&nbsp;__scatterload
</UL>

<P><STRONG><a name="[25]"></a>_main_clock</STRONG> (Thumb, 0 bytes, Stack size unknown bytes, entry7b.o(.ARM.Collect$$$$00000008))

<P><STRONG><a name="[26]"></a>_main_cpp_init</STRONG> (Thumb, 0 bytes, Stack size unknown bytes, entry8b.o(.ARM.Collect$$$$0000000A))

<P><STRONG><a name="[27]"></a>_main_init</STRONG> (Thumb, 0 bytes, Stack size unknown bytes, entry9a.o(.ARM.Collect$$$$0000000B))

<P><STRONG><a name="[28]"></a>__rt_lib_shutdown_fini</STRONG> (Thumb, 0 bytes, Stack size unknown bytes, entry12b.o(.ARM.Collect$$$$0000000E))

<P><STRONG><a name="[29]"></a>__rt_final_cpp</STRONG> (Thumb, 0 bytes, Stack size unknown bytes, entry10a.o(.ARM.Collect$$$$0000000F))

<P><STRONG><a name="[2a]"></a>__rt_final_exit</STRONG> (Thumb, 0 bytes, Stack size unknown bytes, entry11a.o(.ARM.Collect$$$$00000011))

<P><STRONG><a name="[8]"></a>PendSV_Handler</STRONG> (Thumb, 40 bytes, Stack size 0 bytes, switch.o(.emb_text))
<BR>[Address Reference Count : 1]<UL><LI> startup_armcm3.o(RESET)
</UL>
<P><STRONG><a name="[0]"></a>Reset_Handler</STRONG> (Thumb, 8 bytes, Stack size 0 bytes, startup_armcm3.o(.text))
<BR>[Address Reference Count : 1]<UL><LI> startup_armcm3.o(RESET)
</UL>
<P><STRONG><a name="[2]"></a>HardFault_Handler</STRONG> (Thumb, 2 bytes, Stack size 0 bytes, startup_armcm3.o(.text))
<BR><BR>[Calls]<UL><LI><a href="#[2]">&gt;&gt;</a>&nbsp;&nbsp;&nbsp;HardFault_Handler
</UL>
<BR>[Called By]<UL><LI><a href="#[2]">&gt;&gt;</a>&nbsp;&nbsp;&nbsp;HardFault_Handler
</UL>
<BR>[Address Reference Count : 1]<UL><LI> startup_armcm3.o(RESET)
</UL>
<P><STRONG><a name="[1]"></a>NMI_Handler</STRONG> (Thumb, 2 bytes, Stack size 0 bytes, startup_armcm3.o(.text))
<BR><BR>[Calls]<UL><LI><a href="#[1]">&gt;&gt;</a>&nbsp;&nbsp;&nbsp;NMI_Handler
</UL>
<BR>[Called By]<UL><LI><a href="#[1]">&gt;&gt;</a>&nbsp;&nbsp;&nbsp;NMI_Handler
</UL>
<BR>[Address Reference Count : 1]<UL><LI> startup_armcm3.o(RESET)
</UL>
<P><STRONG><a name="[3]"></a>MemManage_Handler</STRONG> (Thumb, 2 bytes, Stack size 0 bytes, startup_armcm3.o(.text))
<BR><BR>[Calls]<UL><LI><a href="#[3]">&gt;&gt;</a>&nbsp;&nbsp;&nbsp;MemManage_Handler
</UL>
<BR>[Called By]<UL><LI><a href="#[3]">&gt;&gt;</a>&nbsp;&nbsp;&nbsp;MemManage_Handler
</UL>
<BR>[Address Reference Count : 1]<UL><LI> startup_armcm3.o(RESET)
</UL>
<P><STRONG><a name="[4]"></a>BusFault_Handler</STRONG> (Thumb, 2 bytes, Stack size 0 bytes, startup_armcm3.o(.text))
<BR><BR>[Calls]<UL><LI><a href="#[4]">&gt;&gt;</a>&nbsp;&nbsp;&nbsp;BusFault_Handler
</UL>
<BR>[Called By]<UL><LI><a href="#[4]">&gt;&gt;</a>&nbsp;&nbsp;&nbsp;BusFault_Handler
</UL>
<BR>[Address Reference Count : 1]<UL><LI> startup_armcm3.o(RESET)
</UL>
<P><STRONG><a name="[5]"></a>UsageFault_Handler</STRONG> (Thumb, 2 bytes, Stack size 0 bytes, startup_armcm3.o(.text))
<BR><BR>[Calls]<UL><LI><a href="#[5]">&gt;&gt;</a>&nbsp;&nbsp;&nbsp;UsageFault_Handler
</UL>
<BR>[Called By]<UL><LI><a href="#[5]">&gt;&gt;</a>&nbsp;&nbsp;&nbsp;UsageFault_Handler
</UL>
<BR>[Address Reference Count : 1]<UL><LI> startup_armcm3.o(RESET)
</UL>
<P><STRONG><a name="[6]"></a>SVC_Handler</STRONG> (Thumb, 2 bytes, Stack size 0 bytes, startup_armcm3.o(.text))
<BR><BR>[Calls]<UL><LI><a href="#[6]">&gt;&gt;</a>&nbsp;&nbsp;&nbsp;SVC_Handler
</UL>
<BR>[Called By]<UL><LI><a href="#[6]">&gt;&gt;</a>&nbsp;&nbsp;&nbsp;SVC_Handler
</UL>
<BR>[Address Reference Count : 1]<UL><LI> startup_armcm3.o(RESET)
</UL>
<P><STRONG><a name="[7]"></a>DebugMon_Handler</STRONG> (Thumb, 2 bytes, Stack size 0 bytes, startup_armcm3.o(.text))
<BR><BR>[Calls]<UL><LI><a href="#[7]">&gt;&gt;</a>&nbsp;&nbsp;&nbsp;DebugMon_Handler
</UL>
<BR>[Called By]<UL><LI><a href="#[7]">&gt;&gt;</a>&nbsp;&nbsp;&nbsp;DebugMon_Handler
</UL>
<BR>[Address Reference Count : 1]<UL><LI> startup_armcm3.o(RESET)
</UL>
<P><STRONG><a name="[a]"></a>Interrupt0_Handler</STRONG> (Thumb, 2 bytes, Stack size 0 bytes, startup_armcm3.o(.text))
<BR><BR>[Calls]<UL><LI><a href="#[a]">&gt;&gt;</a>&nbsp;&nbsp;&nbsp;Interrupt0_Handler
</UL>
<BR>[Called By]<UL><LI><a href="#[a]">&gt;&gt;</a>&nbsp;&nbsp;&nbsp;Interrupt0_Handler
</UL>
<BR>[Address Reference Count : 1]<UL><LI> startup_armcm3.o(RESET)
</UL>
<P><STRONG><a name="[b]"></a>Interrupt1_Handler</STRONG> (Thumb, 2 bytes, Stack size 0 bytes, startup_armcm3.o(.text))
<BR><BR>[Calls]<UL><LI><a href="#[b]">&gt;&gt;</a>&nbsp;&nbsp;&nbsp;Interrupt1_Handler
</UL>
<BR>[Called By]<UL><LI><a href="#[b]">&gt;&gt;</a>&nbsp;&nbsp;&nbsp;Interrupt1_Handler
</UL>
<BR>[Address Reference Count : 1]<UL><LI> startup_armcm3.o(RESET)
</UL>
<P><STRONG><a name="[c]"></a>Interrupt2_Handler</STRONG> (Thumb, 2 bytes, Stack size 0 bytes, startup_armcm3.o(.text))
<BR><BR>[Calls]<UL><LI><a href="#[c]">&gt;&gt;</a>&nbsp;&nbsp;&nbsp;Interrupt2_Handler
</UL>
<BR>[Called By]<UL><LI><a href="#[c]">&gt;&gt;</a>&nbsp;&nbsp;&nbsp;Interrupt2_Handler
</UL>
<BR>[Address Reference Count : 1]<UL><LI> startup_armcm3.o(RESET)
</UL>
<P><STRONG><a name="[d]"></a>Interrupt3_Handler</STRONG> (Thumb, 2 bytes, Stack size 0 bytes, startup_armcm3.o(.text))
<BR><BR>[Calls]<UL><LI><a href="#[d]">&gt;&gt;</a>&nbsp;&nbsp;&nbsp;Interrupt3_Handler
</UL>
<BR>[Called By]<UL><LI><a href="#[d]">&gt;&gt;</a>&nbsp;&nbsp;&nbsp;Interrupt3_Handler
</UL>
<BR>[Address Reference Count : 1]<UL><LI> startup_armcm3.o(RESET)
</UL>
<P><STRONG><a name="[e]"></a>Interrupt4_Handler</STRONG> (Thumb, 2 bytes, Stack size 0 bytes, startup_armcm3.o(.text))
<BR><BR>[Calls]<UL><LI><a href="#[e]">&gt;&gt;</a>&nbsp;&nbsp;&nbsp;Interrupt4_Handler
</UL>
<BR>[Called By]<UL><LI><a href="#[e]">&gt;&gt;</a>&nbsp;&nbsp;&nbsp;Interrupt4_Handler
</UL>
<BR>[Address Reference Count : 1]<UL><LI> startup_armcm3.o(RESET)
</UL>
<P><STRONG><a name="[f]"></a>Interrupt5_Handler</STRONG> (Thumb, 2 bytes, Stack size 0 bytes, startup_armcm3.o(.text))
<BR><BR>[Calls]<UL><LI><a href="#[f]">&gt;&gt;</a>&nbsp;&nbsp;&nbsp;Interrupt5_Handler
</UL>
<BR>[Called By]<UL><LI><a href="#[f]">&gt;&gt;</a>&nbsp;&nbsp;&nbsp;Interrupt5_Handler
</UL>
<BR>[Address Reference Count : 1]<UL><LI> startup_armcm3.o(RESET)
</UL>
<P><STRONG><a name="[10]"></a>Interrupt6_Handler</STRONG> (Thumb, 2 bytes, Stack size 0 bytes, startup_armcm3.o(.text))
<BR><BR>[Calls]<UL><LI><a href="#[10]">&gt;&gt;</a>&nbsp;&nbsp;&nbsp;Interrupt6_Handler
</UL>
<BR>[Called By]<UL><LI><a href="#[10]">&gt;&gt;</a>&nbsp;&nbsp;&nbsp;Interrupt6_Handler
</UL>
<BR>[Address Reference Count : 1]<UL><LI> startup_armcm3.o(RESET)
</UL>
<P><STRONG><a name="[11]"></a>Interrupt7_Handler</STRONG> (Thumb, 2 bytes, Stack size 0 bytes, startup_armcm3.o(.text))
<BR><BR>[Calls]<UL><LI><a href="#[11]">&gt;&gt;</a>&nbsp;&nbsp;&nbsp;Interrupt7_Handler
</UL>
<BR>[Called By]<UL><LI><a href="#[11]">&gt;&gt;</a>&nbsp;&nbsp;&nbsp;Interrupt7_Handler
</UL>
<BR>[Address Reference Count : 1]<UL><LI> startup_armcm3.o(RESET)
</UL>
<P><STRONG><a name="[12]"></a>Interrupt8_Handler</STRONG> (Thumb, 2 bytes, Stack size 0 bytes, startup_armcm3.o(.text))
<BR><BR>[Calls]<UL><LI><a href="#[12]">&gt;&gt;</a>&nbsp;&nbsp;&nbsp;Interrupt8_Handler
</UL>
<BR>[Called By]<UL><LI><a href="#[12]">&gt;&gt;</a>&nbsp;&nbsp;&nbsp;Interrupt8_Handler
</UL>
<BR>[Address Reference Count : 1]<UL><LI> startup_armcm3.o(RESET)
</UL>
<P><STRONG><a name="[13]"></a>Interrupt9_Handler</STRONG> (Thumb, 2 bytes, Stack size 0 bytes, startup_armcm3.o(.text))
<BR><BR>[Calls]<UL><LI><a href="#[13]">&gt;&gt;</a>&nbsp;&nbsp;&nbsp;Interrupt9_Handler
</UL>
<BR>[Called By]<UL><LI><a href="#[13]">&gt;&gt;</a>&nbsp;&nbsp;&nbsp;Interrupt9_Handler
</UL>
<BR>[Address Reference Count : 1]<UL><LI> startup_armcm3.o(RESET)
</UL>
<P><STRONG><a name="[1b]"></a>__scatterload</STRONG> (Thumb, 28 bytes, Stack size 0 bytes, init.o(.text))
<BR><BR>[Calls]<UL><LI><a href="#[1c]">&gt;&gt;</a>&nbsp;&nbsp;&nbsp;__main_after_scatterload
</UL>
<BR>[Called By]<UL><LI><a href="#[1a]">&gt;&gt;</a>&nbsp;&nbsp;&nbsp;_main_scatterload
</UL>

<P><STRONG><a name="[2b]"></a>__scatterload_rt2</STRONG> (Thumb, 0 bytes, Stack size 0 bytes, init.o(.text), UNUSED)

<P><STRONG><a name="[9]"></a>SysTick_Handler</STRONG> (Thumb, 8 bytes, Stack size 8 bytes, time.o(i.SysTick_Handler))
<BR><BR>[Stack]<UL><LI>Max Depth = 20<LI>Call Chain = SysTick_Handler &rArr; tTaskSystemTickHandler &rArr; tTaskSched
</UL>
<BR>[Calls]<UL><LI><a href="#[1d]">&gt;&gt;</a>&nbsp;&nbsp;&nbsp;tTaskSystemTickHandler
</UL>
<BR>[Address Reference Count : 1]<UL><LI> startup_armcm3.o(RESET)
</UL>
<P><STRONG><a name="[15]"></a>SystemInit</STRONG> (Thumb, 14 bytes, Stack size 0 bytes, system_armcm3.o(i.SystemInit))
<BR>[Address Reference Count : 1]<UL><LI> startup_armcm3.o(.text)
</UL>
<P><STRONG><a name="[2c]"></a>__scatterload_copy</STRONG> (Thumb, 14 bytes, Stack size unknown bytes, handlers.o(i.__scatterload_copy), UNUSED)

<P><STRONG><a name="[2d]"></a>__scatterload_null</STRONG> (Thumb, 2 bytes, Stack size unknown bytes, handlers.o(i.__scatterload_null), UNUSED)

<P><STRONG><a name="[2e]"></a>__scatterload_zeroinit</STRONG> (Thumb, 14 bytes, Stack size unknown bytes, handlers.o(i.__scatterload_zeroinit), UNUSED)

<P><STRONG><a name="[14]"></a>main</STRONG> (Thumb, 72 bytes, Stack size 8 bytes, main.o(i.main))
<BR><BR>[Stack]<UL><LI>Max Depth = 20<LI>Call Chain = main &rArr; tTaskInit
</UL>
<BR>[Calls]<UL><LI><a href="#[1f]">&gt;&gt;</a>&nbsp;&nbsp;&nbsp;tTaskRunFirst
<LI><a href="#[1e]">&gt;&gt;</a>&nbsp;&nbsp;&nbsp;tTaskInit
</UL>
<BR>[Address Reference Count : 1]<UL><LI> entry9a.o(.ARM.Collect$$$$0000000B)
</UL>
<P><STRONG><a name="[23]"></a>tSetSysTickPeriod</STRONG> (Thumb, 74 bytes, Stack size 12 bytes, time.o(i.tSetSysTickPeriod))
<BR><BR>[Stack]<UL><LI>Max Depth = 12<LI>Call Chain = tSetSysTickPeriod
</UL>
<BR>[Called By]<UL><LI><a href="#[17]">&gt;&gt;</a>&nbsp;&nbsp;&nbsp;task1
</UL>

<P><STRONG><a name="[20]"></a>tTaskDelay</STRONG> (Thumb, 16 bytes, Stack size 8 bytes, time.o(i.tTaskDelay))
<BR><BR>[Stack]<UL><LI>Max Depth = 12<LI>Call Chain = tTaskDelay &rArr; tTaskSched
</UL>
<BR>[Calls]<UL><LI><a href="#[21]">&gt;&gt;</a>&nbsp;&nbsp;&nbsp;tTaskSched
</UL>
<BR>[Called By]<UL><LI><a href="#[18]">&gt;&gt;</a>&nbsp;&nbsp;&nbsp;task2
<LI><a href="#[17]">&gt;&gt;</a>&nbsp;&nbsp;&nbsp;task1
</UL>

<P><STRONG><a name="[1e]"></a>tTaskInit</STRONG> (Thumb, 132 bytes, Stack size 12 bytes, switch.o(i.tTaskInit))
<BR><BR>[Stack]<UL><LI>Max Depth = 12<LI>Call Chain = tTaskInit
</UL>
<BR>[Called By]<UL><LI><a href="#[14]">&gt;&gt;</a>&nbsp;&nbsp;&nbsp;main
</UL>

<P><STRONG><a name="[1f]"></a>tTaskRunFirst</STRONG> (Thumb, 24 bytes, Stack size 0 bytes, switch.o(i.tTaskRunFirst))
<BR><BR>[Called By]<UL><LI><a href="#[14]">&gt;&gt;</a>&nbsp;&nbsp;&nbsp;main
</UL>

<P><STRONG><a name="[21]"></a>tTaskSched</STRONG> (Thumb, 160 bytes, Stack size 4 bytes, switch.o(i.tTaskSched))
<BR><BR>[Stack]<UL><LI>Max Depth = 4<LI>Call Chain = tTaskSched
</UL>
<BR>[Calls]<UL><LI><a href="#[22]">&gt;&gt;</a>&nbsp;&nbsp;&nbsp;tTaskSwitch
</UL>
<BR>[Called By]<UL><LI><a href="#[1d]">&gt;&gt;</a>&nbsp;&nbsp;&nbsp;tTaskSystemTickHandler
<LI><a href="#[20]">&gt;&gt;</a>&nbsp;&nbsp;&nbsp;tTaskDelay
</UL>

<P><STRONG><a name="[22]"></a>tTaskSwitch</STRONG> (Thumb, 10 bytes, Stack size 0 bytes, switch.o(i.tTaskSwitch))
<BR><BR>[Called By]<UL><LI><a href="#[21]">&gt;&gt;</a>&nbsp;&nbsp;&nbsp;tTaskSched
</UL>

<P><STRONG><a name="[1d]"></a>tTaskSystemTickHandler</STRONG> (Thumb, 46 bytes, Stack size 8 bytes, time.o(i.tTaskSystemTickHandler))
<BR><BR>[Stack]<UL><LI>Max Depth = 12<LI>Call Chain = tTaskSystemTickHandler &rArr; tTaskSched
</UL>
<BR>[Calls]<UL><LI><a href="#[21]">&gt;&gt;</a>&nbsp;&nbsp;&nbsp;tTaskSched
</UL>
<BR>[Called By]<UL><LI><a href="#[9]">&gt;&gt;</a>&nbsp;&nbsp;&nbsp;SysTick_Handler
</UL>

<P><STRONG><a name="[17]"></a>task1</STRONG> (Thumb, 34 bytes, Stack size 0 bytes, main.o(i.task1))
<BR><BR>[Stack]<UL><LI>Max Depth = 12<LI>Call Chain = task1 &rArr; tTaskDelay &rArr; tTaskSched
</UL>
<BR>[Calls]<UL><LI><a href="#[20]">&gt;&gt;</a>&nbsp;&nbsp;&nbsp;tTaskDelay
<LI><a href="#[23]">&gt;&gt;</a>&nbsp;&nbsp;&nbsp;tSetSysTickPeriod
</UL>
<BR>[Address Reference Count : 1]<UL><LI> main.o(i.main)
</UL>
<P><STRONG><a name="[18]"></a>task2</STRONG> (Thumb, 28 bytes, Stack size 0 bytes, main.o(i.task2))
<BR><BR>[Stack]<UL><LI>Max Depth = 12<LI>Call Chain = task2 &rArr; tTaskDelay &rArr; tTaskSched
</UL>
<BR>[Calls]<UL><LI><a href="#[20]">&gt;&gt;</a>&nbsp;&nbsp;&nbsp;tTaskDelay
</UL>
<BR>[Address Reference Count : 1]<UL><LI> main.o(i.main)
</UL>
<P><STRONG><a name="[19]"></a>taskIdle</STRONG> (Thumb, 4 bytes, Stack size 0 bytes, main.o(i.taskIdle))
<BR>[Address Reference Count : 1]<UL><LI> main.o(i.main)
</UL><P>
<H3>
Local Symbols
</H3><P>
<H3>
Undefined Global Symbols
</H3><HR></body></html>
