Component: ARM Compiler 5.06 update 7 (build 960) Tool: armlink [4d3601]

==============================================================================

Section Cross References

    main.o(i.DestroyFun) refers to main.o(.data) for flag1
    main.o(i.main) refers to switch.o(i.tTaskSchedInit) for tTaskSchedInit
    main.o(i.main) refers to stimer.o(i.tTimerModuleInit) for tTimerModuleInit
    main.o(i.main) refers to switch.o(i.tTaskInit) for tTaskInit
    main.o(i.main) refers to switch.o(i.tTaskHighestReady) for tTaskHighestReady
    main.o(i.main) refers to switch.o(i.tTaskRunFirst) for tTaskRunFirst
    main.o(i.main) refers to main.o(.bss) for task1Env
    main.o(i.main) refers to main.o(i.task1) for task1
    main.o(i.main) refers to main.o(i.task2) for task2
    main.o(i.main) refers to main.o(i.task3) for task3
    main.o(i.main) refers to main.o(i.task4) for task4
    main.o(i.main) refers to main.o(i.taskIdle) for taskIdle
    main.o(i.main) refers to switch.o(.data) for IdleTask
    main.o(i.task1) refers to time.o(i.tSetSysTickPeriod) for tSetSysTickPeriod
    main.o(i.task1) refers to stimer.o(i.tTimerInit) for tTimerInit
    main.o(i.task1) refers to stimer.o(i.tTimerStart) for tTimerStart
    main.o(i.task1) refers to time.o(i.tTaskDelay) for tTaskDelay
    main.o(i.task1) refers to stimer.o(i.tTimerStop) for tTimerStop
    main.o(i.task1) refers to main.o(.data) for bit1
    main.o(i.task1) refers to main.o(i.timerFunc) for timerFunc
    main.o(i.task1) refers to main.o(.bss) for timer1
    main.o(i.task2) refers to time.o(i.tTaskDelay) for tTaskDelay
    main.o(i.task2) refers to main.o(.data) for flag2
    main.o(i.task3) refers to time.o(i.tTaskDelay) for tTaskDelay
    main.o(i.task3) refers to main.o(.data) for flag3
    main.o(i.task4) refers to time.o(i.tTaskDelay) for tTaskDelay
    main.o(i.task4) refers to main.o(.data) for flag4
    switch.o(.emb_text) refers to switch.o(.data) for currentTask
    switch.o(i.tTaskDelayedInit) refers to tnode.o(i.tListInit) for tListInit
    switch.o(i.tTaskDelayedInit) refers to switch.o(.bss) for tTaskDelayedList
    switch.o(i.tTaskHighestReady) refers to tbitmap.o(i.tBitmapGetFirstSet) for tBitmapGetFirstSet
    switch.o(i.tTaskHighestReady) refers to tnode.o(i.tListFirst) for tListFirst
    switch.o(i.tTaskHighestReady) refers to switch.o(.data) for taskPrioBitmap
    switch.o(i.tTaskHighestReady) refers to switch.o(.bss) for taskTable
    switch.o(i.tTaskInit) refers to tnode.o(i.tNodeInit) for tNodeInit
    switch.o(i.tTaskInit) refers to tnode.o(i.tListAddFirst) for tListAddFirst
    switch.o(i.tTaskInit) refers to tbitmap.o(i.tBitmapSet) for tBitmapSet
    switch.o(i.tTaskInit) refers to switch.o(.bss) for taskTable
    switch.o(i.tTaskInit) refers to switch.o(.data) for taskPrioBitmap
    switch.o(i.tTaskSched) refers to primask.o(i.tTaskEnterCritical) for tTaskEnterCritical
    switch.o(i.tTaskSched) refers to primask.o(i.tTaskExitCritical) for tTaskExitCritical
    switch.o(i.tTaskSched) refers to switch.o(i.tTaskHighestReady) for tTaskHighestReady
    switch.o(i.tTaskSched) refers to switch.o(i.tTaskSwitch) for tTaskSwitch
    switch.o(i.tTaskSched) refers to switch.o(.data) for schedLockCount
    switch.o(i.tTaskSchedDisable) refers to primask.o(i.tTaskEnterCritical) for tTaskEnterCritical
    switch.o(i.tTaskSchedDisable) refers to primask.o(i.tTaskExitCritical) for tTaskExitCritical
    switch.o(i.tTaskSchedDisable) refers to switch.o(.data) for schedLockCount
    switch.o(i.tTaskSchedEnable) refers to primask.o(i.tTaskEnterCritical) for tTaskEnterCritical
    switch.o(i.tTaskSchedEnable) refers to switch.o(i.tTaskSched) for tTaskSched
    switch.o(i.tTaskSchedEnable) refers to primask.o(i.tTaskExitCritical) for tTaskExitCritical
    switch.o(i.tTaskSchedEnable) refers to switch.o(.data) for schedLockCount
    switch.o(i.tTaskSchedInit) refers to switch.o(i.tTaskSchedLockInit) for tTaskSchedLockInit
    switch.o(i.tTaskSchedInit) refers to tbitmap.o(i.tBitmapInit) for tBitmapInit
    switch.o(i.tTaskSchedInit) refers to switch.o(i.tTaskDelayedInit) for tTaskDelayedInit
    switch.o(i.tTaskSchedInit) refers to tnode.o(i.tListInit) for tListInit
    switch.o(i.tTaskSchedInit) refers to switch.o(.data) for taskPrioBitmap
    switch.o(i.tTaskSchedInit) refers to switch.o(.bss) for taskTable
    switch.o(i.tTaskSchedLockInit) refers to switch.o(.data) for schedLockCount
    time.o(i.SysTick_Handler) refers to time.o(i.tTaskSystemTickHandler) for tTaskSystemTickHandler
    time.o(i.tSetSysTickPeriod) refers to system_armcm3.o(.data) for SystemCoreClock
    time.o(i.tTaskDelay) refers to primask.o(i.tTaskEnterCritical) for tTaskEnterCritical
    time.o(i.tTaskDelay) refers to state.o(i.tTimeTaskWait) for tTimeTaskWait
    time.o(i.tTaskDelay) refers to state.o(i.tTaskSchedUnRdy) for tTaskSchedUnRdy
    time.o(i.tTaskDelay) refers to primask.o(i.tTaskExitCritical) for tTaskExitCritical
    time.o(i.tTaskDelay) refers to switch.o(i.tTaskSched) for tTaskSched
    time.o(i.tTaskDelay) refers to switch.o(.data) for currentTask
    time.o(i.tTaskSystemTickHandler) refers to primask.o(i.tTaskEnterCritical) for tTaskEnterCritical
    time.o(i.tTaskSystemTickHandler) refers to event.o(i.tEventRemoveTask) for tEventRemoveTask
    time.o(i.tTaskSystemTickHandler) refers to state.o(i.tTimeTaskWakeUp) for tTimeTaskWakeUp
    time.o(i.tTaskSystemTickHandler) refers to state.o(i.tTaskSchedRdy) for tTaskSchedRdy
    time.o(i.tTaskSystemTickHandler) refers to tnode.o(i.tListCount) for tListCount
    time.o(i.tTaskSystemTickHandler) refers to tnode.o(i.tListRemoveFirst) for tListRemoveFirst
    time.o(i.tTaskSystemTickHandler) refers to tnode.o(i.tListAddLast) for tListAddLast
    time.o(i.tTaskSystemTickHandler) refers to primask.o(i.tTaskExitCritical) for tTaskExitCritical
    time.o(i.tTaskSystemTickHandler) refers to stimer.o(i.tTimerModuleTickNotify) for tTimerModuleTickNotify
    time.o(i.tTaskSystemTickHandler) refers to switch.o(i.tTaskSched) for tTaskSched
    time.o(i.tTaskSystemTickHandler) refers to switch.o(.bss) for tTaskDelayedList
    time.o(i.tTaskSystemTickHandler) refers to switch.o(.data) for currentTask
    state.o(i.tTaskDeleteSelf) refers to primask.o(i.tTaskEnterCritical) for tTaskEnterCritical
    state.o(i.tTaskDeleteSelf) refers to state.o(i.tTaskSchedRemove) for tTaskSchedRemove
    state.o(i.tTaskDeleteSelf) refers to primask.o(i.tTaskExitCritical) for tTaskExitCritical
    state.o(i.tTaskDeleteSelf) refers to switch.o(i.tTaskSched) for tTaskSched
    state.o(i.tTaskDeleteSelf) refers to switch.o(.data) for currentTask
    state.o(i.tTaskForceDelete) refers to primask.o(i.tTaskEnterCritical) for tTaskEnterCritical
    state.o(i.tTaskForceDelete) refers to state.o(i.tTimeTaskRemove) for tTimeTaskRemove
    state.o(i.tTaskForceDelete) refers to state.o(i.tTaskSchedRemove) for tTaskSchedRemove
    state.o(i.tTaskForceDelete) refers to switch.o(i.tTaskSched) for tTaskSched
    state.o(i.tTaskForceDelete) refers to primask.o(i.tTaskExitCritical) for tTaskExitCritical
    state.o(i.tTaskForceDelete) refers to switch.o(.data) for currentTask
    state.o(i.tTaskGetDelete) refers to primask.o(i.tTaskEnterCritical) for tTaskEnterCritical
    state.o(i.tTaskGetDelete) refers to primask.o(i.tTaskExitCritical) for tTaskExitCritical
    state.o(i.tTaskGetDelete) refers to switch.o(.data) for currentTask
    state.o(i.tTaskGetInfo) refers to primask.o(i.tTaskEnterCritical) for tTaskEnterCritical
    state.o(i.tTaskGetInfo) refers to primask.o(i.tTaskExitCritical) for tTaskExitCritical
    state.o(i.tTaskRequestDelete) refers to primask.o(i.tTaskEnterCritical) for tTaskEnterCritical
    state.o(i.tTaskRequestDelete) refers to primask.o(i.tTaskExitCritical) for tTaskExitCritical
    state.o(i.tTaskSchedRdy) refers to tnode.o(i.tListAddLast) for tListAddLast
    state.o(i.tTaskSchedRdy) refers to tbitmap.o(i.tBitmapSet) for tBitmapSet
    state.o(i.tTaskSchedRdy) refers to switch.o(.bss) for taskTable
    state.o(i.tTaskSchedRdy) refers to switch.o(.data) for taskPrioBitmap
    state.o(i.tTaskSchedRemove) refers to tnode.o(i.tListRemove) for tListRemove
    state.o(i.tTaskSchedRemove) refers to tnode.o(i.tListCount) for tListCount
    state.o(i.tTaskSchedRemove) refers to tbitmap.o(i.tBitmapClear) for tBitmapClear
    state.o(i.tTaskSchedRemove) refers to switch.o(.bss) for taskTable
    state.o(i.tTaskSchedRemove) refers to switch.o(.data) for taskPrioBitmap
    state.o(i.tTaskSchedUnRdy) refers to tnode.o(i.tListRemove) for tListRemove
    state.o(i.tTaskSchedUnRdy) refers to tnode.o(i.tListCount) for tListCount
    state.o(i.tTaskSchedUnRdy) refers to tbitmap.o(i.tBitmapClear) for tBitmapClear
    state.o(i.tTaskSchedUnRdy) refers to switch.o(.bss) for taskTable
    state.o(i.tTaskSchedUnRdy) refers to switch.o(.data) for taskPrioBitmap
    state.o(i.tTaskSuspend) refers to primask.o(i.tTaskEnterCritical) for tTaskEnterCritical
    state.o(i.tTaskSuspend) refers to state.o(i.tTaskSchedUnRdy) for tTaskSchedUnRdy
    state.o(i.tTaskSuspend) refers to switch.o(i.tTaskSched) for tTaskSched
    state.o(i.tTaskSuspend) refers to primask.o(i.tTaskExitCritical) for tTaskExitCritical
    state.o(i.tTaskSuspend) refers to switch.o(.data) for currentTask
    state.o(i.tTaskWakeUp) refers to primask.o(i.tTaskEnterCritical) for tTaskEnterCritical
    state.o(i.tTaskWakeUp) refers to state.o(i.tTaskSchedRdy) for tTaskSchedRdy
    state.o(i.tTaskWakeUp) refers to switch.o(i.tTaskSched) for tTaskSched
    state.o(i.tTaskWakeUp) refers to primask.o(i.tTaskExitCritical) for tTaskExitCritical
    state.o(i.tTimeTaskRemove) refers to tnode.o(i.tListRemove) for tListRemove
    state.o(i.tTimeTaskRemove) refers to switch.o(.bss) for tTaskDelayedList
    state.o(i.tTimeTaskWait) refers to tnode.o(i.tListAddLast) for tListAddLast
    state.o(i.tTimeTaskWait) refers to switch.o(.bss) for tTaskDelayedList
    state.o(i.tTimeTaskWakeUp) refers to state.o(i.tTimeTaskRemove) for tTimeTaskRemove
    stimer.o(i.tTimerCallFuncList) refers to tnode.o(i.tListRemove) for tListRemove
    stimer.o(i.tTimerInit) refers to tnode.o(i.tNodeInit) for tNodeInit
    stimer.o(i.tTimerModuleInit) refers to tnode.o(i.tListInit) for tListInit
    stimer.o(i.tTimerModuleInit) refers to sem.o(i.tSemInit) for tSemInit
    stimer.o(i.tTimerModuleInit) refers to switch.o(i.tTaskInit) for tTaskInit
    stimer.o(i.tTimerModuleInit) refers to stimer.o(.bss) for tTimerHardList
    stimer.o(i.tTimerModuleInit) refers to stimer.o(i.tTimerSoftTask) for tTimerSoftTask
    stimer.o(i.tTimerModuleTickNotify) refers to primask.o(i.tTaskEnterCritical) for tTaskEnterCritical
    stimer.o(i.tTimerModuleTickNotify) refers to stimer.o(i.tTimerCallFuncList) for tTimerCallFuncList
    stimer.o(i.tTimerModuleTickNotify) refers to primask.o(i.tTaskExitCritical) for tTaskExitCritical
    stimer.o(i.tTimerModuleTickNotify) refers to sem.o(i.tSemNotify) for tSemNotify
    stimer.o(i.tTimerModuleTickNotify) refers to stimer.o(.bss) for tTimerHardList
    stimer.o(i.tTimerSoftTask) refers to sem.o(i.tSemWait) for tSemWait
    stimer.o(i.tTimerSoftTask) refers to stimer.o(i.tTimerCallFuncList) for tTimerCallFuncList
    stimer.o(i.tTimerSoftTask) refers to sem.o(i.tSemNotify) for tSemNotify
    stimer.o(i.tTimerSoftTask) refers to stimer.o(.bss) for tTimerTickSem
    stimer.o(i.tTimerStart) refers to primask.o(i.tTaskEnterCritical) for tTaskEnterCritical
    stimer.o(i.tTimerStart) refers to tnode.o(i.tListAddLast) for tListAddLast
    stimer.o(i.tTimerStart) refers to primask.o(i.tTaskExitCritical) for tTaskExitCritical
    stimer.o(i.tTimerStart) refers to sem.o(i.tSemWait) for tSemWait
    stimer.o(i.tTimerStart) refers to sem.o(i.tSemNotify) for tSemNotify
    stimer.o(i.tTimerStart) refers to stimer.o(.bss) for tTimerHardList
    stimer.o(i.tTimerStop) refers to primask.o(i.tTaskEnterCritical) for tTaskEnterCritical
    stimer.o(i.tTimerStop) refers to tnode.o(i.tListRemove) for tListRemove
    stimer.o(i.tTimerStop) refers to primask.o(i.tTaskExitCritical) for tTaskExitCritical
    stimer.o(i.tTimerStop) refers to sem.o(i.tSemWait) for tSemWait
    stimer.o(i.tTimerStop) refers to sem.o(i.tSemNotify) for tSemNotify
    stimer.o(i.tTimerStop) refers to stimer.o(.bss) for tTimerHardList
    tbitmap.o(i.tBitmapGetFirstSet) refers to tbitmap.o(i.tBitmapCount) for tBitmapCount
    tbitmap.o(i.tBitmapGetFirstSet) refers to tbitmap.o(.constdata) for quickFindTable
    block.o(i.tMemBlockDestroy) refers to primask.o(i.tTaskEnterCritical) for tTaskEnterCritical
    block.o(i.tMemBlockDestroy) refers to event.o(i.tEventRemoveAll) for tEventRemoveAll
    block.o(i.tMemBlockDestroy) refers to primask.o(i.tTaskExitCritical) for tTaskExitCritical
    block.o(i.tMemBlockDestroy) refers to switch.o(i.tTaskSched) for tTaskSched
    block.o(i.tMemBlockInit) refers to event.o(i.tEventInit) for tEventInit
    block.o(i.tMemBlockInit) refers to tnode.o(i.tListInit) for tListInit
    block.o(i.tMemBlockInit) refers to tnode.o(i.tNodeInit) for tNodeInit
    block.o(i.tMemBlockInit) refers to tnode.o(i.tListAddLast) for tListAddLast
    block.o(i.tMemBlockNoWaitGet) refers to primask.o(i.tTaskEnterCritical) for tTaskEnterCritical
    block.o(i.tMemBlockNoWaitGet) refers to tnode.o(i.tListCount) for tListCount
    block.o(i.tMemBlockNoWaitGet) refers to tnode.o(i.tListRemoveFirst) for tListRemoveFirst
    block.o(i.tMemBlockNoWaitGet) refers to primask.o(i.tTaskExitCritical) for tTaskExitCritical
    block.o(i.tMemBlockNotify) refers to primask.o(i.tTaskEnterCritical) for tTaskEnterCritical
    block.o(i.tMemBlockNotify) refers to event.o(i.tEventWaitCount) for tEventWaitCount
    block.o(i.tMemBlockNotify) refers to event.o(i.tEventWake) for tEventWake
    block.o(i.tMemBlockNotify) refers to switch.o(i.tTaskSched) for tTaskSched
    block.o(i.tMemBlockNotify) refers to tnode.o(i.tListAddLast) for tListAddLast
    block.o(i.tMemBlockNotify) refers to primask.o(i.tTaskExitCritical) for tTaskExitCritical
    block.o(i.tMemBlockNotify) refers to switch.o(.data) for currentTask
    block.o(i.tMemBlockWait) refers to primask.o(i.tTaskEnterCritical) for tTaskEnterCritical
    block.o(i.tMemBlockWait) refers to tnode.o(i.tListCount) for tListCount
    block.o(i.tMemBlockWait) refers to tnode.o(i.tListRemoveFirst) for tListRemoveFirst
    block.o(i.tMemBlockWait) refers to primask.o(i.tTaskExitCritical) for tTaskExitCritical
    block.o(i.tMemBlockWait) refers to event.o(i.tEventWait) for tEventWait
    block.o(i.tMemBlockWait) refers to switch.o(i.tTaskSched) for tTaskSched
    block.o(i.tMemBlockWait) refers to switch.o(.data) for currentTask
    event.o(i.tEventInit) refers to tnode.o(i.tListInit) for tListInit
    event.o(i.tEventRemoveAll) refers to primask.o(i.tTaskEnterCritical) for tTaskEnterCritical
    event.o(i.tEventRemoveAll) refers to tnode.o(i.tListCount) for tListCount
    event.o(i.tEventRemoveAll) refers to state.o(i.tTimeTaskWakeUp) for tTimeTaskWakeUp
    event.o(i.tEventRemoveAll) refers to state.o(i.tTaskSchedRdy) for tTaskSchedRdy
    event.o(i.tEventRemoveAll) refers to tnode.o(i.tListRemoveFirst) for tListRemoveFirst
    event.o(i.tEventRemoveAll) refers to primask.o(i.tTaskExitCritical) for tTaskExitCritical
    event.o(i.tEventRemoveTask) refers to primask.o(i.tTaskEnterCritical) for tTaskEnterCritical
    event.o(i.tEventRemoveTask) refers to tnode.o(i.tListRemove) for tListRemove
    event.o(i.tEventRemoveTask) refers to primask.o(i.tTaskExitCritical) for tTaskExitCritical
    event.o(i.tEventWait) refers to primask.o(i.tTaskEnterCritical) for tTaskEnterCritical
    event.o(i.tEventWait) refers to state.o(i.tTaskSchedUnRdy) for tTaskSchedUnRdy
    event.o(i.tEventWait) refers to tnode.o(i.tListAddLast) for tListAddLast
    event.o(i.tEventWait) refers to state.o(i.tTimeTaskWait) for tTimeTaskWait
    event.o(i.tEventWait) refers to primask.o(i.tTaskExitCritical) for tTaskExitCritical
    event.o(i.tEventWaitCount) refers to primask.o(i.tTaskEnterCritical) for tTaskEnterCritical
    event.o(i.tEventWaitCount) refers to tnode.o(i.tListCount) for tListCount
    event.o(i.tEventWaitCount) refers to primask.o(i.tTaskExitCritical) for tTaskExitCritical
    event.o(i.tEventWake) refers to primask.o(i.tTaskEnterCritical) for tTaskEnterCritical
    event.o(i.tEventWake) refers to tnode.o(i.tListRemoveFirst) for tListRemoveFirst
    event.o(i.tEventWake) refers to state.o(i.tTimeTaskWakeUp) for tTimeTaskWakeUp
    event.o(i.tEventWake) refers to state.o(i.tTaskSchedRdy) for tTaskSchedRdy
    event.o(i.tEventWake) refers to primask.o(i.tTaskExitCritical) for tTaskExitCritical
    mail.o(i.tMboxDestroy) refers to primask.o(i.tTaskEnterCritical) for tTaskEnterCritical
    mail.o(i.tMboxDestroy) refers to event.o(i.tEventRemoveAll) for tEventRemoveAll
    mail.o(i.tMboxDestroy) refers to primask.o(i.tTaskExitCritical) for tTaskExitCritical
    mail.o(i.tMboxDestroy) refers to switch.o(i.tTaskSched) for tTaskSched
    mail.o(i.tMboxFlush) refers to primask.o(i.tTaskEnterCritical) for tTaskEnterCritical
    mail.o(i.tMboxFlush) refers to event.o(i.tEventWaitCount) for tEventWaitCount
    mail.o(i.tMboxFlush) refers to primask.o(i.tTaskExitCritical) for tTaskExitCritical
    mail.o(i.tMboxInit) refers to event.o(i.tEventInit) for tEventInit
    mail.o(i.tMboxNoWaitGet) refers to primask.o(i.tTaskEnterCritical) for tTaskEnterCritical
    mail.o(i.tMboxNoWaitGet) refers to primask.o(i.tTaskExitCritical) for tTaskExitCritical
    mail.o(i.tMboxNotify) refers to primask.o(i.tTaskEnterCritical) for tTaskEnterCritical
    mail.o(i.tMboxNotify) refers to event.o(i.tEventWaitCount) for tEventWaitCount
    mail.o(i.tMboxNotify) refers to event.o(i.tEventWake) for tEventWake
    mail.o(i.tMboxNotify) refers to primask.o(i.tTaskExitCritical) for tTaskExitCritical
    mail.o(i.tMboxNotify) refers to switch.o(i.tTaskSched) for tTaskSched
    mail.o(i.tMboxNotify) refers to switch.o(.data) for currentTask
    mail.o(i.tMboxWait) refers to primask.o(i.tTaskEnterCritical) for tTaskEnterCritical
    mail.o(i.tMboxWait) refers to primask.o(i.tTaskExitCritical) for tTaskExitCritical
    mail.o(i.tMboxWait) refers to event.o(i.tEventWait) for tEventWait
    mail.o(i.tMboxWait) refers to switch.o(i.tTaskSched) for tTaskSched
    mail.o(i.tMboxWait) refers to switch.o(.data) for currentTask
    mutex.o(i.tMutexInit) refers to event.o(i.tEventInit) for tEventInit
    mutex.o(i.tMutexNotify) refers to primask.o(i.tTaskEnterCritical) for tTaskEnterCritical
    mutex.o(i.tMutexNotify) refers to primask.o(i.tTaskExitCritical) for tTaskExitCritical
    mutex.o(i.tMutexNotify) refers to state.o(i.tTaskSchedUnRdy) for tTaskSchedUnRdy
    mutex.o(i.tMutexNotify) refers to state.o(i.tTaskSchedRdy) for tTaskSchedRdy
    mutex.o(i.tMutexNotify) refers to event.o(i.tEventWaitCount) for tEventWaitCount
    mutex.o(i.tMutexNotify) refers to event.o(i.tEventWake) for tEventWake
    mutex.o(i.tMutexNotify) refers to switch.o(i.tTaskSched) for tTaskSched
    mutex.o(i.tMutexNotify) refers to switch.o(.data) for currentTask
    mutex.o(i.tMutexWait) refers to primask.o(i.tTaskEnterCritical) for tTaskEnterCritical
    mutex.o(i.tMutexWait) refers to primask.o(i.tTaskExitCritical) for tTaskExitCritical
    mutex.o(i.tMutexWait) refers to state.o(i.tTaskSchedUnRdy) for tTaskSchedUnRdy
    mutex.o(i.tMutexWait) refers to state.o(i.tTaskSchedRdy) for tTaskSchedRdy
    mutex.o(i.tMutexWait) refers to event.o(i.tEventWait) for tEventWait
    mutex.o(i.tMutexWait) refers to switch.o(i.tTaskSched) for tTaskSched
    mutex.o(i.tMutexWait) refers to switch.o(.data) for currentTask
    sem.o(i.tSemGetInfo) refers to primask.o(i.tTaskEnterCritical) for tTaskEnterCritical
    sem.o(i.tSemGetInfo) refers to event.o(i.tEventWaitCount) for tEventWaitCount
    sem.o(i.tSemGetInfo) refers to primask.o(i.tTaskExitCritical) for tTaskExitCritical
    sem.o(i.tSemInit) refers to event.o(i.tEventInit) for tEventInit
    sem.o(i.tSemNotify) refers to primask.o(i.tTaskEnterCritical) for tTaskEnterCritical
    sem.o(i.tSemNotify) refers to event.o(i.tEventWaitCount) for tEventWaitCount
    sem.o(i.tSemNotify) refers to event.o(i.tEventWake) for tEventWake
    sem.o(i.tSemNotify) refers to switch.o(i.tTaskSched) for tTaskSched
    sem.o(i.tSemNotify) refers to primask.o(i.tTaskExitCritical) for tTaskExitCritical
    sem.o(i.tSemNotify) refers to switch.o(.data) for currentTask
    sem.o(i.tSemNowaitGet) refers to primask.o(i.tTaskEnterCritical) for tTaskEnterCritical
    sem.o(i.tSemNowaitGet) refers to primask.o(i.tTaskExitCritical) for tTaskExitCritical
    sem.o(i.tSemRemoveAll) refers to primask.o(i.tTaskEnterCritical) for tTaskEnterCritical
    sem.o(i.tSemRemoveAll) refers to event.o(i.tEventRemoveAll) for tEventRemoveAll
    sem.o(i.tSemRemoveAll) refers to primask.o(i.tTaskExitCritical) for tTaskExitCritical
    sem.o(i.tSemRemoveAll) refers to switch.o(i.tTaskSched) for tTaskSched
    sem.o(i.tSemWait) refers to primask.o(i.tTaskEnterCritical) for tTaskEnterCritical
    sem.o(i.tSemWait) refers to primask.o(i.tTaskExitCritical) for tTaskExitCritical
    sem.o(i.tSemWait) refers to event.o(i.tEventWait) for tEventWait
    sem.o(i.tSemWait) refers to switch.o(i.tTaskSched) for tTaskSched
    sem.o(i.tSemWait) refers to switch.o(.data) for currentTask
    tflag.o(i.tFlagGroupInit) refers to event.o(i.tEventInit) for tEventInit
    startup_armcm3.o(RESET) refers to startup_armcm3.o(STACK) for __initial_sp
    startup_armcm3.o(RESET) refers to startup_armcm3.o(.text) for Reset_Handler
    startup_armcm3.o(RESET) refers to switch.o(.emb_text) for PendSV_Handler
    startup_armcm3.o(RESET) refers to time.o(i.SysTick_Handler) for SysTick_Handler
    startup_armcm3.o(.text) refers to system_armcm3.o(i.SystemInit) for SystemInit
    startup_armcm3.o(.text) refers to entry.o(.ARM.Collect$$$$00000000) for __main
    system_armcm3.o(i.SystemCoreClockUpdate) refers to system_armcm3.o(.data) for SystemCoreClock
    system_armcm3.o(i.SystemInit) refers to startup_armcm3.o(RESET) for __Vectors
    system_armcm3.o(i.SystemInit) refers to system_armcm3.o(.data) for SystemCoreClock
    entry.o(.ARM.Collect$$$$00000000) refers (Special) to entry10a.o(.ARM.Collect$$$$0000000F) for __rt_final_cpp
    entry.o(.ARM.Collect$$$$00000000) refers (Special) to entry11a.o(.ARM.Collect$$$$00000011) for __rt_final_exit
    entry.o(.ARM.Collect$$$$00000000) refers (Special) to entry12b.o(.ARM.Collect$$$$0000000E) for __rt_lib_shutdown_fini
    entry.o(.ARM.Collect$$$$00000000) refers (Special) to entry7b.o(.ARM.Collect$$$$00000008) for _main_clock
    entry.o(.ARM.Collect$$$$00000000) refers (Special) to entry8b.o(.ARM.Collect$$$$0000000A) for _main_cpp_init
    entry.o(.ARM.Collect$$$$00000000) refers (Special) to entry9a.o(.ARM.Collect$$$$0000000B) for _main_init
    entry.o(.ARM.Collect$$$$00000000) refers (Special) to entry5.o(.ARM.Collect$$$$00000004) for _main_scatterload
    entry.o(.ARM.Collect$$$$00000000) refers (Special) to entry2.o(.ARM.Collect$$$$00000001) for _main_stk
    entry2.o(.ARM.Collect$$$$00000001) refers to entry2.o(.ARM.Collect$$$$00002712) for __lit__00000000
    entry2.o(.ARM.Collect$$$$00002712) refers to startup_armcm3.o(STACK) for __initial_sp
    entry2.o(__vectab_stack_and_reset_area) refers to startup_armcm3.o(STACK) for __initial_sp
    entry2.o(__vectab_stack_and_reset_area) refers to entry.o(.ARM.Collect$$$$00000000) for __main
    entry5.o(.ARM.Collect$$$$00000004) refers to init.o(.text) for __scatterload
    entry9a.o(.ARM.Collect$$$$0000000B) refers to main.o(i.main) for main
    entry9b.o(.ARM.Collect$$$$0000000C) refers to main.o(i.main) for main
    init.o(.text) refers to entry5.o(.ARM.Collect$$$$00000004) for __main_after_scatterload


==============================================================================

Removing Unused input sections from the image.

    Removing main.o(.rev16_text), (4 bytes).
    Removing main.o(.revsh_text), (4 bytes).
    Removing main.o(.rrx_text), (6 bytes).
    Removing main.o(i.DestroyFun), (12 bytes).
    Removing main.o(i.delay), (12 bytes).
    Removing switch.o(.rev16_text), (4 bytes).
    Removing switch.o(.revsh_text), (4 bytes).
    Removing switch.o(.rrx_text), (6 bytes).
    Removing switch.o(i.tTaskSchedDisable), (40 bytes).
    Removing switch.o(i.tTaskSchedEnable), (48 bytes).
    Removing time.o(.rev16_text), (4 bytes).
    Removing time.o(.revsh_text), (4 bytes).
    Removing time.o(.rrx_text), (6 bytes).
    Removing time.o(.data), (4 bytes).
    Removing primask.o(.rev16_text), (4 bytes).
    Removing primask.o(.revsh_text), (4 bytes).
    Removing primask.o(.rrx_text), (6 bytes).
    Removing state.o(.rev16_text), (4 bytes).
    Removing state.o(.revsh_text), (4 bytes).
    Removing state.o(.rrx_text), (6 bytes).
    Removing state.o(i.tTaskDeleteSelf), (56 bytes).
    Removing state.o(i.tTaskForceDelete), (76 bytes).
    Removing state.o(i.tTaskGetDelete), (32 bytes).
    Removing state.o(i.tTaskGetInfo), (40 bytes).
    Removing state.o(i.tTaskRequestDelete), (24 bytes).
    Removing state.o(i.tTaskSchedRemove), (60 bytes).
    Removing state.o(i.tTaskSetCleanFunc), (6 bytes).
    Removing state.o(i.tTaskSuspend), (68 bytes).
    Removing state.o(i.tTaskWakeUp), (52 bytes).
    Removing stimer.o(.rev16_text), (4 bytes).
    Removing stimer.o(.revsh_text), (4 bytes).
    Removing stimer.o(.rrx_text), (6 bytes).
    Removing tnode.o(i.tListInsertAfter), (20 bytes).
    Removing tnode.o(i.tListLast), (12 bytes).
    Removing tnode.o(i.tListNext), (16 bytes).
    Removing tnode.o(i.tListPre), (16 bytes).
    Removing tnode.o(i.tListRemoveAll), (32 bytes).
    Removing block.o(.rev16_text), (4 bytes).
    Removing block.o(.revsh_text), (4 bytes).
    Removing block.o(.rrx_text), (6 bytes).
    Removing block.o(i.tMemBlockDestroy), (38 bytes).
    Removing block.o(i.tMemBlockInit), (78 bytes).
    Removing block.o(i.tMemBlockNoWaitGet), (52 bytes).
    Removing block.o(i.tMemBlockNotify), (76 bytes).
    Removing block.o(i.tMemBlockWait), (92 bytes).
    Removing event.o(.rev16_text), (4 bytes).
    Removing event.o(.revsh_text), (4 bytes).
    Removing event.o(.rrx_text), (6 bytes).
    Removing event.o(i.tEventRemoveAll), (94 bytes).
    Removing mail.o(.rev16_text), (4 bytes).
    Removing mail.o(.revsh_text), (4 bytes).
    Removing mail.o(.rrx_text), (6 bytes).
    Removing mail.o(i.tMboxDestroy), (38 bytes).
    Removing mail.o(i.tMboxFlush), (34 bytes).
    Removing mail.o(i.tMboxInit), (30 bytes).
    Removing mail.o(i.tMboxNoWaitGet), (68 bytes).
    Removing mail.o(i.tMboxNotify), (124 bytes).
    Removing mail.o(i.tMboxWait), (120 bytes).
    Removing mutex.o(.rev16_text), (4 bytes).
    Removing mutex.o(.revsh_text), (4 bytes).
    Removing mutex.o(.rrx_text), (6 bytes).
    Removing mutex.o(i.tMutexInit), (24 bytes).
    Removing mutex.o(i.tMutexNotify), (172 bytes).
    Removing mutex.o(i.tMutexWait), (156 bytes).
    Removing sem.o(.rev16_text), (4 bytes).
    Removing sem.o(.revsh_text), (4 bytes).
    Removing sem.o(.rrx_text), (6 bytes).
    Removing sem.o(i.tSemGetInfo), (36 bytes).
    Removing sem.o(i.tSemNowaitGet), (40 bytes).
    Removing sem.o(i.tSemRemoveAll), (40 bytes).
    Removing tflag.o(.rev16_text), (4 bytes).
    Removing tflag.o(.revsh_text), (4 bytes).
    Removing tflag.o(.rrx_text), (6 bytes).
    Removing tflag.o(i.tFlagGroupCheckConsume), (86 bytes).
    Removing tflag.o(i.tFlagGroupInit), (18 bytes).
    Removing tflag.o(i.tFlagGroupNoWaitGet), (6 bytes).
    Removing tflag.o(i.tFlagGroupNotify), (2 bytes).
    Removing tflag.o(i.tFlagGroupWait), (8 bytes).
    Removing startup_armcm3.o(HEAP), (3072 bytes).
    Removing system_armcm3.o(.rev16_text), (4 bytes).
    Removing system_armcm3.o(.revsh_text), (4 bytes).
    Removing system_armcm3.o(.rrx_text), (6 bytes).
    Removing system_armcm3.o(i.SystemCoreClockUpdate), (16 bytes).

83 unused section(s) (total 5328 bytes) removed from the image.

==============================================================================

Image Symbol Table

    Local Symbols

    Symbol Name                              Value     Ov Type        Size  Object(Section)

    RESET                                    0x00000000   Section      960  startup_armcm3.o(RESET)
    ../clib/microlib/init/entry.s            0x00000000   Number         0  entry12b.o ABSOLUTE
    ../clib/microlib/init/entry.s            0x00000000   Number         0  entry12a.o ABSOLUTE
    ../clib/microlib/init/entry.s            0x00000000   Number         0  entry11b.o ABSOLUTE
    ../clib/microlib/init/entry.s            0x00000000   Number         0  entry11a.o ABSOLUTE
    ../clib/microlib/init/entry.s            0x00000000   Number         0  entry10b.o ABSOLUTE
    ../clib/microlib/init/entry.s            0x00000000   Number         0  entry10a.o ABSOLUTE
    ../clib/microlib/init/entry.s            0x00000000   Number         0  entry9b.o ABSOLUTE
    ../clib/microlib/init/entry.s            0x00000000   Number         0  entry8b.o ABSOLUTE
    ../clib/microlib/init/entry.s            0x00000000   Number         0  entry8a.o ABSOLUTE
    ../clib/microlib/init/entry.s            0x00000000   Number         0  entry7b.o ABSOLUTE
    ../clib/microlib/init/entry.s            0x00000000   Number         0  entry7a.o ABSOLUTE
    ../clib/microlib/init/entry.s            0x00000000   Number         0  entry5.o ABSOLUTE
    ../clib/microlib/init/entry.s            0x00000000   Number         0  entry2.o ABSOLUTE
    ../clib/microlib/init/entry.s            0x00000000   Number         0  entry.o ABSOLUTE
    ../clib/microlib/init/entry.s            0x00000000   Number         0  entry9a.o ABSOLUTE
    ..\YangRTOS\Source\tbitmap.c             0x00000000   Number         0  tbitmap.o ABSOLUTE
    ..\YangRTOS\Source\tnode.c               0x00000000   Number         0  tnode.o ABSOLUTE
    Event\\block.c                           0x00000000   Number         0  block.o ABSOLUTE
    Event\\event.c                           0x00000000   Number         0  event.o ABSOLUTE
    Event\\mail.c                            0x00000000   Number         0  mail.o ABSOLUTE
    Event\\mutex.c                           0x00000000   Number         0  mutex.o ABSOLUTE
    Event\\sem.c                             0x00000000   Number         0  sem.o ABSOLUTE
    Event\\tflag.c                           0x00000000   Number         0  tflag.o ABSOLUTE
    Event\block.c                            0x00000000   Number         0  block.o ABSOLUTE
    Event\event.c                            0x00000000   Number         0  event.o ABSOLUTE
    Event\mail.c                             0x00000000   Number         0  mail.o ABSOLUTE
    Event\mutex.c                            0x00000000   Number         0  mutex.o ABSOLUTE
    Event\sem.c                              0x00000000   Number         0  sem.o ABSOLUTE
    Event\tflag.c                            0x00000000   Number         0  tflag.o ABSOLUTE
    RTE\Device\ARMCM3\startup_ARMCM3.s       0x00000000   Number         0  startup_armcm3.o ABSOLUTE
    RTE\Device\ARMCM3\system_ARMCM3.c        0x00000000   Number         0  system_armcm3.o ABSOLUTE
    RTE\\Device\\ARMCM3\\system_ARMCM3.c     0x00000000   Number         0  system_armcm3.o ABSOLUTE
    Source\\main.c                           0x00000000   Number         0  main.o ABSOLUTE
    Source\\primask.c                        0x00000000   Number         0  primask.o ABSOLUTE
    Source\\state.c                          0x00000000   Number         0  state.o ABSOLUTE
    Source\\stimer.c                         0x00000000   Number         0  stimer.o ABSOLUTE
    Source\\switch.c                         0x00000000   Number         0  switch.o ABSOLUTE
    Source\\time.c                           0x00000000   Number         0  time.o ABSOLUTE
    Source\main.c                            0x00000000   Number         0  main.o ABSOLUTE
    Source\primask.c                         0x00000000   Number         0  primask.o ABSOLUTE
    Source\state.c                           0x00000000   Number         0  state.o ABSOLUTE
    Source\stimer.c                          0x00000000   Number         0  stimer.o ABSOLUTE
    Source\switch.c                          0x00000000   Number         0  switch.o ABSOLUTE
    Source\time.c                            0x00000000   Number         0  time.o ABSOLUTE
    dc.s                                     0x00000000   Number         0  dc.o ABSOLUTE
    handlers.s                               0x00000000   Number         0  handlers.o ABSOLUTE
    init.s                                   0x00000000   Number         0  init.o ABSOLUTE
    .ARM.Collect$$$$00000000                 0x000003c0   Section        0  entry.o(.ARM.Collect$$$$00000000)
    .ARM.Collect$$$$00000001                 0x000003c0   Section        4  entry2.o(.ARM.Collect$$$$00000001)
    .ARM.Collect$$$$00000004                 0x000003c4   Section        4  entry5.o(.ARM.Collect$$$$00000004)
    .ARM.Collect$$$$00000008                 0x000003c8   Section        0  entry7b.o(.ARM.Collect$$$$00000008)
    .ARM.Collect$$$$0000000A                 0x000003c8   Section        0  entry8b.o(.ARM.Collect$$$$0000000A)
    .ARM.Collect$$$$0000000B                 0x000003c8   Section        8  entry9a.o(.ARM.Collect$$$$0000000B)
    .ARM.Collect$$$$0000000E                 0x000003d0   Section        4  entry12b.o(.ARM.Collect$$$$0000000E)
    .ARM.Collect$$$$0000000F                 0x000003d4   Section        0  entry10a.o(.ARM.Collect$$$$0000000F)
    .ARM.Collect$$$$00000011                 0x000003d4   Section        0  entry11a.o(.ARM.Collect$$$$00000011)
    .ARM.Collect$$$$00002712                 0x000003d4   Section        4  entry2.o(.ARM.Collect$$$$00002712)
    __lit__00000000                          0x000003d4   Data           4  entry2.o(.ARM.Collect$$$$00002712)
    .emb_text                                0x000003d8   Section       48  switch.o(.emb_text)
    .text                                    0x00000408   Section       56  startup_armcm3.o(.text)
    .text                                    0x00000440   Section       36  init.o(.text)
    i.SysTick_Handler                        0x00000464   Section        0  time.o(i.SysTick_Handler)
    i.SystemInit                             0x0000046c   Section        0  system_armcm3.o(i.SystemInit)
    i.__scatterload_copy                     0x0000048c   Section       14  handlers.o(i.__scatterload_copy)
    i.__scatterload_null                     0x0000049a   Section        2  handlers.o(i.__scatterload_null)
    i.__scatterload_zeroinit                 0x0000049c   Section       14  handlers.o(i.__scatterload_zeroinit)
    i.main                                   0x000004ac   Section        0  main.o(i.main)
    i.tBitmapClear                           0x00000568   Section        0  tbitmap.o(i.tBitmapClear)
    i.tBitmapCount                           0x00000574   Section        0  tbitmap.o(i.tBitmapCount)
    i.tBitmapGetFirstSet                     0x00000578   Section        0  tbitmap.o(i.tBitmapGetFirstSet)
    i.tBitmapInit                            0x000005d4   Section        0  tbitmap.o(i.tBitmapInit)
    i.tBitmapSet                             0x000005da   Section        0  tbitmap.o(i.tBitmapSet)
    i.tEventInit                             0x000005e6   Section        0  event.o(i.tEventInit)
    i.tEventRemoveTask                       0x000005f6   Section        0  event.o(i.tEventRemoveTask)
    i.tEventWait                             0x0000062a   Section        0  event.o(i.tEventWait)
    i.tEventWaitCount                        0x00000674   Section        0  event.o(i.tEventWaitCount)
    i.tEventWake                             0x00000692   Section        0  event.o(i.tEventWake)
    i.tListAddFirst                          0x000006e4   Section        0  tnode.o(i.tListAddFirst)
    i.tListAddLast                           0x000006fc   Section        0  tnode.o(i.tListAddLast)
    i.tListCount                             0x00000710   Section        0  tnode.o(i.tListCount)
    i.tListFirst                             0x00000716   Section        0  tnode.o(i.tListFirst)
    i.tListInit                              0x00000722   Section        0  tnode.o(i.tListInit)
    i.tListRemove                            0x0000072c   Section        0  tnode.o(i.tListRemove)
    i.tListRemoveFirst                       0x00000740   Section        0  tnode.o(i.tListRemoveFirst)
    i.tNodeInit                              0x0000075a   Section        0  tnode.o(i.tNodeInit)
    i.tSemInit                               0x00000760   Section        0  sem.o(i.tSemInit)
    i.tSemNotify                             0x00000788   Section        0  sem.o(i.tSemNotify)
    i.tSemWait                               0x000007dc   Section        0  sem.o(i.tSemWait)
    i.tSetSysTickPeriod                      0x00000824   Section        0  time.o(i.tSetSysTickPeriod)
    i.tTaskDelay                             0x0000087c   Section        0  time.o(i.tTaskDelay)
    i.tTaskDelayedInit                       0x000008a8   Section        0  switch.o(i.tTaskDelayedInit)
    i.tTaskEnterCritical                     0x000008b8   Section        0  primask.o(i.tTaskEnterCritical)
    i.tTaskExitCritical                      0x000008c4   Section        0  primask.o(i.tTaskExitCritical)
    i.tTaskHighestReady                      0x000008d0   Section        0  switch.o(i.tTaskHighestReady)
    i.tTaskInit                              0x000008f8   Section        0  switch.o(i.tTaskInit)
    i.tTaskRunFirst                          0x000009d0   Section        0  switch.o(i.tTaskRunFirst)
    i.tTaskSched                             0x000009ec   Section        0  switch.o(i.tTaskSched)
    i.tTaskSchedInit                         0x00000a38   Section        0  switch.o(i.tTaskSchedInit)
    i.tTaskSchedLockInit                     0x00000a6c   Section        0  switch.o(i.tTaskSchedLockInit)
    i.tTaskSchedRdy                          0x00000a78   Section        0  state.o(i.tTaskSchedRdy)
    i.tTaskSchedUnRdy                        0x00000aa0   Section        0  state.o(i.tTaskSchedUnRdy)
    i.tTaskSwitch                            0x00000adc   Section        0  switch.o(i.tTaskSwitch)
    i.tTaskSystemTickHandler                 0x00000aec   Section        0  time.o(i.tTaskSystemTickHandler)
    i.tTimeTaskRemove                        0x00000ba0   Section        0  state.o(i.tTimeTaskRemove)
    i.tTimeTaskWait                          0x00000bb4   Section        0  state.o(i.tTimeTaskWait)
    i.tTimeTaskWakeUp                        0x00000bd4   Section        0  state.o(i.tTimeTaskWakeUp)
    i.tTimerCallFuncList                     0x00000be8   Section        0  stimer.o(i.tTimerCallFuncList)
    tTimerCallFuncList                       0x00000be9   Thumb Code    72  stimer.o(i.tTimerCallFuncList)
    i.tTimerInit                             0x00000c30   Section        0  stimer.o(i.tTimerInit)
    i.tTimerModuleInit                       0x00000c68   Section        0  stimer.o(i.tTimerModuleInit)
    i.tTimerModuleTickNotify                 0x00000cb8   Section        0  stimer.o(i.tTimerModuleTickNotify)
    i.tTimerSoftTask                         0x00000cdc   Section        0  stimer.o(i.tTimerSoftTask)
    tTimerSoftTask                           0x00000cdd   Thumb Code    32  stimer.o(i.tTimerSoftTask)
    i.tTimerStart                            0x00000d08   Section        0  stimer.o(i.tTimerStart)
    i.tTimerStop                             0x00000d74   Section        0  stimer.o(i.tTimerStop)
    i.task1                                  0x00000dd0   Section        0  main.o(i.task1)
    i.task2                                  0x00000e78   Section        0  main.o(i.task2)
    i.task3                                  0x00000e98   Section        0  main.o(i.task3)
    i.task4                                  0x00000eb8   Section        0  main.o(i.task4)
    i.taskIdle                               0x00000ed8   Section        0  main.o(i.taskIdle)
    i.timerFunc                              0x00000edc   Section        0  main.o(i.timerFunc)
    .constdata                               0x00000ee8   Section      256  tbitmap.o(.constdata)
    quickFindTable                           0x00000ee8   Data         256  tbitmap.o(.constdata)
    .data                                    0x20000000   Section       32  main.o(.data)
    .data                                    0x20000020   Section       20  switch.o(.data)
    .data                                    0x20000034   Section        4  system_armcm3.o(.data)
    .bss                                     0x20000038   Section    20908  main.o(.bss)
    .bss                                     0x200051e4   Section      396  switch.o(.bss)
    .bss                                     0x20005370   Section     4232  stimer.o(.bss)
    tTimerHardList                           0x20005370   Data          12  stimer.o(.bss)
    tTimerSoftList                           0x2000537c   Data          12  stimer.o(.bss)
    tTimeProtectionSem                       0x20005388   Data          24  stimer.o(.bss)
    tTimerTickSem                            0x200053a0   Data          24  stimer.o(.bss)
    tTimerTask                               0x200053b8   Data          64  stimer.o(.bss)
    tTimerTaskStack                          0x200053f8   Data        4096  stimer.o(.bss)
    STACK                                    0x200063f8   Section     1024  startup_armcm3.o(STACK)

    Global Symbols

    Symbol Name                              Value     Ov Type        Size  Object(Section)

    BuildAttributes$$THM_ISAv4$P$D$K$B$S$PE$A:L22UL41UL21$X:L11$S22US41US21$IEEE1$IW$USESV6$~STKCKD$USESV7$~SHL$OSPACE$EBA8$MICROLIB$REQ8$PRES8$EABIv2 0x00000000   Number         0  anon$$obj.o ABSOLUTE
    __ARM_use_no_argv                        0x00000000   Number         0  main.o ABSOLUTE
    __Vectors                                0x00000000   Data           4  startup_armcm3.o(RESET)
    __arm_fini_                               - Undefined Weak Reference
    __cpp_initialize__aeabi_                  - Undefined Weak Reference
    __cxa_finalize                            - Undefined Weak Reference
    __decompress                              - Undefined Weak Reference
    _clock_init                               - Undefined Weak Reference
    _microlib_exit                            - Undefined Weak Reference
    __Vectors_End                            0x000003c0   Data           0  startup_armcm3.o(RESET)
    __Vectors_Size                           0x000003c0   Number         0  startup_armcm3.o ABSOLUTE
    __main                                   0x000003c1   Thumb Code     0  entry.o(.ARM.Collect$$$$00000000)
    _main_stk                                0x000003c1   Thumb Code     0  entry2.o(.ARM.Collect$$$$00000001)
    _main_scatterload                        0x000003c5   Thumb Code     0  entry5.o(.ARM.Collect$$$$00000004)
    __main_after_scatterload                 0x000003c9   Thumb Code     0  entry5.o(.ARM.Collect$$$$00000004)
    _main_clock                              0x000003c9   Thumb Code     0  entry7b.o(.ARM.Collect$$$$00000008)
    _main_cpp_init                           0x000003c9   Thumb Code     0  entry8b.o(.ARM.Collect$$$$0000000A)
    _main_init                               0x000003c9   Thumb Code     0  entry9a.o(.ARM.Collect$$$$0000000B)
    __rt_lib_shutdown_fini                   0x000003d1   Thumb Code     0  entry12b.o(.ARM.Collect$$$$0000000E)
    __rt_final_cpp                           0x000003d5   Thumb Code     0  entry10a.o(.ARM.Collect$$$$0000000F)
    __rt_final_exit                          0x000003d5   Thumb Code     0  entry11a.o(.ARM.Collect$$$$00000011)
    PendSV_Handler                           0x000003d9   Thumb Code    40  switch.o(.emb_text)
    Reset_Handler                            0x00000409   Thumb Code     8  startup_armcm3.o(.text)
    HardFault_Handler                        0x00000411   Thumb Code     2  startup_armcm3.o(.text)
    NMI_Handler                              0x00000413   Thumb Code     2  startup_armcm3.o(.text)
    MemManage_Handler                        0x00000415   Thumb Code     2  startup_armcm3.o(.text)
    BusFault_Handler                         0x00000417   Thumb Code     2  startup_armcm3.o(.text)
    UsageFault_Handler                       0x00000419   Thumb Code     2  startup_armcm3.o(.text)
    SVC_Handler                              0x0000041b   Thumb Code     2  startup_armcm3.o(.text)
    DebugMon_Handler                         0x0000041d   Thumb Code     2  startup_armcm3.o(.text)
    Interrupt0_Handler                       0x00000423   Thumb Code     2  startup_armcm3.o(.text)
    Interrupt1_Handler                       0x00000425   Thumb Code     2  startup_armcm3.o(.text)
    Interrupt2_Handler                       0x00000427   Thumb Code     2  startup_armcm3.o(.text)
    Interrupt3_Handler                       0x00000429   Thumb Code     2  startup_armcm3.o(.text)
    Interrupt4_Handler                       0x0000042b   Thumb Code     2  startup_armcm3.o(.text)
    Interrupt5_Handler                       0x0000042d   Thumb Code     2  startup_armcm3.o(.text)
    Interrupt6_Handler                       0x0000042f   Thumb Code     2  startup_armcm3.o(.text)
    Interrupt7_Handler                       0x00000431   Thumb Code     2  startup_armcm3.o(.text)
    Interrupt8_Handler                       0x00000433   Thumb Code     2  startup_armcm3.o(.text)
    Interrupt9_Handler                       0x00000435   Thumb Code     2  startup_armcm3.o(.text)
    __scatterload                            0x00000441   Thumb Code    28  init.o(.text)
    __scatterload_rt2                        0x00000441   Thumb Code     0  init.o(.text)
    SysTick_Handler                          0x00000465   Thumb Code     8  time.o(i.SysTick_Handler)
    SystemInit                               0x0000046d   Thumb Code    14  system_armcm3.o(i.SystemInit)
    __scatterload_copy                       0x0000048d   Thumb Code    14  handlers.o(i.__scatterload_copy)
    __scatterload_null                       0x0000049b   Thumb Code     2  handlers.o(i.__scatterload_null)
    __scatterload_zeroinit                   0x0000049d   Thumb Code    14  handlers.o(i.__scatterload_zeroinit)
    main                                     0x000004ad   Thumb Code   118  main.o(i.main)
    tBitmapClear                             0x00000569   Thumb Code    12  tbitmap.o(i.tBitmapClear)
    tBitmapCount                             0x00000575   Thumb Code     4  tbitmap.o(i.tBitmapCount)
    tBitmapGetFirstSet                       0x00000579   Thumb Code    86  tbitmap.o(i.tBitmapGetFirstSet)
    tBitmapInit                              0x000005d5   Thumb Code     6  tbitmap.o(i.tBitmapInit)
    tBitmapSet                               0x000005db   Thumb Code    12  tbitmap.o(i.tBitmapSet)
    tEventInit                               0x000005e7   Thumb Code    16  event.o(i.tEventInit)
    tEventRemoveTask                         0x000005f7   Thumb Code    52  event.o(i.tEventRemoveTask)
    tEventWait                               0x0000062b   Thumb Code    74  event.o(i.tEventWait)
    tEventWaitCount                          0x00000675   Thumb Code    30  event.o(i.tEventWaitCount)
    tEventWake                               0x00000693   Thumb Code    82  event.o(i.tEventWake)
    tListAddFirst                            0x000006e5   Thumb Code    24  tnode.o(i.tListAddFirst)
    tListAddLast                             0x000006fd   Thumb Code    20  tnode.o(i.tListAddLast)
    tListCount                               0x00000711   Thumb Code     6  tnode.o(i.tListCount)
    tListFirst                               0x00000717   Thumb Code    12  tnode.o(i.tListFirst)
    tListInit                                0x00000723   Thumb Code    10  tnode.o(i.tListInit)
    tListRemove                              0x0000072d   Thumb Code    20  tnode.o(i.tListRemove)
    tListRemoveFirst                         0x00000741   Thumb Code    26  tnode.o(i.tListRemoveFirst)
    tNodeInit                                0x0000075b   Thumb Code     6  tnode.o(i.tNodeInit)
    tSemInit                                 0x00000761   Thumb Code    38  sem.o(i.tSemInit)
    tSemNotify                               0x00000789   Thumb Code    78  sem.o(i.tSemNotify)
    tSemWait                                 0x000007dd   Thumb Code    66  sem.o(i.tSemWait)
    tSetSysTickPeriod                        0x00000825   Thumb Code    74  time.o(i.tSetSysTickPeriod)
    tTaskDelay                               0x0000087d   Thumb Code    40  time.o(i.tTaskDelay)
    tTaskDelayedInit                         0x000008a9   Thumb Code    10  switch.o(i.tTaskDelayedInit)
    tTaskEnterCritical                       0x000008b9   Thumb Code    12  primask.o(i.tTaskEnterCritical)
    tTaskExitCritical                        0x000008c5   Thumb Code    10  primask.o(i.tTaskExitCritical)
    tTaskHighestReady                        0x000008d1   Thumb Code    30  switch.o(i.tTaskHighestReady)
    tTaskInit                                0x000008f9   Thumb Code   208  switch.o(i.tTaskInit)
    tTaskRunFirst                            0x000009d1   Thumb Code    24  switch.o(i.tTaskRunFirst)
    tTaskSched                               0x000009ed   Thumb Code    62  switch.o(i.tTaskSched)
    tTaskSchedInit                           0x00000a39   Thumb Code    42  switch.o(i.tTaskSchedInit)
    tTaskSchedLockInit                       0x00000a6d   Thumb Code     8  switch.o(i.tTaskSchedLockInit)
    tTaskSchedRdy                            0x00000a79   Thumb Code    32  state.o(i.tTaskSchedRdy)
    tTaskSchedUnRdy                          0x00000aa1   Thumb Code    50  state.o(i.tTaskSchedUnRdy)
    tTaskSwitch                              0x00000add   Thumb Code    10  switch.o(i.tTaskSwitch)
    tTaskSystemTickHandler                   0x00000aed   Thumb Code   168  time.o(i.tTaskSystemTickHandler)
    tTimeTaskRemove                          0x00000ba1   Thumb Code    16  state.o(i.tTimeTaskRemove)
    tTimeTaskWait                            0x00000bb5   Thumb Code    28  state.o(i.tTimeTaskWait)
    tTimeTaskWakeUp                          0x00000bd5   Thumb Code    20  state.o(i.tTimeTaskWakeUp)
    tTimerInit                               0x00000c31   Thumb Code    56  stimer.o(i.tTimerInit)
    tTimerModuleInit                         0x00000c69   Thumb Code    52  stimer.o(i.tTimerModuleInit)
    tTimerModuleTickNotify                   0x00000cb9   Thumb Code    28  stimer.o(i.tTimerModuleTickNotify)
    tTimerStart                              0x00000d09   Thumb Code    96  stimer.o(i.tTimerStart)
    tTimerStop                               0x00000d75   Thumb Code    80  stimer.o(i.tTimerStop)
    task1                                    0x00000dd1   Thumb Code   134  main.o(i.task1)
    task2                                    0x00000e79   Thumb Code    26  main.o(i.task2)
    task3                                    0x00000e99   Thumb Code    26  main.o(i.task3)
    task4                                    0x00000eb9   Thumb Code    26  main.o(i.task4)
    taskIdle                                 0x00000ed9   Thumb Code     4  main.o(i.taskIdle)
    timerFunc                                0x00000edd   Thumb Code    12  main.o(i.timerFunc)
    Region$$Table$$Base                      0x00000fe8   Number         0  anon$$obj.o(Region$$Table)
    Region$$Table$$Limit                     0x00001008   Number         0  anon$$obj.o(Region$$Table)
    flag1                                    0x20000000   Data           4  main.o(.data)
    flag2                                    0x20000004   Data           4  main.o(.data)
    flag3                                    0x20000008   Data           4  main.o(.data)
    flag4                                    0x2000000c   Data           4  main.o(.data)
    bit1                                     0x20000010   Data           4  main.o(.data)
    bit2                                     0x20000014   Data           4  main.o(.data)
    bit3                                     0x20000018   Data           4  main.o(.data)
    ShareCount                               0x2000001c   Data           4  main.o(.data)
    currentTask                              0x20000020   Data           4  switch.o(.data)
    nextTask                                 0x20000024   Data           4  switch.o(.data)
    IdleTask                                 0x20000028   Data           4  switch.o(.data)
    schedLockCount                           0x2000002c   Data           1  switch.o(.data)
    taskPrioBitmap                           0x20000030   Data           4  switch.o(.data)
    SystemCoreClock                          0x20000034   Data           4  system_armcm3.o(.data)
    tTask1                                   0x20000038   Data          64  main.o(.bss)
    tTask2                                   0x20000078   Data          64  main.o(.bss)
    tTask3                                   0x200000b8   Data          64  main.o(.bss)
    tTask4                                   0x200000f8   Data          64  main.o(.bss)
    tTaskIdle                                0x20000138   Data          64  main.o(.bss)
    task1Env                                 0x20000178   Data        4096  main.o(.bss)
    task2Env                                 0x20001178   Data        4096  main.o(.bss)
    task3Env                                 0x20002178   Data        4096  main.o(.bss)
    task4Env                                 0x20003178   Data        4096  main.o(.bss)
    taskIdleEnv                              0x20004178   Data        4096  main.o(.bss)
    timer1                                   0x20005178   Data          36  main.o(.bss)
    timer2                                   0x2000519c   Data          36  main.o(.bss)
    timer3                                   0x200051c0   Data          36  main.o(.bss)
    taskTable                                0x200051e4   Data         384  switch.o(.bss)
    tTaskDelayedList                         0x20005364   Data          12  switch.o(.bss)
    __stack_limit                            0x200063f8   Data           0  startup_armcm3.o(STACK)
    __initial_sp                             0x200067f8   Data           0  startup_armcm3.o(STACK)



==============================================================================

Memory Map of the image

  Image Entry point : 0x000003c1

  Load Region LR_IROM1 (Base: 0x00000000, Size: 0x00001040, Max: 0x00040000, ABSOLUTE)

    Execution Region ER_IROM1 (Exec base: 0x00000000, Load base: 0x00000000, Size: 0x00001008, Max: 0x00040000, ABSOLUTE)

    Exec Addr    Load Addr    Size         Type   Attr      Idx    E Section Name        Object

    0x00000000   0x00000000   0x000003c0   Data   RO          949    RESET               startup_armcm3.o
    0x000003c0   0x000003c0   0x00000000   Code   RO          991  * .ARM.Collect$$$$00000000  mc_w.l(entry.o)
    0x000003c0   0x000003c0   0x00000004   Code   RO          994    .ARM.Collect$$$$00000001  mc_w.l(entry2.o)
    0x000003c4   0x000003c4   0x00000004   Code   RO          997    .ARM.Collect$$$$00000004  mc_w.l(entry5.o)
    0x000003c8   0x000003c8   0x00000000   Code   RO          999    .ARM.Collect$$$$00000008  mc_w.l(entry7b.o)
    0x000003c8   0x000003c8   0x00000000   Code   RO         1001    .ARM.Collect$$$$0000000A  mc_w.l(entry8b.o)
    0x000003c8   0x000003c8   0x00000008   Code   RO         1002    .ARM.Collect$$$$0000000B  mc_w.l(entry9a.o)
    0x000003d0   0x000003d0   0x00000004   Code   RO         1009    .ARM.Collect$$$$0000000E  mc_w.l(entry12b.o)
    0x000003d4   0x000003d4   0x00000000   Code   RO         1004    .ARM.Collect$$$$0000000F  mc_w.l(entry10a.o)
    0x000003d4   0x000003d4   0x00000000   Code   RO         1006    .ARM.Collect$$$$00000011  mc_w.l(entry11a.o)
    0x000003d4   0x000003d4   0x00000004   Code   RO          995    .ARM.Collect$$$$00002712  mc_w.l(entry2.o)
    0x000003d8   0x000003d8   0x00000030   Code   RO          153    .emb_text           switch.o
    0x00000408   0x00000408   0x00000038   Code   RO          950    .text               startup_armcm3.o
    0x00000440   0x00000440   0x00000024   Code   RO         1010    .text               mc_w.l(init.o)
    0x00000464   0x00000464   0x00000008   Code   RO          245    i.SysTick_Handler   time.o
    0x0000046c   0x0000046c   0x00000020   Code   RO          958    i.SystemInit        system_armcm3.o
    0x0000048c   0x0000048c   0x0000000e   Code   RO         1014    i.__scatterload_copy  mc_w.l(handlers.o)
    0x0000049a   0x0000049a   0x00000002   Code   RO         1015    i.__scatterload_null  mc_w.l(handlers.o)
    0x0000049c   0x0000049c   0x0000000e   Code   RO         1016    i.__scatterload_zeroinit  mc_w.l(handlers.o)
    0x000004aa   0x000004aa   0x00000002   PAD
    0x000004ac   0x000004ac   0x000000bc   Code   RO            6    i.main              main.o
    0x00000568   0x00000568   0x0000000c   Code   RO          576    i.tBitmapClear      tbitmap.o
    0x00000574   0x00000574   0x00000004   Code   RO          577    i.tBitmapCount      tbitmap.o
    0x00000578   0x00000578   0x0000005c   Code   RO          578    i.tBitmapGetFirstSet  tbitmap.o
    0x000005d4   0x000005d4   0x00000006   Code   RO          579    i.tBitmapInit       tbitmap.o
    0x000005da   0x000005da   0x0000000c   Code   RO          580    i.tBitmapSet        tbitmap.o
    0x000005e6   0x000005e6   0x00000010   Code   RO          690    i.tEventInit        event.o
    0x000005f6   0x000005f6   0x00000034   Code   RO          692    i.tEventRemoveTask  event.o
    0x0000062a   0x0000062a   0x0000004a   Code   RO          693    i.tEventWait        event.o
    0x00000674   0x00000674   0x0000001e   Code   RO          694    i.tEventWaitCount   event.o
    0x00000692   0x00000692   0x00000052   Code   RO          695    i.tEventWake        event.o
    0x000006e4   0x000006e4   0x00000018   Code   RO          489    i.tListAddFirst     tnode.o
    0x000006fc   0x000006fc   0x00000014   Code   RO          490    i.tListAddLast      tnode.o
    0x00000710   0x00000710   0x00000006   Code   RO          491    i.tListCount        tnode.o
    0x00000716   0x00000716   0x0000000c   Code   RO          492    i.tListFirst        tnode.o
    0x00000722   0x00000722   0x0000000a   Code   RO          493    i.tListInit         tnode.o
    0x0000072c   0x0000072c   0x00000014   Code   RO          498    i.tListRemove       tnode.o
    0x00000740   0x00000740   0x0000001a   Code   RO          500    i.tListRemoveFirst  tnode.o
    0x0000075a   0x0000075a   0x00000006   Code   RO          501    i.tNodeInit         tnode.o
    0x00000760   0x00000760   0x00000026   Code   RO          844    i.tSemInit          sem.o
    0x00000786   0x00000786   0x00000002   PAD
    0x00000788   0x00000788   0x00000054   Code   RO          845    i.tSemNotify        sem.o
    0x000007dc   0x000007dc   0x00000048   Code   RO          848    i.tSemWait          sem.o
    0x00000824   0x00000824   0x00000058   Code   RO          246    i.tSetSysTickPeriod  time.o
    0x0000087c   0x0000087c   0x0000002c   Code   RO          247    i.tTaskDelay        time.o
    0x000008a8   0x000008a8   0x00000010   Code   RO          154    i.tTaskDelayedInit  switch.o
    0x000008b8   0x000008b8   0x0000000c   Code   RO          297    i.tTaskEnterCritical  primask.o
    0x000008c4   0x000008c4   0x0000000a   Code   RO          298    i.tTaskExitCritical  primask.o
    0x000008ce   0x000008ce   0x00000002   PAD
    0x000008d0   0x000008d0   0x00000028   Code   RO          155    i.tTaskHighestReady  switch.o
    0x000008f8   0x000008f8   0x000000d8   Code   RO          156    i.tTaskInit         switch.o
    0x000009d0   0x000009d0   0x0000001c   Code   RO          157    i.tTaskRunFirst     switch.o
    0x000009ec   0x000009ec   0x0000004c   Code   RO          158    i.tTaskSched        switch.o
    0x00000a38   0x00000a38   0x00000034   Code   RO          161    i.tTaskSchedInit    switch.o
    0x00000a6c   0x00000a6c   0x0000000c   Code   RO          162    i.tTaskSchedLockInit  switch.o
    0x00000a78   0x00000a78   0x00000028   Code   RO          335    i.tTaskSchedRdy     state.o
    0x00000aa0   0x00000aa0   0x0000003c   Code   RO          337    i.tTaskSchedUnRdy   state.o
    0x00000adc   0x00000adc   0x00000010   Code   RO          163    i.tTaskSwitch       switch.o
    0x00000aec   0x00000aec   0x000000b4   Code   RO          248    i.tTaskSystemTickHandler  time.o
    0x00000ba0   0x00000ba0   0x00000014   Code   RO          341    i.tTimeTaskRemove   state.o
    0x00000bb4   0x00000bb4   0x00000020   Code   RO          342    i.tTimeTaskWait     state.o
    0x00000bd4   0x00000bd4   0x00000014   Code   RO          343    i.tTimeTaskWakeUp   state.o
    0x00000be8   0x00000be8   0x00000048   Code   RO          432    i.tTimerCallFuncList  stimer.o
    0x00000c30   0x00000c30   0x00000038   Code   RO          433    i.tTimerInit        stimer.o
    0x00000c68   0x00000c68   0x00000050   Code   RO          434    i.tTimerModuleInit  stimer.o
    0x00000cb8   0x00000cb8   0x00000024   Code   RO          435    i.tTimerModuleTickNotify  stimer.o
    0x00000cdc   0x00000cdc   0x0000002c   Code   RO          436    i.tTimerSoftTask    stimer.o
    0x00000d08   0x00000d08   0x0000006c   Code   RO          437    i.tTimerStart       stimer.o
    0x00000d74   0x00000d74   0x0000005c   Code   RO          438    i.tTimerStop        stimer.o
    0x00000dd0   0x00000dd0   0x000000a8   Code   RO            7    i.task1             main.o
    0x00000e78   0x00000e78   0x00000020   Code   RO            8    i.task2             main.o
    0x00000e98   0x00000e98   0x00000020   Code   RO            9    i.task3             main.o
    0x00000eb8   0x00000eb8   0x00000020   Code   RO           10    i.task4             main.o
    0x00000ed8   0x00000ed8   0x00000004   Code   RO           11    i.taskIdle          main.o
    0x00000edc   0x00000edc   0x0000000c   Code   RO           12    i.timerFunc         main.o
    0x00000ee8   0x00000ee8   0x00000100   Data   RO          581    .constdata          tbitmap.o
    0x00000fe8   0x00000fe8   0x00000020   Data   RO         1012    Region$$Table       anon$$obj.o


    Execution Region RW_IRAM1 (Exec base: 0x20000000, Load base: 0x00001008, Size: 0x000067f8, Max: 0x00020000, ABSOLUTE)

    Exec Addr    Load Addr    Size         Type   Attr      Idx    E Section Name        Object

    0x20000000   0x00001008   0x00000020   Data   RW           14    .data               main.o
    0x20000020   0x00001028   0x00000014   Data   RW          165    .data               switch.o
    0x20000034   0x0000103c   0x00000004   Data   RW          959    .data               system_armcm3.o
    0x20000038        -       0x000051ac   Zero   RW           13    .bss                main.o
    0x200051e4        -       0x0000018c   Zero   RW          164    .bss                switch.o
    0x20005370        -       0x00001088   Zero   RW          439    .bss                stimer.o
    0x200063f8        -       0x00000400   Zero   RW          947    STACK               startup_armcm3.o


==============================================================================

Image component sizes


      Code (inc. data)   RO Data    RW Data    ZI Data      Debug   Object Name

         0          0          0          0          0       2954   block.o
       254          0          0          0          0       3252   event.o
       468        122          0         32      20908      13499   main.o
        22          0          0          0          0       4861   primask.o
       194         12          0          0          0       2363   sem.o
        56         10        960          0       1024       1156   startup_armcm3.o
       172         26          0          0          0       2334   state.o
       488         72          0          0       4232       4272   stimer.o
       504         70          0         20        396       9973   switch.o
        32         18          0          4          0        635   system_armcm3.o
       126          6        256          0          0       2858   tbitmap.o
       320         30          0          0          0      29343   time.o
       124          0          0          0          0       4634   tnode.o

    ----------------------------------------------------------------------
      2764        366       1248         56      26560      82134   Object Totals
         0          0         32          0          0          0   (incl. Generated)
         4          0          0          0          0          0   (incl. Padding)

    ----------------------------------------------------------------------

      Code (inc. data)   RO Data    RW Data    ZI Data      Debug   Library Member Name

         0          0          0          0          0          0   entry.o
         0          0          0          0          0          0   entry10a.o
         0          0          0          0          0          0   entry11a.o
         4          0          0          0          0          0   entry12b.o
         8          4          0          0          0          0   entry2.o
         4          0          0          0          0          0   entry5.o
         0          0          0          0          0          0   entry7b.o
         0          0          0          0          0          0   entry8b.o
         8          4          0          0          0          0   entry9a.o
        30          0          0          0          0          0   handlers.o
        36          8          0          0          0         68   init.o

    ----------------------------------------------------------------------
        92         16          0          0          0         68   Library Totals
         2          0          0          0          0          0   (incl. Padding)

    ----------------------------------------------------------------------

      Code (inc. data)   RO Data    RW Data    ZI Data      Debug   Library Name

        90         16          0          0          0         68   mc_w.l

    ----------------------------------------------------------------------
        92         16          0          0          0         68   Library Totals

    ----------------------------------------------------------------------

==============================================================================


      Code (inc. data)   RO Data    RW Data    ZI Data      Debug   

      2856        382       1248         56      26560      79650   Grand Totals
      2856        382       1248         56      26560      79650   ELF Image Totals
      2856        382       1248         56          0          0   ROM Totals

==============================================================================

    Total RO  Size (Code + RO Data)                 4104 (   4.01kB)
    Total RW  Size (RW Data + ZI Data)             26616 (  25.99kB)
    Total ROM Size (Code + RO Data + RW Data)       4160 (   4.06kB)

==============================================================================

