Component: ARM Compiler 5.06 update 7 (build 960) Tool: armlink [4d3601]

==============================================================================

Section Cross References

    main.o(i.main) refers to switch.o(i.tTaskInit) for tTaskInit
    main.o(i.main) refers to switch.o(i.tTaskRunFirst) for tTaskRunFirst
    main.o(i.main) refers to main.o(.bss) for task1Env
    main.o(i.main) refers to main.o(i.task1) for task1
    main.o(i.main) refers to main.o(.data) for tTask1
    main.o(i.main) refers to main.o(i.task2) for task2
    main.o(i.main) refers to main.o(i.taskIdle) for taskIdle
    main.o(i.main) refers to switch.o(.data) for taskTable
    main.o(i.task1) refers to time.o(i.tSetSysTickPeriod) for tSetSysTickPeriod
    main.o(i.task1) refers to time.o(i.tTaskDelay) for tTaskDelay
    main.o(i.task1) refers to main.o(.data) for flag1
    main.o(i.task2) refers to time.o(i.tTaskDelay) for tTaskDelay
    main.o(i.task2) refers to main.o(.data) for flag2
    switch.o(.emb_text) refers to switch.o(.data) for currentTask
    switch.o(i.tTaskSched) refers to switch.o(i.tTaskSwitch) for tTaskSwitch
    switch.o(i.tTaskSched) refers to switch.o(.data) for currentTask
    time.o(i.SysTick_Handler) refers to time.o(i.tTaskSystemTickHandler) for tTaskSystemTickHandler
    time.o(i.tSetSysTickPeriod) refers to system_armcm3.o(.data) for SystemCoreClock
    time.o(i.tTaskDelay) refers to switch.o(i.tTaskSched) for tTaskSched
    time.o(i.tTaskDelay) refers to switch.o(.data) for currentTask
    time.o(i.tTaskSystemTickHandler) refers to switch.o(i.tTaskSched) for tTaskSched
    time.o(i.tTaskSystemTickHandler) refers to switch.o(.data) for taskTable
    startup_armcm3.o(RESET) refers to startup_armcm3.o(STACK) for __initial_sp
    startup_armcm3.o(RESET) refers to startup_armcm3.o(.text) for Reset_Handler
    startup_armcm3.o(RESET) refers to switch.o(.emb_text) for PendSV_Handler
    startup_armcm3.o(RESET) refers to time.o(i.SysTick_Handler) for SysTick_Handler
    startup_armcm3.o(.text) refers to system_armcm3.o(i.SystemInit) for SystemInit
    startup_armcm3.o(.text) refers to entry.o(.ARM.Collect$$$$00000000) for __main
    system_armcm3.o(i.SystemCoreClockUpdate) refers to system_armcm3.o(.data) for SystemCoreClock
    system_armcm3.o(i.SystemInit) refers to startup_armcm3.o(RESET) for __Vectors
    system_armcm3.o(i.SystemInit) refers to system_armcm3.o(.data) for SystemCoreClock
    entry.o(.ARM.Collect$$$$00000000) refers (Special) to entry10a.o(.ARM.Collect$$$$0000000F) for __rt_final_cpp
    entry.o(.ARM.Collect$$$$00000000) refers (Special) to entry11a.o(.ARM.Collect$$$$00000011) for __rt_final_exit
    entry.o(.ARM.Collect$$$$00000000) refers (Special) to entry12b.o(.ARM.Collect$$$$0000000E) for __rt_lib_shutdown_fini
    entry.o(.ARM.Collect$$$$00000000) refers (Special) to entry7b.o(.ARM.Collect$$$$00000008) for _main_clock
    entry.o(.ARM.Collect$$$$00000000) refers (Special) to entry8b.o(.ARM.Collect$$$$0000000A) for _main_cpp_init
    entry.o(.ARM.Collect$$$$00000000) refers (Special) to entry9a.o(.ARM.Collect$$$$0000000B) for _main_init
    entry.o(.ARM.Collect$$$$00000000) refers (Special) to entry5.o(.ARM.Collect$$$$00000004) for _main_scatterload
    entry.o(.ARM.Collect$$$$00000000) refers (Special) to entry2.o(.ARM.Collect$$$$00000001) for _main_stk
    entry2.o(.ARM.Collect$$$$00000001) refers to entry2.o(.ARM.Collect$$$$00002712) for __lit__00000000
    entry2.o(.ARM.Collect$$$$00002712) refers to startup_armcm3.o(STACK) for __initial_sp
    entry2.o(__vectab_stack_and_reset_area) refers to startup_armcm3.o(STACK) for __initial_sp
    entry2.o(__vectab_stack_and_reset_area) refers to entry.o(.ARM.Collect$$$$00000000) for __main
    entry5.o(.ARM.Collect$$$$00000004) refers to init.o(.text) for __scatterload
    entry9a.o(.ARM.Collect$$$$0000000B) refers to main.o(i.main) for main
    entry9b.o(.ARM.Collect$$$$0000000C) refers to main.o(i.main) for main
    init.o(.text) refers to entry5.o(.ARM.Collect$$$$00000004) for __main_after_scatterload


==============================================================================

Removing Unused input sections from the image.

    Removing main.o(.rev16_text), (4 bytes).
    Removing main.o(.revsh_text), (4 bytes).
    Removing main.o(.rrx_text), (6 bytes).
    Removing main.o(i.delay), (10 bytes).
    Removing switch.o(.rev16_text), (4 bytes).
    Removing switch.o(.revsh_text), (4 bytes).
    Removing switch.o(.rrx_text), (6 bytes).
    Removing tinyos.o(.rev16_text), (4 bytes).
    Removing tinyos.o(.revsh_text), (4 bytes).
    Removing tinyos.o(.rrx_text), (6 bytes).
    Removing time.o(.rev16_text), (4 bytes).
    Removing time.o(.revsh_text), (4 bytes).
    Removing time.o(.rrx_text), (6 bytes).
    Removing startup_armcm3.o(HEAP), (3072 bytes).
    Removing system_armcm3.o(.rev16_text), (4 bytes).
    Removing system_armcm3.o(.revsh_text), (4 bytes).
    Removing system_armcm3.o(.rrx_text), (6 bytes).
    Removing system_armcm3.o(i.SystemCoreClockUpdate), (16 bytes).

18 unused section(s) (total 3168 bytes) removed from the image.

==============================================================================

Image Symbol Table

    Local Symbols

    Symbol Name                              Value     Ov Type        Size  Object(Section)

    RESET                                    0x00000000   Section      960  startup_armcm3.o(RESET)
    ../clib/microlib/init/entry.s            0x00000000   Number         0  entry7a.o ABSOLUTE
    ../clib/microlib/init/entry.s            0x00000000   Number         0  entry5.o ABSOLUTE
    ../clib/microlib/init/entry.s            0x00000000   Number         0  entry7b.o ABSOLUTE
    ../clib/microlib/init/entry.s            0x00000000   Number         0  entry12b.o ABSOLUTE
    ../clib/microlib/init/entry.s            0x00000000   Number         0  entry11b.o ABSOLUTE
    ../clib/microlib/init/entry.s            0x00000000   Number         0  entry2.o ABSOLUTE
    ../clib/microlib/init/entry.s            0x00000000   Number         0  entry11a.o ABSOLUTE
    ../clib/microlib/init/entry.s            0x00000000   Number         0  entry10b.o ABSOLUTE
    ../clib/microlib/init/entry.s            0x00000000   Number         0  entry10a.o ABSOLUTE
    ../clib/microlib/init/entry.s            0x00000000   Number         0  entry9b.o ABSOLUTE
    ../clib/microlib/init/entry.s            0x00000000   Number         0  entry12a.o ABSOLUTE
    ../clib/microlib/init/entry.s            0x00000000   Number         0  entry9a.o ABSOLUTE
    ../clib/microlib/init/entry.s            0x00000000   Number         0  entry8b.o ABSOLUTE
    ../clib/microlib/init/entry.s            0x00000000   Number         0  entry8a.o ABSOLUTE
    ../clib/microlib/init/entry.s            0x00000000   Number         0  entry.o ABSOLUTE
    RTE\Device\ARMCM3\startup_ARMCM3.s       0x00000000   Number         0  startup_armcm3.o ABSOLUTE
    RTE\Device\ARMCM3\system_ARMCM3.c        0x00000000   Number         0  system_armcm3.o ABSOLUTE
    RTE\\Device\\ARMCM3\\system_ARMCM3.c     0x00000000   Number         0  system_armcm3.o ABSOLUTE
    Source\\main.c                           0x00000000   Number         0  main.o ABSOLUTE
    Source\\switch.c                         0x00000000   Number         0  switch.o ABSOLUTE
    Source\\time.c                           0x00000000   Number         0  time.o ABSOLUTE
    Source\\tinyOS.c                         0x00000000   Number         0  tinyos.o ABSOLUTE
    Source\main.c                            0x00000000   Number         0  main.o ABSOLUTE
    Source\switch.c                          0x00000000   Number         0  switch.o ABSOLUTE
    Source\time.c                            0x00000000   Number         0  time.o ABSOLUTE
    Source\tinyOS.c                          0x00000000   Number         0  tinyos.o ABSOLUTE
    dc.s                                     0x00000000   Number         0  dc.o ABSOLUTE
    handlers.s                               0x00000000   Number         0  handlers.o ABSOLUTE
    init.s                                   0x00000000   Number         0  init.o ABSOLUTE
    .ARM.Collect$$$$00000000                 0x000003c0   Section        0  entry.o(.ARM.Collect$$$$00000000)
    .ARM.Collect$$$$00000001                 0x000003c0   Section        4  entry2.o(.ARM.Collect$$$$00000001)
    .ARM.Collect$$$$00000004                 0x000003c4   Section        4  entry5.o(.ARM.Collect$$$$00000004)
    .ARM.Collect$$$$00000008                 0x000003c8   Section        0  entry7b.o(.ARM.Collect$$$$00000008)
    .ARM.Collect$$$$0000000A                 0x000003c8   Section        0  entry8b.o(.ARM.Collect$$$$0000000A)
    .ARM.Collect$$$$0000000B                 0x000003c8   Section        8  entry9a.o(.ARM.Collect$$$$0000000B)
    .ARM.Collect$$$$0000000E                 0x000003d0   Section        4  entry12b.o(.ARM.Collect$$$$0000000E)
    .ARM.Collect$$$$0000000F                 0x000003d4   Section        0  entry10a.o(.ARM.Collect$$$$0000000F)
    .ARM.Collect$$$$00000011                 0x000003d4   Section        0  entry11a.o(.ARM.Collect$$$$00000011)
    .ARM.Collect$$$$00002712                 0x000003d4   Section        4  entry2.o(.ARM.Collect$$$$00002712)
    __lit__00000000                          0x000003d4   Data           4  entry2.o(.ARM.Collect$$$$00002712)
    .emb_text                                0x000003d8   Section       48  switch.o(.emb_text)
    .text                                    0x00000408   Section       56  startup_armcm3.o(.text)
    .text                                    0x00000440   Section       36  init.o(.text)
    i.SysTick_Handler                        0x00000464   Section        0  time.o(i.SysTick_Handler)
    i.SystemInit                             0x0000046c   Section        0  system_armcm3.o(i.SystemInit)
    i.__scatterload_copy                     0x0000048c   Section       14  handlers.o(i.__scatterload_copy)
    i.__scatterload_null                     0x0000049a   Section        2  handlers.o(i.__scatterload_null)
    i.__scatterload_zeroinit                 0x0000049c   Section       14  handlers.o(i.__scatterload_zeroinit)
    i.main                                   0x000004ac   Section        0  main.o(i.main)
    i.tSetSysTickPeriod                      0x00000524   Section        0  time.o(i.tSetSysTickPeriod)
    i.tTaskDelay                             0x0000057c   Section        0  time.o(i.tTaskDelay)
    i.tTaskInit                              0x00000590   Section        0  switch.o(i.tTaskInit)
    i.tTaskRunFirst                          0x00000614   Section        0  switch.o(i.tTaskRunFirst)
    i.tTaskSched                             0x00000630   Section        0  switch.o(i.tTaskSched)
    i.tTaskSwitch                            0x000006e0   Section        0  switch.o(i.tTaskSwitch)
    i.tTaskSystemTickHandler                 0x000006f0   Section        0  time.o(i.tTaskSystemTickHandler)
    i.task1                                  0x00000724   Section        0  main.o(i.task1)
    i.task2                                  0x0000074c   Section        0  main.o(i.task2)
    i.taskIdle                               0x0000076c   Section        0  main.o(i.taskIdle)
    .data                                    0x20000000   Section       32  main.o(.data)
    flag1                                    0x20000000   Data           4  main.o(.data)
    flag2                                    0x20000004   Data           4  main.o(.data)
    .data                                    0x20000020   Section       20  switch.o(.data)
    .data                                    0x20000034   Section        4  system_armcm3.o(.data)
    .bss                                     0x20000038   Section    12288  main.o(.bss)
    STACK                                    0x20003038   Section     1024  startup_armcm3.o(STACK)

    Global Symbols

    Symbol Name                              Value     Ov Type        Size  Object(Section)

    BuildAttributes$$THM_ISAv4$P$D$K$B$S$PE$A:L22UL41UL21$X:L11$S22US41US21$IEEE1$IW$USESV6$~STKCKD$USESV7$~SHL$OSPACE$EBA8$MICROLIB$REQ8$PRES8$EABIv2 0x00000000   Number         0  anon$$obj.o ABSOLUTE
    __ARM_use_no_argv                        0x00000000   Number         0  main.o ABSOLUTE
    __Vectors                                0x00000000   Data           4  startup_armcm3.o(RESET)
    __arm_fini_                               - Undefined Weak Reference
    __cpp_initialize__aeabi_                  - Undefined Weak Reference
    __cxa_finalize                            - Undefined Weak Reference
    __decompress                              - Undefined Weak Reference
    _clock_init                               - Undefined Weak Reference
    _microlib_exit                            - Undefined Weak Reference
    __Vectors_End                            0x000003c0   Data           0  startup_armcm3.o(RESET)
    __Vectors_Size                           0x000003c0   Number         0  startup_armcm3.o ABSOLUTE
    __main                                   0x000003c1   Thumb Code     0  entry.o(.ARM.Collect$$$$00000000)
    _main_stk                                0x000003c1   Thumb Code     0  entry2.o(.ARM.Collect$$$$00000001)
    _main_scatterload                        0x000003c5   Thumb Code     0  entry5.o(.ARM.Collect$$$$00000004)
    __main_after_scatterload                 0x000003c9   Thumb Code     0  entry5.o(.ARM.Collect$$$$00000004)
    _main_clock                              0x000003c9   Thumb Code     0  entry7b.o(.ARM.Collect$$$$00000008)
    _main_cpp_init                           0x000003c9   Thumb Code     0  entry8b.o(.ARM.Collect$$$$0000000A)
    _main_init                               0x000003c9   Thumb Code     0  entry9a.o(.ARM.Collect$$$$0000000B)
    __rt_lib_shutdown_fini                   0x000003d1   Thumb Code     0  entry12b.o(.ARM.Collect$$$$0000000E)
    __rt_final_cpp                           0x000003d5   Thumb Code     0  entry10a.o(.ARM.Collect$$$$0000000F)
    __rt_final_exit                          0x000003d5   Thumb Code     0  entry11a.o(.ARM.Collect$$$$00000011)
    PendSV_Handler                           0x000003d9   Thumb Code    40  switch.o(.emb_text)
    Reset_Handler                            0x00000409   Thumb Code     8  startup_armcm3.o(.text)
    HardFault_Handler                        0x00000411   Thumb Code     2  startup_armcm3.o(.text)
    NMI_Handler                              0x00000413   Thumb Code     2  startup_armcm3.o(.text)
    MemManage_Handler                        0x00000415   Thumb Code     2  startup_armcm3.o(.text)
    BusFault_Handler                         0x00000417   Thumb Code     2  startup_armcm3.o(.text)
    UsageFault_Handler                       0x00000419   Thumb Code     2  startup_armcm3.o(.text)
    SVC_Handler                              0x0000041b   Thumb Code     2  startup_armcm3.o(.text)
    DebugMon_Handler                         0x0000041d   Thumb Code     2  startup_armcm3.o(.text)
    Interrupt0_Handler                       0x00000423   Thumb Code     2  startup_armcm3.o(.text)
    Interrupt1_Handler                       0x00000425   Thumb Code     2  startup_armcm3.o(.text)
    Interrupt2_Handler                       0x00000427   Thumb Code     2  startup_armcm3.o(.text)
    Interrupt3_Handler                       0x00000429   Thumb Code     2  startup_armcm3.o(.text)
    Interrupt4_Handler                       0x0000042b   Thumb Code     2  startup_armcm3.o(.text)
    Interrupt5_Handler                       0x0000042d   Thumb Code     2  startup_armcm3.o(.text)
    Interrupt6_Handler                       0x0000042f   Thumb Code     2  startup_armcm3.o(.text)
    Interrupt7_Handler                       0x00000431   Thumb Code     2  startup_armcm3.o(.text)
    Interrupt8_Handler                       0x00000433   Thumb Code     2  startup_armcm3.o(.text)
    Interrupt9_Handler                       0x00000435   Thumb Code     2  startup_armcm3.o(.text)
    __scatterload                            0x00000441   Thumb Code    28  init.o(.text)
    __scatterload_rt2                        0x00000441   Thumb Code     0  init.o(.text)
    SysTick_Handler                          0x00000465   Thumb Code     8  time.o(i.SysTick_Handler)
    SystemInit                               0x0000046d   Thumb Code    14  system_armcm3.o(i.SystemInit)
    __scatterload_copy                       0x0000048d   Thumb Code    14  handlers.o(i.__scatterload_copy)
    __scatterload_null                       0x0000049b   Thumb Code     2  handlers.o(i.__scatterload_null)
    __scatterload_zeroinit                   0x0000049d   Thumb Code    14  handlers.o(i.__scatterload_zeroinit)
    main                                     0x000004ad   Thumb Code    72  main.o(i.main)
    tSetSysTickPeriod                        0x00000525   Thumb Code    74  time.o(i.tSetSysTickPeriod)
    tTaskDelay                               0x0000057d   Thumb Code    16  time.o(i.tTaskDelay)
    tTaskInit                                0x00000591   Thumb Code   132  switch.o(i.tTaskInit)
    tTaskRunFirst                            0x00000615   Thumb Code    24  switch.o(i.tTaskRunFirst)
    tTaskSched                               0x00000631   Thumb Code   160  switch.o(i.tTaskSched)
    tTaskSwitch                              0x000006e1   Thumb Code    10  switch.o(i.tTaskSwitch)
    tTaskSystemTickHandler                   0x000006f1   Thumb Code    46  time.o(i.tTaskSystemTickHandler)
    task1                                    0x00000725   Thumb Code    34  main.o(i.task1)
    task2                                    0x0000074d   Thumb Code    28  main.o(i.task2)
    taskIdle                                 0x0000076d   Thumb Code     4  main.o(i.taskIdle)
    Region$$Table$$Base                      0x00000770   Number         0  anon$$obj.o(Region$$Table)
    Region$$Table$$Limit                     0x00000790   Number         0  anon$$obj.o(Region$$Table)
    tTask1                                   0x20000008   Data           8  main.o(.data)
    tTask2                                   0x20000010   Data           8  main.o(.data)
    tTaskIdle                                0x20000018   Data           8  main.o(.data)
    currentTask                              0x20000020   Data           4  switch.o(.data)
    nextTask                                 0x20000024   Data           4  switch.o(.data)
    IdleTask                                 0x20000028   Data           4  switch.o(.data)
    taskTable                                0x2000002c   Data           8  switch.o(.data)
    SystemCoreClock                          0x20000034   Data           4  system_armcm3.o(.data)
    task1Env                                 0x20000038   Data        4096  main.o(.bss)
    task2Env                                 0x20001038   Data        4096  main.o(.bss)
    taskIdleEnv                              0x20002038   Data        4096  main.o(.bss)
    __stack_limit                            0x20003038   Data           0  startup_armcm3.o(STACK)
    __initial_sp                             0x20003438   Data           0  startup_armcm3.o(STACK)



==============================================================================

Memory Map of the image

  Image Entry point : 0x000003c1

  Load Region LR_IROM1 (Base: 0x00000000, Size: 0x000007c8, Max: 0x00040000, ABSOLUTE)

    Execution Region ER_IROM1 (Exec base: 0x00000000, Load base: 0x00000000, Size: 0x00000790, Max: 0x00040000, ABSOLUTE)

    Exec Addr    Load Addr    Size         Type   Attr      Idx    E Section Name        Object

    0x00000000   0x00000000   0x000003c0   Data   RO          210    RESET               startup_armcm3.o
    0x000003c0   0x000003c0   0x00000000   Code   RO          252  * .ARM.Collect$$$$00000000  mc_w.l(entry.o)
    0x000003c0   0x000003c0   0x00000004   Code   RO          255    .ARM.Collect$$$$00000001  mc_w.l(entry2.o)
    0x000003c4   0x000003c4   0x00000004   Code   RO          258    .ARM.Collect$$$$00000004  mc_w.l(entry5.o)
    0x000003c8   0x000003c8   0x00000000   Code   RO          260    .ARM.Collect$$$$00000008  mc_w.l(entry7b.o)
    0x000003c8   0x000003c8   0x00000000   Code   RO          262    .ARM.Collect$$$$0000000A  mc_w.l(entry8b.o)
    0x000003c8   0x000003c8   0x00000008   Code   RO          263    .ARM.Collect$$$$0000000B  mc_w.l(entry9a.o)
    0x000003d0   0x000003d0   0x00000004   Code   RO          270    .ARM.Collect$$$$0000000E  mc_w.l(entry12b.o)
    0x000003d4   0x000003d4   0x00000000   Code   RO          265    .ARM.Collect$$$$0000000F  mc_w.l(entry10a.o)
    0x000003d4   0x000003d4   0x00000000   Code   RO          267    .ARM.Collect$$$$00000011  mc_w.l(entry11a.o)
    0x000003d4   0x000003d4   0x00000004   Code   RO          256    .ARM.Collect$$$$00002712  mc_w.l(entry2.o)
    0x000003d8   0x000003d8   0x00000030   Code   RO           92    .emb_text           switch.o
    0x00000408   0x00000408   0x00000038   Code   RO          211    .text               startup_armcm3.o
    0x00000440   0x00000440   0x00000024   Code   RO          271    .text               mc_w.l(init.o)
    0x00000464   0x00000464   0x00000008   Code   RO          165    i.SysTick_Handler   time.o
    0x0000046c   0x0000046c   0x00000020   Code   RO          219    i.SystemInit        system_armcm3.o
    0x0000048c   0x0000048c   0x0000000e   Code   RO          275    i.__scatterload_copy  mc_w.l(handlers.o)
    0x0000049a   0x0000049a   0x00000002   Code   RO          276    i.__scatterload_null  mc_w.l(handlers.o)
    0x0000049c   0x0000049c   0x0000000e   Code   RO          277    i.__scatterload_zeroinit  mc_w.l(handlers.o)
    0x000004aa   0x000004aa   0x00000002   PAD
    0x000004ac   0x000004ac   0x00000078   Code   RO            5    i.main              main.o
    0x00000524   0x00000524   0x00000058   Code   RO          166    i.tSetSysTickPeriod  time.o
    0x0000057c   0x0000057c   0x00000014   Code   RO          167    i.tTaskDelay        time.o
    0x00000590   0x00000590   0x00000084   Code   RO           93    i.tTaskInit         switch.o
    0x00000614   0x00000614   0x0000001c   Code   RO           94    i.tTaskRunFirst     switch.o
    0x00000630   0x00000630   0x000000b0   Code   RO           95    i.tTaskSched        switch.o
    0x000006e0   0x000006e0   0x00000010   Code   RO           96    i.tTaskSwitch       switch.o
    0x000006f0   0x000006f0   0x00000034   Code   RO          168    i.tTaskSystemTickHandler  time.o
    0x00000724   0x00000724   0x00000028   Code   RO            6    i.task1             main.o
    0x0000074c   0x0000074c   0x00000020   Code   RO            7    i.task2             main.o
    0x0000076c   0x0000076c   0x00000004   Code   RO            8    i.taskIdle          main.o
    0x00000770   0x00000770   0x00000020   Data   RO          273    Region$$Table       anon$$obj.o


    Execution Region RW_IRAM1 (Exec base: 0x20000000, Load base: 0x00000790, Size: 0x00003438, Max: 0x00020000, ABSOLUTE)

    Exec Addr    Load Addr    Size         Type   Attr      Idx    E Section Name        Object

    0x20000000   0x00000790   0x00000020   Data   RW           10    .data               main.o
    0x20000020   0x000007b0   0x00000014   Data   RW           97    .data               switch.o
    0x20000034   0x000007c4   0x00000004   Data   RW          220    .data               system_armcm3.o
    0x20000038        -       0x00003000   Zero   RW            9    .bss                main.o
    0x20003038        -       0x00000400   Zero   RW          208    STACK               startup_armcm3.o


==============================================================================

Image component sizes


      Code (inc. data)   RO Data    RW Data    ZI Data      Debug   Object Name

       196         58          0         32      12288       8672   main.o
        56         10        960          0       1024       1152   startup_armcm3.o
       400         34          0         20          0       7433   switch.o
        32         18          0          4          0        623   system_armcm3.o
       168         24          0          0          0      28891   time.o

    ----------------------------------------------------------------------
       852        144        992         56      13312      46771   Object Totals
         0          0         32          0          0          0   (incl. Generated)
         0          0          0          0          0          0   (incl. Padding)

    ----------------------------------------------------------------------

      Code (inc. data)   RO Data    RW Data    ZI Data      Debug   Library Member Name

         0          0          0          0          0          0   entry.o
         0          0          0          0          0          0   entry10a.o
         0          0          0          0          0          0   entry11a.o
         4          0          0          0          0          0   entry12b.o
         8          4          0          0          0          0   entry2.o
         4          0          0          0          0          0   entry5.o
         0          0          0          0          0          0   entry7b.o
         0          0          0          0          0          0   entry8b.o
         8          4          0          0          0          0   entry9a.o
        30          0          0          0          0          0   handlers.o
        36          8          0          0          0         68   init.o

    ----------------------------------------------------------------------
        92         16          0          0          0         68   Library Totals
         2          0          0          0          0          0   (incl. Padding)

    ----------------------------------------------------------------------

      Code (inc. data)   RO Data    RW Data    ZI Data      Debug   Library Name

        90         16          0          0          0         68   mc_w.l

    ----------------------------------------------------------------------
        92         16          0          0          0         68   Library Totals

    ----------------------------------------------------------------------

==============================================================================


      Code (inc. data)   RO Data    RW Data    ZI Data      Debug   

       944        160        992         56      13312      46419   Grand Totals
       944        160        992         56      13312      46419   ELF Image Totals
       944        160        992         56          0          0   ROM Totals

==============================================================================

    Total RO  Size (Code + RO Data)                 1936 (   1.89kB)
    Total RW  Size (RW Data + ZI Data)             13368 (  13.05kB)
    Total ROM Size (Code + RO Data + RW Data)       1992 (   1.95kB)

==============================================================================

