Component: ARM Compiler 5.06 update 7 (build 960) Tool: armlink [4d3601]

==============================================================================

Section Cross References

    main.o(i.main) refers to switch.o(i.tTaskSchedInit) for tTaskSchedInit
    main.o(i.main) refers to switch.o(i.tTaskInit) for tTaskInit
    main.o(i.main) refers to switch.o(i.tTaskHighestReady) for tTaskHighestReady
    main.o(i.main) refers to switch.o(i.tTaskRunFirst) for tTaskRunFirst
    main.o(i.main) refers to main.o(.bss) for task1Env
    main.o(i.main) refers to main.o(i.task1) for task1
    main.o(i.main) refers to main.o(i.task2) for task2
    main.o(i.main) refers to main.o(i.task3) for task3
    main.o(i.main) refers to main.o(i.taskIdle) for taskIdle
    main.o(i.main) refers to switch.o(.data) for IdleTask
    main.o(i.task1) refers to time.o(i.tSetSysTickPeriod) for tSetSysTickPeriod
    main.o(i.task1) refers to time.o(i.tTaskDelay) for tTaskDelay
    main.o(i.task1) refers to main.o(.data) for flag1
    main.o(i.task2) refers to main.o(i.delay) for delay
    main.o(i.task2) refers to main.o(.data) for flag2
    main.o(i.task3) refers to main.o(i.delay) for delay
    main.o(i.task3) refers to main.o(.data) for flag3
    switch.o(.emb_text) refers to switch.o(.data) for currentTask
    switch.o(i.tTaskDelayedInit) refers to tnode.o(i.tListInit) for tListInit
    switch.o(i.tTaskDelayedInit) refers to switch.o(.bss) for tTaskDelayedList
    switch.o(i.tTaskHighestReady) refers to tbitmap.o(i.tBitmapGetFirstSet) for tBitmapGetFirstSet
    switch.o(i.tTaskHighestReady) refers to tnode.o(i.tListFirst) for tListFirst
    switch.o(i.tTaskHighestReady) refers to switch.o(.data) for taskPrioBitmap
    switch.o(i.tTaskHighestReady) refers to switch.o(.bss) for taskTable
    switch.o(i.tTaskInit) refers to tnode.o(i.tNodeInit) for tNodeInit
    switch.o(i.tTaskInit) refers to tnode.o(i.tListAddFirst) for tListAddFirst
    switch.o(i.tTaskInit) refers to tbitmap.o(i.tBitmapSet) for tBitmapSet
    switch.o(i.tTaskInit) refers to switch.o(.bss) for taskTable
    switch.o(i.tTaskInit) refers to switch.o(.data) for taskPrioBitmap
    switch.o(i.tTaskSched) refers to primask.o(i.tTaskEnterCritical) for tTaskEnterCritical
    switch.o(i.tTaskSched) refers to primask.o(i.tTaskExitCritical) for tTaskExitCritical
    switch.o(i.tTaskSched) refers to switch.o(i.tTaskHighestReady) for tTaskHighestReady
    switch.o(i.tTaskSched) refers to switch.o(i.tTaskSwitch) for tTaskSwitch
    switch.o(i.tTaskSched) refers to switch.o(.data) for schedLockCount
    switch.o(i.tTaskSchedDisable) refers to primask.o(i.tTaskEnterCritical) for tTaskEnterCritical
    switch.o(i.tTaskSchedDisable) refers to primask.o(i.tTaskExitCritical) for tTaskExitCritical
    switch.o(i.tTaskSchedDisable) refers to switch.o(.data) for schedLockCount
    switch.o(i.tTaskSchedEnable) refers to primask.o(i.tTaskEnterCritical) for tTaskEnterCritical
    switch.o(i.tTaskSchedEnable) refers to switch.o(i.tTaskSched) for tTaskSched
    switch.o(i.tTaskSchedEnable) refers to primask.o(i.tTaskExitCritical) for tTaskExitCritical
    switch.o(i.tTaskSchedEnable) refers to switch.o(.data) for schedLockCount
    switch.o(i.tTaskSchedInit) refers to switch.o(i.tTaskSchedLockInit) for tTaskSchedLockInit
    switch.o(i.tTaskSchedInit) refers to tbitmap.o(i.tBitmapInit) for tBitmapInit
    switch.o(i.tTaskSchedInit) refers to switch.o(i.tTaskDelayedInit) for tTaskDelayedInit
    switch.o(i.tTaskSchedInit) refers to tnode.o(i.tListInit) for tListInit
    switch.o(i.tTaskSchedInit) refers to switch.o(.data) for taskPrioBitmap
    switch.o(i.tTaskSchedInit) refers to switch.o(.bss) for taskTable
    switch.o(i.tTaskSchedLockInit) refers to switch.o(.data) for schedLockCount
    time.o(i.SysTick_Handler) refers to time.o(i.tTaskSystemTickHandler) for tTaskSystemTickHandler
    time.o(i.tSetSysTickPeriod) refers to system_armcm3.o(.data) for SystemCoreClock
    time.o(i.tTaskDelay) refers to primask.o(i.tTaskEnterCritical) for tTaskEnterCritical
    time.o(i.tTaskDelay) refers to time.o(i.tTimeTaskWait) for tTimeTaskWait
    time.o(i.tTaskDelay) refers to time.o(i.tTaskSchedUnRdy) for tTaskSchedUnRdy
    time.o(i.tTaskDelay) refers to primask.o(i.tTaskExitCritical) for tTaskExitCritical
    time.o(i.tTaskDelay) refers to switch.o(i.tTaskSched) for tTaskSched
    time.o(i.tTaskDelay) refers to switch.o(.data) for currentTask
    time.o(i.tTaskSchedRdy) refers to tnode.o(i.tListAddLast) for tListAddLast
    time.o(i.tTaskSchedRdy) refers to tbitmap.o(i.tBitmapSet) for tBitmapSet
    time.o(i.tTaskSchedRdy) refers to switch.o(.bss) for taskTable
    time.o(i.tTaskSchedRdy) refers to switch.o(.data) for taskPrioBitmap
    time.o(i.tTaskSchedUnRdy) refers to tnode.o(i.tListRemove) for tListRemove
    time.o(i.tTaskSchedUnRdy) refers to tnode.o(i.tListCount) for tListCount
    time.o(i.tTaskSchedUnRdy) refers to tbitmap.o(i.tBitmapClear) for tBitmapClear
    time.o(i.tTaskSchedUnRdy) refers to switch.o(.bss) for taskTable
    time.o(i.tTaskSchedUnRdy) refers to switch.o(.data) for taskPrioBitmap
    time.o(i.tTaskSystemTickHandler) refers to primask.o(i.tTaskEnterCritical) for tTaskEnterCritical
    time.o(i.tTaskSystemTickHandler) refers to time.o(i.tTimeTaskWakeUp) for tTimeTaskWakeUp
    time.o(i.tTaskSystemTickHandler) refers to time.o(i.tTaskSchedRdy) for tTaskSchedRdy
    time.o(i.tTaskSystemTickHandler) refers to tnode.o(i.tListCount) for tListCount
    time.o(i.tTaskSystemTickHandler) refers to tnode.o(i.tListRemoveFirst) for tListRemoveFirst
    time.o(i.tTaskSystemTickHandler) refers to tnode.o(i.tListAddLast) for tListAddLast
    time.o(i.tTaskSystemTickHandler) refers to primask.o(i.tTaskExitCritical) for tTaskExitCritical
    time.o(i.tTaskSystemTickHandler) refers to switch.o(i.tTaskSched) for tTaskSched
    time.o(i.tTaskSystemTickHandler) refers to switch.o(.bss) for tTaskDelayedList
    time.o(i.tTaskSystemTickHandler) refers to switch.o(.data) for currentTask
    time.o(i.tTimeTaskWait) refers to tnode.o(i.tListAddLast) for tListAddLast
    time.o(i.tTimeTaskWait) refers to switch.o(.bss) for tTaskDelayedList
    time.o(i.tTimeTaskWakeUp) refers to tnode.o(i.tListRemove) for tListRemove
    time.o(i.tTimeTaskWakeUp) refers to switch.o(.bss) for tTaskDelayedList
    tbitmap.o(i.tBitmapGetFirstSet) refers to tbitmap.o(i.tBitmapCount) for tBitmapCount
    tbitmap.o(i.tBitmapGetFirstSet) refers to tbitmap.o(.constdata) for quickFindTable
    startup_armcm3.o(RESET) refers to startup_armcm3.o(STACK) for __initial_sp
    startup_armcm3.o(RESET) refers to startup_armcm3.o(.text) for Reset_Handler
    startup_armcm3.o(RESET) refers to switch.o(.emb_text) for PendSV_Handler
    startup_armcm3.o(RESET) refers to time.o(i.SysTick_Handler) for SysTick_Handler
    startup_armcm3.o(.text) refers to system_armcm3.o(i.SystemInit) for SystemInit
    startup_armcm3.o(.text) refers to entry.o(.ARM.Collect$$$$00000000) for __main
    system_armcm3.o(i.SystemCoreClockUpdate) refers to system_armcm3.o(.data) for SystemCoreClock
    system_armcm3.o(i.SystemInit) refers to startup_armcm3.o(RESET) for __Vectors
    system_armcm3.o(i.SystemInit) refers to system_armcm3.o(.data) for SystemCoreClock
    entry.o(.ARM.Collect$$$$00000000) refers (Special) to entry10a.o(.ARM.Collect$$$$0000000F) for __rt_final_cpp
    entry.o(.ARM.Collect$$$$00000000) refers (Special) to entry11a.o(.ARM.Collect$$$$00000011) for __rt_final_exit
    entry.o(.ARM.Collect$$$$00000000) refers (Special) to entry12b.o(.ARM.Collect$$$$0000000E) for __rt_lib_shutdown_fini
    entry.o(.ARM.Collect$$$$00000000) refers (Special) to entry7b.o(.ARM.Collect$$$$00000008) for _main_clock
    entry.o(.ARM.Collect$$$$00000000) refers (Special) to entry8b.o(.ARM.Collect$$$$0000000A) for _main_cpp_init
    entry.o(.ARM.Collect$$$$00000000) refers (Special) to entry9a.o(.ARM.Collect$$$$0000000B) for _main_init
    entry.o(.ARM.Collect$$$$00000000) refers (Special) to entry5.o(.ARM.Collect$$$$00000004) for _main_scatterload
    entry.o(.ARM.Collect$$$$00000000) refers (Special) to entry2.o(.ARM.Collect$$$$00000001) for _main_stk
    entry2.o(.ARM.Collect$$$$00000001) refers to entry2.o(.ARM.Collect$$$$00002712) for __lit__00000000
    entry2.o(.ARM.Collect$$$$00002712) refers to startup_armcm3.o(STACK) for __initial_sp
    entry2.o(__vectab_stack_and_reset_area) refers to startup_armcm3.o(STACK) for __initial_sp
    entry2.o(__vectab_stack_and_reset_area) refers to entry.o(.ARM.Collect$$$$00000000) for __main
    entry5.o(.ARM.Collect$$$$00000004) refers to init.o(.text) for __scatterload
    entry9a.o(.ARM.Collect$$$$0000000B) refers to main.o(i.main) for main
    entry9b.o(.ARM.Collect$$$$0000000C) refers to main.o(i.main) for main
    init.o(.text) refers to entry5.o(.ARM.Collect$$$$00000004) for __main_after_scatterload


==============================================================================

Removing Unused input sections from the image.

    Removing main.o(.rev16_text), (4 bytes).
    Removing main.o(.revsh_text), (4 bytes).
    Removing main.o(.rrx_text), (6 bytes).
    Removing switch.o(.rev16_text), (4 bytes).
    Removing switch.o(.revsh_text), (4 bytes).
    Removing switch.o(.rrx_text), (6 bytes).
    Removing switch.o(i.tTaskSchedDisable), (40 bytes).
    Removing switch.o(i.tTaskSchedEnable), (48 bytes).
    Removing time.o(.rev16_text), (4 bytes).
    Removing time.o(.revsh_text), (4 bytes).
    Removing time.o(.rrx_text), (6 bytes).
    Removing time.o(.data), (4 bytes).
    Removing primask.o(.rev16_text), (4 bytes).
    Removing primask.o(.revsh_text), (4 bytes).
    Removing primask.o(.rrx_text), (6 bytes).
    Removing tnode.o(i.tListInsertAfter), (20 bytes).
    Removing tnode.o(i.tListLast), (12 bytes).
    Removing tnode.o(i.tListNext), (16 bytes).
    Removing tnode.o(i.tListPre), (16 bytes).
    Removing tnode.o(i.tListRemoveAll), (32 bytes).
    Removing startup_armcm3.o(HEAP), (3072 bytes).
    Removing system_armcm3.o(.rev16_text), (4 bytes).
    Removing system_armcm3.o(.revsh_text), (4 bytes).
    Removing system_armcm3.o(.rrx_text), (6 bytes).
    Removing system_armcm3.o(i.SystemCoreClockUpdate), (16 bytes).

25 unused section(s) (total 3346 bytes) removed from the image.

==============================================================================

Image Symbol Table

    Local Symbols

    Symbol Name                              Value     Ov Type        Size  Object(Section)

    RESET                                    0x00000000   Section      960  startup_armcm3.o(RESET)
    ../clib/microlib/init/entry.s            0x00000000   Number         0  entry7b.o ABSOLUTE
    ../clib/microlib/init/entry.s            0x00000000   Number         0  entry9a.o ABSOLUTE
    ../clib/microlib/init/entry.s            0x00000000   Number         0  entry7a.o ABSOLUTE
    ../clib/microlib/init/entry.s            0x00000000   Number         0  entry10b.o ABSOLUTE
    ../clib/microlib/init/entry.s            0x00000000   Number         0  entry9b.o ABSOLUTE
    ../clib/microlib/init/entry.s            0x00000000   Number         0  entry5.o ABSOLUTE
    ../clib/microlib/init/entry.s            0x00000000   Number         0  entry10a.o ABSOLUTE
    ../clib/microlib/init/entry.s            0x00000000   Number         0  entry11a.o ABSOLUTE
    ../clib/microlib/init/entry.s            0x00000000   Number         0  entry2.o ABSOLUTE
    ../clib/microlib/init/entry.s            0x00000000   Number         0  entry11b.o ABSOLUTE
    ../clib/microlib/init/entry.s            0x00000000   Number         0  entry12a.o ABSOLUTE
    ../clib/microlib/init/entry.s            0x00000000   Number         0  entry12b.o ABSOLUTE
    ../clib/microlib/init/entry.s            0x00000000   Number         0  entry.o ABSOLUTE
    ../clib/microlib/init/entry.s            0x00000000   Number         0  entry8b.o ABSOLUTE
    ../clib/microlib/init/entry.s            0x00000000   Number         0  entry8a.o ABSOLUTE
    RTE\Device\ARMCM3\startup_ARMCM3.s       0x00000000   Number         0  startup_armcm3.o ABSOLUTE
    RTE\Device\ARMCM3\system_ARMCM3.c        0x00000000   Number         0  system_armcm3.o ABSOLUTE
    RTE\\Device\\ARMCM3\\system_ARMCM3.c     0x00000000   Number         0  system_armcm3.o ABSOLUTE
    Source\\main.c                           0x00000000   Number         0  main.o ABSOLUTE
    Source\\primask.c                        0x00000000   Number         0  primask.o ABSOLUTE
    Source\\switch.c                         0x00000000   Number         0  switch.o ABSOLUTE
    Source\\time.c                           0x00000000   Number         0  time.o ABSOLUTE
    Source\main.c                            0x00000000   Number         0  main.o ABSOLUTE
    Source\primask.c                         0x00000000   Number         0  primask.o ABSOLUTE
    Source\switch.c                          0x00000000   Number         0  switch.o ABSOLUTE
    Source\tbitmap.c                         0x00000000   Number         0  tbitmap.o ABSOLUTE
    Source\time.c                            0x00000000   Number         0  time.o ABSOLUTE
    Source\tnode.c                           0x00000000   Number         0  tnode.o ABSOLUTE
    dc.s                                     0x00000000   Number         0  dc.o ABSOLUTE
    handlers.s                               0x00000000   Number         0  handlers.o ABSOLUTE
    init.s                                   0x00000000   Number         0  init.o ABSOLUTE
    .ARM.Collect$$$$00000000                 0x000003c0   Section        0  entry.o(.ARM.Collect$$$$00000000)
    .ARM.Collect$$$$00000001                 0x000003c0   Section        4  entry2.o(.ARM.Collect$$$$00000001)
    .ARM.Collect$$$$00000004                 0x000003c4   Section        4  entry5.o(.ARM.Collect$$$$00000004)
    .ARM.Collect$$$$00000008                 0x000003c8   Section        0  entry7b.o(.ARM.Collect$$$$00000008)
    .ARM.Collect$$$$0000000A                 0x000003c8   Section        0  entry8b.o(.ARM.Collect$$$$0000000A)
    .ARM.Collect$$$$0000000B                 0x000003c8   Section        8  entry9a.o(.ARM.Collect$$$$0000000B)
    .ARM.Collect$$$$0000000E                 0x000003d0   Section        4  entry12b.o(.ARM.Collect$$$$0000000E)
    .ARM.Collect$$$$0000000F                 0x000003d4   Section        0  entry10a.o(.ARM.Collect$$$$0000000F)
    .ARM.Collect$$$$00000011                 0x000003d4   Section        0  entry11a.o(.ARM.Collect$$$$00000011)
    .ARM.Collect$$$$00002712                 0x000003d4   Section        4  entry2.o(.ARM.Collect$$$$00002712)
    __lit__00000000                          0x000003d4   Data           4  entry2.o(.ARM.Collect$$$$00002712)
    .emb_text                                0x000003d8   Section       48  switch.o(.emb_text)
    .text                                    0x00000408   Section       56  startup_armcm3.o(.text)
    .text                                    0x00000440   Section       36  init.o(.text)
    i.SysTick_Handler                        0x00000464   Section        0  time.o(i.SysTick_Handler)
    i.SystemInit                             0x0000046c   Section        0  system_armcm3.o(i.SystemInit)
    i.__scatterload_copy                     0x0000048c   Section       14  handlers.o(i.__scatterload_copy)
    i.__scatterload_null                     0x0000049a   Section        2  handlers.o(i.__scatterload_null)
    i.__scatterload_zeroinit                 0x0000049c   Section       14  handlers.o(i.__scatterload_zeroinit)
    i.delay                                  0x000004aa   Section        0  main.o(i.delay)
    i.main                                   0x000004b8   Section        0  main.o(i.main)
    i.tBitmapClear                           0x00000550   Section        0  tbitmap.o(i.tBitmapClear)
    i.tBitmapCount                           0x0000055c   Section        0  tbitmap.o(i.tBitmapCount)
    i.tBitmapGetFirstSet                     0x00000560   Section        0  tbitmap.o(i.tBitmapGetFirstSet)
    i.tBitmapInit                            0x000005bc   Section        0  tbitmap.o(i.tBitmapInit)
    i.tBitmapSet                             0x000005c2   Section        0  tbitmap.o(i.tBitmapSet)
    i.tListAddFirst                          0x000005ce   Section        0  tnode.o(i.tListAddFirst)
    i.tListAddLast                           0x000005e6   Section        0  tnode.o(i.tListAddLast)
    i.tListCount                             0x000005fa   Section        0  tnode.o(i.tListCount)
    i.tListFirst                             0x00000600   Section        0  tnode.o(i.tListFirst)
    i.tListInit                              0x0000060c   Section        0  tnode.o(i.tListInit)
    i.tListRemove                            0x00000616   Section        0  tnode.o(i.tListRemove)
    i.tListRemoveFirst                       0x0000062a   Section        0  tnode.o(i.tListRemoveFirst)
    i.tNodeInit                              0x00000644   Section        0  tnode.o(i.tNodeInit)
    i.tSetSysTickPeriod                      0x0000064c   Section        0  time.o(i.tSetSysTickPeriod)
    i.tTaskDelay                             0x000006a4   Section        0  time.o(i.tTaskDelay)
    i.tTaskDelayedInit                       0x000006d0   Section        0  switch.o(i.tTaskDelayedInit)
    i.tTaskEnterCritical                     0x000006e0   Section        0  primask.o(i.tTaskEnterCritical)
    i.tTaskExitCritical                      0x000006ec   Section        0  primask.o(i.tTaskExitCritical)
    i.tTaskHighestReady                      0x000006f8   Section        0  switch.o(i.tTaskHighestReady)
    i.tTaskInit                              0x00000720   Section        0  switch.o(i.tTaskInit)
    i.tTaskRunFirst                          0x000007f0   Section        0  switch.o(i.tTaskRunFirst)
    i.tTaskSched                             0x0000080c   Section        0  switch.o(i.tTaskSched)
    i.tTaskSchedInit                         0x00000858   Section        0  switch.o(i.tTaskSchedInit)
    i.tTaskSchedLockInit                     0x0000088c   Section        0  switch.o(i.tTaskSchedLockInit)
    i.tTaskSchedRdy                          0x00000898   Section        0  time.o(i.tTaskSchedRdy)
    i.tTaskSchedUnRdy                        0x000008c0   Section        0  time.o(i.tTaskSchedUnRdy)
    i.tTaskSwitch                            0x000008fc   Section        0  switch.o(i.tTaskSwitch)
    i.tTaskSystemTickHandler                 0x0000090c   Section        0  time.o(i.tTaskSystemTickHandler)
    i.tTimeTaskWait                          0x000009b0   Section        0  time.o(i.tTimeTaskWait)
    i.tTimeTaskWakeUp                        0x000009d0   Section        0  time.o(i.tTimeTaskWakeUp)
    i.task1                                  0x000009ec   Section        0  main.o(i.task1)
    i.task2                                  0x00000a10   Section        0  main.o(i.task2)
    i.task3                                  0x00000a2c   Section        0  main.o(i.task3)
    i.taskIdle                               0x00000a48   Section        0  main.o(i.taskIdle)
    .constdata                               0x00000a4c   Section      256  tbitmap.o(.constdata)
    quickFindTable                           0x00000a4c   Data         256  tbitmap.o(.constdata)
    .data                                    0x20000000   Section       16  main.o(.data)
    flag1                                    0x20000000   Data           4  main.o(.data)
    flag2                                    0x20000004   Data           4  main.o(.data)
    flag3                                    0x20000008   Data           4  main.o(.data)
    .data                                    0x20000010   Section       20  switch.o(.data)
    .data                                    0x20000024   Section        4  system_armcm3.o(.data)
    .bss                                     0x20000028   Section    16528  main.o(.bss)
    .bss                                     0x200040b8   Section      396  switch.o(.bss)
    STACK                                    0x20004248   Section     1024  startup_armcm3.o(STACK)

    Global Symbols

    Symbol Name                              Value     Ov Type        Size  Object(Section)

    BuildAttributes$$THM_ISAv4$P$D$K$B$S$PE$A:L22UL41UL21$X:L11$S22US41US21$IEEE1$IW$USESV6$~STKCKD$USESV7$~SHL$OSPACE$EBA8$MICROLIB$REQ8$PRES8$EABIv2 0x00000000   Number         0  anon$$obj.o ABSOLUTE
    __ARM_use_no_argv                        0x00000000   Number         0  main.o ABSOLUTE
    __Vectors                                0x00000000   Data           4  startup_armcm3.o(RESET)
    __arm_fini_                               - Undefined Weak Reference
    __cpp_initialize__aeabi_                  - Undefined Weak Reference
    __cxa_finalize                            - Undefined Weak Reference
    __decompress                              - Undefined Weak Reference
    _clock_init                               - Undefined Weak Reference
    _microlib_exit                            - Undefined Weak Reference
    __Vectors_End                            0x000003c0   Data           0  startup_armcm3.o(RESET)
    __Vectors_Size                           0x000003c0   Number         0  startup_armcm3.o ABSOLUTE
    __main                                   0x000003c1   Thumb Code     0  entry.o(.ARM.Collect$$$$00000000)
    _main_stk                                0x000003c1   Thumb Code     0  entry2.o(.ARM.Collect$$$$00000001)
    _main_scatterload                        0x000003c5   Thumb Code     0  entry5.o(.ARM.Collect$$$$00000004)
    __main_after_scatterload                 0x000003c9   Thumb Code     0  entry5.o(.ARM.Collect$$$$00000004)
    _main_clock                              0x000003c9   Thumb Code     0  entry7b.o(.ARM.Collect$$$$00000008)
    _main_cpp_init                           0x000003c9   Thumb Code     0  entry8b.o(.ARM.Collect$$$$0000000A)
    _main_init                               0x000003c9   Thumb Code     0  entry9a.o(.ARM.Collect$$$$0000000B)
    __rt_lib_shutdown_fini                   0x000003d1   Thumb Code     0  entry12b.o(.ARM.Collect$$$$0000000E)
    __rt_final_cpp                           0x000003d5   Thumb Code     0  entry10a.o(.ARM.Collect$$$$0000000F)
    __rt_final_exit                          0x000003d5   Thumb Code     0  entry11a.o(.ARM.Collect$$$$00000011)
    PendSV_Handler                           0x000003d9   Thumb Code    40  switch.o(.emb_text)
    Reset_Handler                            0x00000409   Thumb Code     8  startup_armcm3.o(.text)
    HardFault_Handler                        0x00000411   Thumb Code     2  startup_armcm3.o(.text)
    NMI_Handler                              0x00000413   Thumb Code     2  startup_armcm3.o(.text)
    MemManage_Handler                        0x00000415   Thumb Code     2  startup_armcm3.o(.text)
    BusFault_Handler                         0x00000417   Thumb Code     2  startup_armcm3.o(.text)
    UsageFault_Handler                       0x00000419   Thumb Code     2  startup_armcm3.o(.text)
    SVC_Handler                              0x0000041b   Thumb Code     2  startup_armcm3.o(.text)
    DebugMon_Handler                         0x0000041d   Thumb Code     2  startup_armcm3.o(.text)
    Interrupt0_Handler                       0x00000423   Thumb Code     2  startup_armcm3.o(.text)
    Interrupt1_Handler                       0x00000425   Thumb Code     2  startup_armcm3.o(.text)
    Interrupt2_Handler                       0x00000427   Thumb Code     2  startup_armcm3.o(.text)
    Interrupt3_Handler                       0x00000429   Thumb Code     2  startup_armcm3.o(.text)
    Interrupt4_Handler                       0x0000042b   Thumb Code     2  startup_armcm3.o(.text)
    Interrupt5_Handler                       0x0000042d   Thumb Code     2  startup_armcm3.o(.text)
    Interrupt6_Handler                       0x0000042f   Thumb Code     2  startup_armcm3.o(.text)
    Interrupt7_Handler                       0x00000431   Thumb Code     2  startup_armcm3.o(.text)
    Interrupt8_Handler                       0x00000433   Thumb Code     2  startup_armcm3.o(.text)
    Interrupt9_Handler                       0x00000435   Thumb Code     2  startup_armcm3.o(.text)
    __scatterload                            0x00000441   Thumb Code    28  init.o(.text)
    __scatterload_rt2                        0x00000441   Thumb Code     0  init.o(.text)
    SysTick_Handler                          0x00000465   Thumb Code     8  time.o(i.SysTick_Handler)
    SystemInit                               0x0000046d   Thumb Code    14  system_armcm3.o(i.SystemInit)
    __scatterload_copy                       0x0000048d   Thumb Code    14  handlers.o(i.__scatterload_copy)
    __scatterload_null                       0x0000049b   Thumb Code     2  handlers.o(i.__scatterload_null)
    __scatterload_zeroinit                   0x0000049d   Thumb Code    14  handlers.o(i.__scatterload_zeroinit)
    delay                                    0x000004ab   Thumb Code    12  main.o(i.delay)
    main                                     0x000004b9   Thumb Code    96  main.o(i.main)
    tBitmapClear                             0x00000551   Thumb Code    12  tbitmap.o(i.tBitmapClear)
    tBitmapCount                             0x0000055d   Thumb Code     4  tbitmap.o(i.tBitmapCount)
    tBitmapGetFirstSet                       0x00000561   Thumb Code    86  tbitmap.o(i.tBitmapGetFirstSet)
    tBitmapInit                              0x000005bd   Thumb Code     6  tbitmap.o(i.tBitmapInit)
    tBitmapSet                               0x000005c3   Thumb Code    12  tbitmap.o(i.tBitmapSet)
    tListAddFirst                            0x000005cf   Thumb Code    24  tnode.o(i.tListAddFirst)
    tListAddLast                             0x000005e7   Thumb Code    20  tnode.o(i.tListAddLast)
    tListCount                               0x000005fb   Thumb Code     6  tnode.o(i.tListCount)
    tListFirst                               0x00000601   Thumb Code    12  tnode.o(i.tListFirst)
    tListInit                                0x0000060d   Thumb Code    10  tnode.o(i.tListInit)
    tListRemove                              0x00000617   Thumb Code    20  tnode.o(i.tListRemove)
    tListRemoveFirst                         0x0000062b   Thumb Code    26  tnode.o(i.tListRemoveFirst)
    tNodeInit                                0x00000645   Thumb Code     6  tnode.o(i.tNodeInit)
    tSetSysTickPeriod                        0x0000064d   Thumb Code    74  time.o(i.tSetSysTickPeriod)
    tTaskDelay                               0x000006a5   Thumb Code    40  time.o(i.tTaskDelay)
    tTaskDelayedInit                         0x000006d1   Thumb Code    10  switch.o(i.tTaskDelayedInit)
    tTaskEnterCritical                       0x000006e1   Thumb Code    12  primask.o(i.tTaskEnterCritical)
    tTaskExitCritical                        0x000006ed   Thumb Code    10  primask.o(i.tTaskExitCritical)
    tTaskHighestReady                        0x000006f9   Thumb Code    30  switch.o(i.tTaskHighestReady)
    tTaskInit                                0x00000721   Thumb Code   198  switch.o(i.tTaskInit)
    tTaskRunFirst                            0x000007f1   Thumb Code    24  switch.o(i.tTaskRunFirst)
    tTaskSched                               0x0000080d   Thumb Code    62  switch.o(i.tTaskSched)
    tTaskSchedInit                           0x00000859   Thumb Code    42  switch.o(i.tTaskSchedInit)
    tTaskSchedLockInit                       0x0000088d   Thumb Code     8  switch.o(i.tTaskSchedLockInit)
    tTaskSchedRdy                            0x00000899   Thumb Code    32  time.o(i.tTaskSchedRdy)
    tTaskSchedUnRdy                          0x000008c1   Thumb Code    50  time.o(i.tTaskSchedUnRdy)
    tTaskSwitch                              0x000008fd   Thumb Code    10  switch.o(i.tTaskSwitch)
    tTaskSystemTickHandler                   0x0000090d   Thumb Code   150  time.o(i.tTaskSystemTickHandler)
    tTimeTaskWait                            0x000009b1   Thumb Code    28  time.o(i.tTimeTaskWait)
    tTimeTaskWakeUp                          0x000009d1   Thumb Code    24  time.o(i.tTimeTaskWakeUp)
    task1                                    0x000009ed   Thumb Code    32  main.o(i.task1)
    task2                                    0x00000a11   Thumb Code    24  main.o(i.task2)
    task3                                    0x00000a2d   Thumb Code    24  main.o(i.task3)
    taskIdle                                 0x00000a49   Thumb Code     4  main.o(i.taskIdle)
    Region$$Table$$Base                      0x00000b4c   Number         0  anon$$obj.o(Region$$Table)
    Region$$Table$$Limit                     0x00000b6c   Number         0  anon$$obj.o(Region$$Table)
    ShareCount                               0x2000000c   Data           4  main.o(.data)
    currentTask                              0x20000010   Data           4  switch.o(.data)
    nextTask                                 0x20000014   Data           4  switch.o(.data)
    IdleTask                                 0x20000018   Data           4  switch.o(.data)
    schedLockCount                           0x2000001c   Data           1  switch.o(.data)
    taskPrioBitmap                           0x20000020   Data           4  switch.o(.data)
    SystemCoreClock                          0x20000024   Data           4  system_armcm3.o(.data)
    tTask1                                   0x20000028   Data          36  main.o(.bss)
    tTask2                                   0x2000004c   Data          36  main.o(.bss)
    tTask3                                   0x20000070   Data          36  main.o(.bss)
    tTaskIdle                                0x20000094   Data          36  main.o(.bss)
    task1Env                                 0x200000b8   Data        4096  main.o(.bss)
    task2Env                                 0x200010b8   Data        4096  main.o(.bss)
    task3Env                                 0x200020b8   Data        4096  main.o(.bss)
    taskIdleEnv                              0x200030b8   Data        4096  main.o(.bss)
    taskTable                                0x200040b8   Data         384  switch.o(.bss)
    tTaskDelayedList                         0x20004238   Data          12  switch.o(.bss)
    __stack_limit                            0x20004248   Data           0  startup_armcm3.o(STACK)
    __initial_sp                             0x20004648   Data           0  startup_armcm3.o(STACK)



==============================================================================

Memory Map of the image

  Image Entry point : 0x000003c1

  Load Region LR_IROM1 (Base: 0x00000000, Size: 0x00000b94, Max: 0x00040000, ABSOLUTE)

    Execution Region ER_IROM1 (Exec base: 0x00000000, Load base: 0x00000000, Size: 0x00000b6c, Max: 0x00040000, ABSOLUTE)

    Exec Addr    Load Addr    Size         Type   Attr      Idx    E Section Name        Object

    0x00000000   0x00000000   0x000003c0   Data   RO          430    RESET               startup_armcm3.o
    0x000003c0   0x000003c0   0x00000000   Code   RO          472  * .ARM.Collect$$$$00000000  mc_w.l(entry.o)
    0x000003c0   0x000003c0   0x00000004   Code   RO          475    .ARM.Collect$$$$00000001  mc_w.l(entry2.o)
    0x000003c4   0x000003c4   0x00000004   Code   RO          478    .ARM.Collect$$$$00000004  mc_w.l(entry5.o)
    0x000003c8   0x000003c8   0x00000000   Code   RO          480    .ARM.Collect$$$$00000008  mc_w.l(entry7b.o)
    0x000003c8   0x000003c8   0x00000000   Code   RO          482    .ARM.Collect$$$$0000000A  mc_w.l(entry8b.o)
    0x000003c8   0x000003c8   0x00000008   Code   RO          483    .ARM.Collect$$$$0000000B  mc_w.l(entry9a.o)
    0x000003d0   0x000003d0   0x00000004   Code   RO          490    .ARM.Collect$$$$0000000E  mc_w.l(entry12b.o)
    0x000003d4   0x000003d4   0x00000000   Code   RO          485    .ARM.Collect$$$$0000000F  mc_w.l(entry10a.o)
    0x000003d4   0x000003d4   0x00000000   Code   RO          487    .ARM.Collect$$$$00000011  mc_w.l(entry11a.o)
    0x000003d4   0x000003d4   0x00000004   Code   RO          476    .ARM.Collect$$$$00002712  mc_w.l(entry2.o)
    0x000003d8   0x000003d8   0x00000030   Code   RO          108    .emb_text           switch.o
    0x00000408   0x00000408   0x00000038   Code   RO          431    .text               startup_armcm3.o
    0x00000440   0x00000440   0x00000024   Code   RO          491    .text               mc_w.l(init.o)
    0x00000464   0x00000464   0x00000008   Code   RO          200    i.SysTick_Handler   time.o
    0x0000046c   0x0000046c   0x00000020   Code   RO          439    i.SystemInit        system_armcm3.o
    0x0000048c   0x0000048c   0x0000000e   Code   RO          495    i.__scatterload_copy  mc_w.l(handlers.o)
    0x0000049a   0x0000049a   0x00000002   Code   RO          496    i.__scatterload_null  mc_w.l(handlers.o)
    0x0000049c   0x0000049c   0x0000000e   Code   RO          497    i.__scatterload_zeroinit  mc_w.l(handlers.o)
    0x000004aa   0x000004aa   0x0000000c   Code   RO            4    i.delay             main.o
    0x000004b6   0x000004b6   0x00000002   PAD
    0x000004b8   0x000004b8   0x00000098   Code   RO            5    i.main              main.o
    0x00000550   0x00000550   0x0000000c   Code   RO          390    i.tBitmapClear      tbitmap.o
    0x0000055c   0x0000055c   0x00000004   Code   RO          391    i.tBitmapCount      tbitmap.o
    0x00000560   0x00000560   0x0000005c   Code   RO          392    i.tBitmapGetFirstSet  tbitmap.o
    0x000005bc   0x000005bc   0x00000006   Code   RO          393    i.tBitmapInit       tbitmap.o
    0x000005c2   0x000005c2   0x0000000c   Code   RO          394    i.tBitmapSet        tbitmap.o
    0x000005ce   0x000005ce   0x00000018   Code   RO          306    i.tListAddFirst     tnode.o
    0x000005e6   0x000005e6   0x00000014   Code   RO          307    i.tListAddLast      tnode.o
    0x000005fa   0x000005fa   0x00000006   Code   RO          308    i.tListCount        tnode.o
    0x00000600   0x00000600   0x0000000c   Code   RO          309    i.tListFirst        tnode.o
    0x0000060c   0x0000060c   0x0000000a   Code   RO          310    i.tListInit         tnode.o
    0x00000616   0x00000616   0x00000014   Code   RO          315    i.tListRemove       tnode.o
    0x0000062a   0x0000062a   0x0000001a   Code   RO          317    i.tListRemoveFirst  tnode.o
    0x00000644   0x00000644   0x00000006   Code   RO          318    i.tNodeInit         tnode.o
    0x0000064a   0x0000064a   0x00000002   PAD
    0x0000064c   0x0000064c   0x00000058   Code   RO          201    i.tSetSysTickPeriod  time.o
    0x000006a4   0x000006a4   0x0000002c   Code   RO          202    i.tTaskDelay        time.o
    0x000006d0   0x000006d0   0x00000010   Code   RO          109    i.tTaskDelayedInit  switch.o
    0x000006e0   0x000006e0   0x0000000c   Code   RO          276    i.tTaskEnterCritical  primask.o
    0x000006ec   0x000006ec   0x0000000a   Code   RO          277    i.tTaskExitCritical  primask.o
    0x000006f6   0x000006f6   0x00000002   PAD
    0x000006f8   0x000006f8   0x00000028   Code   RO          110    i.tTaskHighestReady  switch.o
    0x00000720   0x00000720   0x000000d0   Code   RO          111    i.tTaskInit         switch.o
    0x000007f0   0x000007f0   0x0000001c   Code   RO          112    i.tTaskRunFirst     switch.o
    0x0000080c   0x0000080c   0x0000004c   Code   RO          113    i.tTaskSched        switch.o
    0x00000858   0x00000858   0x00000034   Code   RO          116    i.tTaskSchedInit    switch.o
    0x0000088c   0x0000088c   0x0000000c   Code   RO          117    i.tTaskSchedLockInit  switch.o
    0x00000898   0x00000898   0x00000028   Code   RO          203    i.tTaskSchedRdy     time.o
    0x000008c0   0x000008c0   0x0000003c   Code   RO          204    i.tTaskSchedUnRdy   time.o
    0x000008fc   0x000008fc   0x00000010   Code   RO          118    i.tTaskSwitch       switch.o
    0x0000090c   0x0000090c   0x000000a4   Code   RO          205    i.tTaskSystemTickHandler  time.o
    0x000009b0   0x000009b0   0x00000020   Code   RO          206    i.tTimeTaskWait     time.o
    0x000009d0   0x000009d0   0x0000001c   Code   RO          207    i.tTimeTaskWakeUp   time.o
    0x000009ec   0x000009ec   0x00000024   Code   RO            6    i.task1             main.o
    0x00000a10   0x00000a10   0x0000001c   Code   RO            7    i.task2             main.o
    0x00000a2c   0x00000a2c   0x0000001c   Code   RO            8    i.task3             main.o
    0x00000a48   0x00000a48   0x00000004   Code   RO            9    i.taskIdle          main.o
    0x00000a4c   0x00000a4c   0x00000100   Data   RO          395    .constdata          tbitmap.o
    0x00000b4c   0x00000b4c   0x00000020   Data   RO          493    Region$$Table       anon$$obj.o


    Execution Region RW_IRAM1 (Exec base: 0x20000000, Load base: 0x00000b6c, Size: 0x00004648, Max: 0x00020000, ABSOLUTE)

    Exec Addr    Load Addr    Size         Type   Attr      Idx    E Section Name        Object

    0x20000000   0x00000b6c   0x00000010   Data   RW           11    .data               main.o
    0x20000010   0x00000b7c   0x00000014   Data   RW          120    .data               switch.o
    0x20000024   0x00000b90   0x00000004   Data   RW          440    .data               system_armcm3.o
    0x20000028        -       0x00004090   Zero   RW           10    .bss                main.o
    0x200040b8        -       0x0000018c   Zero   RW          119    .bss                switch.o
    0x20004244   0x00000b94   0x00000004   PAD
    0x20004248        -       0x00000400   Zero   RW          428    STACK               startup_armcm3.o


==============================================================================

Image component sizes


      Code (inc. data)   RO Data    RW Data    ZI Data      Debug   Object Name

       260         68          0         16      16528      10299   main.o
        22          0          0          0          0       4845   primask.o
        56         10        960          0       1024       1152   startup_armcm3.o
       496         72          0         20        396       9577   switch.o
        32         18          0          4          0        623   system_armcm3.o
       126          6        256          0          0       2654   tbitmap.o
       464         58          0          0          0      31131   time.o
       124          0          0          0          0       3818   tnode.o

    ----------------------------------------------------------------------
      1586        232       1248         40      17952      64099   Object Totals
         0          0         32          0          0          0   (incl. Generated)
         6          0          0          0          4          0   (incl. Padding)

    ----------------------------------------------------------------------

      Code (inc. data)   RO Data    RW Data    ZI Data      Debug   Library Member Name

         0          0          0          0          0          0   entry.o
         0          0          0          0          0          0   entry10a.o
         0          0          0          0          0          0   entry11a.o
         4          0          0          0          0          0   entry12b.o
         8          4          0          0          0          0   entry2.o
         4          0          0          0          0          0   entry5.o
         0          0          0          0          0          0   entry7b.o
         0          0          0          0          0          0   entry8b.o
         8          4          0          0          0          0   entry9a.o
        30          0          0          0          0          0   handlers.o
        36          8          0          0          0         68   init.o

    ----------------------------------------------------------------------
        90         16          0          0          0         68   Library Totals
         0          0          0          0          0          0   (incl. Padding)

    ----------------------------------------------------------------------

      Code (inc. data)   RO Data    RW Data    ZI Data      Debug   Library Name

        90         16          0          0          0         68   mc_w.l

    ----------------------------------------------------------------------
        90         16          0          0          0         68   Library Totals

    ----------------------------------------------------------------------

==============================================================================


      Code (inc. data)   RO Data    RW Data    ZI Data      Debug   

      1676        248       1248         40      17952      62499   Grand Totals
      1676        248       1248         40      17952      62499   ELF Image Totals
      1676        248       1248         40          0          0   ROM Totals

==============================================================================

    Total RO  Size (Code + RO Data)                 2924 (   2.86kB)
    Total RW  Size (RW Data + ZI Data)             17992 (  17.57kB)
    Total ROM Size (Code + RO Data + RW Data)       2964 (   2.89kB)

==============================================================================

