Component: ARM Compiler 5.06 update 7 (build 960) Tool: armlink [4d3601]

==============================================================================

Section Cross References

    main.o(i.main) refers to switch.o(i.tTaskSchedInit) for tTaskSchedInit
    main.o(i.main) refers to switch.o(i.tTaskInit) for tTaskInit
    main.o(i.main) refers to switch.o(i.tTaskHighestReady) for tTaskHighestReady
    main.o(i.main) refers to switch.o(i.tTaskRunFirst) for tTaskRunFirst
    main.o(i.main) refers to main.o(.bss) for task1Env
    main.o(i.main) refers to main.o(i.task1) for task1
    main.o(i.main) refers to main.o(i.task2) for task2
    main.o(i.main) refers to main.o(i.taskIdle) for taskIdle
    main.o(i.main) refers to switch.o(.data) for IdleTask
    main.o(i.task1) refers to time.o(i.tSetSysTickPeriod) for tSetSysTickPeriod
    main.o(i.task1) refers to time.o(i.tTaskDelay) for tTaskDelay
    main.o(i.task1) refers to main.o(.data) for flag1
    main.o(i.task2) refers to time.o(i.tTaskDelay) for tTaskDelay
    main.o(i.task2) refers to main.o(.data) for flag2
    switch.o(.emb_text) refers to switch.o(.data) for currentTask
    switch.o(i.tTaskDelayedInit) refers to tnode.o(i.tListInit) for tListInit
    switch.o(i.tTaskDelayedInit) refers to switch.o(.bss) for tTaskDelayedList
    switch.o(i.tTaskHighestReady) refers to tbitmap.o(i.tBitmapGetFirstSet) for tBitmapGetFirstSet
    switch.o(i.tTaskHighestReady) refers to switch.o(.data) for taskPrioBitmap
    switch.o(i.tTaskHighestReady) refers to switch.o(.bss) for taskTable
    switch.o(i.tTaskInit) refers to tnode.o(i.tNodeInit) for tNodeInit
    switch.o(i.tTaskInit) refers to tbitmap.o(i.tBitmapSet) for tBitmapSet
    switch.o(i.tTaskInit) refers to switch.o(.bss) for taskTable
    switch.o(i.tTaskInit) refers to switch.o(.data) for taskPrioBitmap
    switch.o(i.tTaskSched) refers to primask.o(i.tTaskEnterCritical) for tTaskEnterCritical
    switch.o(i.tTaskSched) refers to primask.o(i.tTaskExitCritical) for tTaskExitCritical
    switch.o(i.tTaskSched) refers to switch.o(i.tTaskHighestReady) for tTaskHighestReady
    switch.o(i.tTaskSched) refers to switch.o(i.tTaskSwitch) for tTaskSwitch
    switch.o(i.tTaskSched) refers to switch.o(.data) for schedLockCount
    switch.o(i.tTaskSchedDisable) refers to primask.o(i.tTaskEnterCritical) for tTaskEnterCritical
    switch.o(i.tTaskSchedDisable) refers to primask.o(i.tTaskExitCritical) for tTaskExitCritical
    switch.o(i.tTaskSchedDisable) refers to switch.o(.data) for schedLockCount
    switch.o(i.tTaskSchedEnable) refers to primask.o(i.tTaskEnterCritical) for tTaskEnterCritical
    switch.o(i.tTaskSchedEnable) refers to switch.o(i.tTaskSched) for tTaskSched
    switch.o(i.tTaskSchedEnable) refers to primask.o(i.tTaskExitCritical) for tTaskExitCritical
    switch.o(i.tTaskSchedEnable) refers to switch.o(.data) for schedLockCount
    switch.o(i.tTaskSchedInit) refers to switch.o(i.tTaskSchedLockInit) for tTaskSchedLockInit
    switch.o(i.tTaskSchedInit) refers to tbitmap.o(i.tBitmapInit) for tBitmapInit
    switch.o(i.tTaskSchedInit) refers to switch.o(i.tTaskDelayedInit) for tTaskDelayedInit
    switch.o(i.tTaskSchedInit) refers to switch.o(.data) for taskPrioBitmap
    switch.o(i.tTaskSchedLockInit) refers to switch.o(.data) for schedLockCount
    time.o(i.SysTick_Handler) refers to time.o(i.tTaskSystemTickHandler) for tTaskSystemTickHandler
    time.o(i.tSetSysTickPeriod) refers to system_armcm3.o(.data) for SystemCoreClock
    time.o(i.tTaskDelay) refers to primask.o(i.tTaskEnterCritical) for tTaskEnterCritical
    time.o(i.tTaskDelay) refers to time.o(i.tTimeTaskWait) for tTimeTaskWait
    time.o(i.tTaskDelay) refers to time.o(i.tTaskSchedUnRdy) for tTaskSchedUnRdy
    time.o(i.tTaskDelay) refers to primask.o(i.tTaskExitCritical) for tTaskExitCritical
    time.o(i.tTaskDelay) refers to switch.o(i.tTaskSched) for tTaskSched
    time.o(i.tTaskDelay) refers to switch.o(.data) for currentTask
    time.o(i.tTaskSchedRdy) refers to tbitmap.o(i.tBitmapSet) for tBitmapSet
    time.o(i.tTaskSchedRdy) refers to switch.o(.bss) for taskTable
    time.o(i.tTaskSchedRdy) refers to switch.o(.data) for taskPrioBitmap
    time.o(i.tTaskSchedUnRdy) refers to tbitmap.o(i.tBitmapClear) for tBitmapClear
    time.o(i.tTaskSchedUnRdy) refers to switch.o(.bss) for taskTable
    time.o(i.tTaskSchedUnRdy) refers to switch.o(.data) for taskPrioBitmap
    time.o(i.tTaskSystemTickHandler) refers to primask.o(i.tTaskEnterCritical) for tTaskEnterCritical
    time.o(i.tTaskSystemTickHandler) refers to time.o(i.tTimeTaskWakeUp) for tTimeTaskWakeUp
    time.o(i.tTaskSystemTickHandler) refers to time.o(i.tTaskSchedRdy) for tTaskSchedRdy
    time.o(i.tTaskSystemTickHandler) refers to primask.o(i.tTaskExitCritical) for tTaskExitCritical
    time.o(i.tTaskSystemTickHandler) refers to switch.o(i.tTaskSched) for tTaskSched
    time.o(i.tTaskSystemTickHandler) refers to switch.o(.bss) for tTaskDelayedList
    time.o(i.tTimeTaskWait) refers to tnode.o(i.tListAddLast) for tListAddLast
    time.o(i.tTimeTaskWait) refers to switch.o(.bss) for tTaskDelayedList
    time.o(i.tTimeTaskWakeUp) refers to tnode.o(i.tListRemove) for tListRemove
    time.o(i.tTimeTaskWakeUp) refers to switch.o(.bss) for tTaskDelayedList
    tbitmap.o(i.tBitmapGetFirstSet) refers to tbitmap.o(i.tBitmapCount) for tBitmapCount
    tbitmap.o(i.tBitmapGetFirstSet) refers to tbitmap.o(.constdata) for quickFindTable
    startup_armcm3.o(RESET) refers to startup_armcm3.o(STACK) for __initial_sp
    startup_armcm3.o(RESET) refers to startup_armcm3.o(.text) for Reset_Handler
    startup_armcm3.o(RESET) refers to switch.o(.emb_text) for PendSV_Handler
    startup_armcm3.o(RESET) refers to time.o(i.SysTick_Handler) for SysTick_Handler
    startup_armcm3.o(.text) refers to system_armcm3.o(i.SystemInit) for SystemInit
    startup_armcm3.o(.text) refers to entry.o(.ARM.Collect$$$$00000000) for __main
    system_armcm3.o(i.SystemCoreClockUpdate) refers to system_armcm3.o(.data) for SystemCoreClock
    system_armcm3.o(i.SystemInit) refers to startup_armcm3.o(RESET) for __Vectors
    system_armcm3.o(i.SystemInit) refers to system_armcm3.o(.data) for SystemCoreClock
    entry.o(.ARM.Collect$$$$00000000) refers (Special) to entry10a.o(.ARM.Collect$$$$0000000F) for __rt_final_cpp
    entry.o(.ARM.Collect$$$$00000000) refers (Special) to entry11a.o(.ARM.Collect$$$$00000011) for __rt_final_exit
    entry.o(.ARM.Collect$$$$00000000) refers (Special) to entry12b.o(.ARM.Collect$$$$0000000E) for __rt_lib_shutdown_fini
    entry.o(.ARM.Collect$$$$00000000) refers (Special) to entry7b.o(.ARM.Collect$$$$00000008) for _main_clock
    entry.o(.ARM.Collect$$$$00000000) refers (Special) to entry8b.o(.ARM.Collect$$$$0000000A) for _main_cpp_init
    entry.o(.ARM.Collect$$$$00000000) refers (Special) to entry9a.o(.ARM.Collect$$$$0000000B) for _main_init
    entry.o(.ARM.Collect$$$$00000000) refers (Special) to entry5.o(.ARM.Collect$$$$00000004) for _main_scatterload
    entry.o(.ARM.Collect$$$$00000000) refers (Special) to entry2.o(.ARM.Collect$$$$00000001) for _main_stk
    entry2.o(.ARM.Collect$$$$00000001) refers to entry2.o(.ARM.Collect$$$$00002712) for __lit__00000000
    entry2.o(.ARM.Collect$$$$00002712) refers to startup_armcm3.o(STACK) for __initial_sp
    entry2.o(__vectab_stack_and_reset_area) refers to startup_armcm3.o(STACK) for __initial_sp
    entry2.o(__vectab_stack_and_reset_area) refers to entry.o(.ARM.Collect$$$$00000000) for __main
    entry5.o(.ARM.Collect$$$$00000004) refers to init.o(.text) for __scatterload
    entry9a.o(.ARM.Collect$$$$0000000B) refers to main.o(i.main) for main
    entry9b.o(.ARM.Collect$$$$0000000C) refers to main.o(i.main) for main
    init.o(.text) refers to entry5.o(.ARM.Collect$$$$00000004) for __main_after_scatterload


==============================================================================

Removing Unused input sections from the image.

    Removing main.o(.rev16_text), (4 bytes).
    Removing main.o(.revsh_text), (4 bytes).
    Removing main.o(.rrx_text), (6 bytes).
    Removing main.o(i.delay), (10 bytes).
    Removing switch.o(.rev16_text), (4 bytes).
    Removing switch.o(.revsh_text), (4 bytes).
    Removing switch.o(.rrx_text), (6 bytes).
    Removing switch.o(i.tTaskSchedDisable), (40 bytes).
    Removing switch.o(i.tTaskSchedEnable), (48 bytes).
    Removing time.o(.rev16_text), (4 bytes).
    Removing time.o(.revsh_text), (4 bytes).
    Removing time.o(.rrx_text), (6 bytes).
    Removing time.o(.data), (4 bytes).
    Removing primask.o(.rev16_text), (4 bytes).
    Removing primask.o(.revsh_text), (4 bytes).
    Removing primask.o(.rrx_text), (6 bytes).
    Removing tnode.o(i.tListAddFirst), (24 bytes).
    Removing tnode.o(i.tListCount), (6 bytes).
    Removing tnode.o(i.tListFirst), (12 bytes).
    Removing tnode.o(i.tListInsertAfter), (20 bytes).
    Removing tnode.o(i.tListLast), (12 bytes).
    Removing tnode.o(i.tListNext), (16 bytes).
    Removing tnode.o(i.tListPre), (16 bytes).
    Removing tnode.o(i.tListRemoveAll), (32 bytes).
    Removing tnode.o(i.tListRemoveFirst), (26 bytes).
    Removing startup_armcm3.o(HEAP), (3072 bytes).
    Removing system_armcm3.o(.rev16_text), (4 bytes).
    Removing system_armcm3.o(.revsh_text), (4 bytes).
    Removing system_armcm3.o(.rrx_text), (6 bytes).
    Removing system_armcm3.o(i.SystemCoreClockUpdate), (16 bytes).

30 unused section(s) (total 3424 bytes) removed from the image.

==============================================================================

Image Symbol Table

    Local Symbols

    Symbol Name                              Value     Ov Type        Size  Object(Section)

    RESET                                    0x00000000   Section      960  startup_armcm3.o(RESET)
    ../clib/microlib/init/entry.s            0x00000000   Number         0  entry8b.o ABSOLUTE
    ../clib/microlib/init/entry.s            0x00000000   Number         0  entry.o ABSOLUTE
    ../clib/microlib/init/entry.s            0x00000000   Number         0  entry12b.o ABSOLUTE
    ../clib/microlib/init/entry.s            0x00000000   Number         0  entry12a.o ABSOLUTE
    ../clib/microlib/init/entry.s            0x00000000   Number         0  entry11b.o ABSOLUTE
    ../clib/microlib/init/entry.s            0x00000000   Number         0  entry2.o ABSOLUTE
    ../clib/microlib/init/entry.s            0x00000000   Number         0  entry11a.o ABSOLUTE
    ../clib/microlib/init/entry.s            0x00000000   Number         0  entry5.o ABSOLUTE
    ../clib/microlib/init/entry.s            0x00000000   Number         0  entry10b.o ABSOLUTE
    ../clib/microlib/init/entry.s            0x00000000   Number         0  entry7a.o ABSOLUTE
    ../clib/microlib/init/entry.s            0x00000000   Number         0  entry10a.o ABSOLUTE
    ../clib/microlib/init/entry.s            0x00000000   Number         0  entry9b.o ABSOLUTE
    ../clib/microlib/init/entry.s            0x00000000   Number         0  entry7b.o ABSOLUTE
    ../clib/microlib/init/entry.s            0x00000000   Number         0  entry9a.o ABSOLUTE
    ../clib/microlib/init/entry.s            0x00000000   Number         0  entry8a.o ABSOLUTE
    RTE\Device\ARMCM3\startup_ARMCM3.s       0x00000000   Number         0  startup_armcm3.o ABSOLUTE
    RTE\Device\ARMCM3\system_ARMCM3.c        0x00000000   Number         0  system_armcm3.o ABSOLUTE
    RTE\\Device\\ARMCM3\\system_ARMCM3.c     0x00000000   Number         0  system_armcm3.o ABSOLUTE
    Source\\main.c                           0x00000000   Number         0  main.o ABSOLUTE
    Source\\primask.c                        0x00000000   Number         0  primask.o ABSOLUTE
    Source\\switch.c                         0x00000000   Number         0  switch.o ABSOLUTE
    Source\\time.c                           0x00000000   Number         0  time.o ABSOLUTE
    Source\main.c                            0x00000000   Number         0  main.o ABSOLUTE
    Source\primask.c                         0x00000000   Number         0  primask.o ABSOLUTE
    Source\switch.c                          0x00000000   Number         0  switch.o ABSOLUTE
    Source\tbitmap.c                         0x00000000   Number         0  tbitmap.o ABSOLUTE
    Source\time.c                            0x00000000   Number         0  time.o ABSOLUTE
    Source\tnode.c                           0x00000000   Number         0  tnode.o ABSOLUTE
    dc.s                                     0x00000000   Number         0  dc.o ABSOLUTE
    handlers.s                               0x00000000   Number         0  handlers.o ABSOLUTE
    init.s                                   0x00000000   Number         0  init.o ABSOLUTE
    .ARM.Collect$$$$00000000                 0x000003c0   Section        0  entry.o(.ARM.Collect$$$$00000000)
    .ARM.Collect$$$$00000001                 0x000003c0   Section        4  entry2.o(.ARM.Collect$$$$00000001)
    .ARM.Collect$$$$00000004                 0x000003c4   Section        4  entry5.o(.ARM.Collect$$$$00000004)
    .ARM.Collect$$$$00000008                 0x000003c8   Section        0  entry7b.o(.ARM.Collect$$$$00000008)
    .ARM.Collect$$$$0000000A                 0x000003c8   Section        0  entry8b.o(.ARM.Collect$$$$0000000A)
    .ARM.Collect$$$$0000000B                 0x000003c8   Section        8  entry9a.o(.ARM.Collect$$$$0000000B)
    .ARM.Collect$$$$0000000E                 0x000003d0   Section        4  entry12b.o(.ARM.Collect$$$$0000000E)
    .ARM.Collect$$$$0000000F                 0x000003d4   Section        0  entry10a.o(.ARM.Collect$$$$0000000F)
    .ARM.Collect$$$$00000011                 0x000003d4   Section        0  entry11a.o(.ARM.Collect$$$$00000011)
    .ARM.Collect$$$$00002712                 0x000003d4   Section        4  entry2.o(.ARM.Collect$$$$00002712)
    __lit__00000000                          0x000003d4   Data           4  entry2.o(.ARM.Collect$$$$00002712)
    .emb_text                                0x000003d8   Section       48  switch.o(.emb_text)
    .text                                    0x00000408   Section       56  startup_armcm3.o(.text)
    .text                                    0x00000440   Section       36  init.o(.text)
    i.SysTick_Handler                        0x00000464   Section        0  time.o(i.SysTick_Handler)
    i.SystemInit                             0x0000046c   Section        0  system_armcm3.o(i.SystemInit)
    i.__scatterload_copy                     0x0000048c   Section       14  handlers.o(i.__scatterload_copy)
    i.__scatterload_null                     0x0000049a   Section        2  handlers.o(i.__scatterload_null)
    i.__scatterload_zeroinit                 0x0000049c   Section       14  handlers.o(i.__scatterload_zeroinit)
    i.main                                   0x000004ac   Section        0  main.o(i.main)
    i.tBitmapClear                           0x00000528   Section        0  tbitmap.o(i.tBitmapClear)
    i.tBitmapCount                           0x00000534   Section        0  tbitmap.o(i.tBitmapCount)
    i.tBitmapGetFirstSet                     0x00000538   Section        0  tbitmap.o(i.tBitmapGetFirstSet)
    i.tBitmapInit                            0x00000594   Section        0  tbitmap.o(i.tBitmapInit)
    i.tBitmapSet                             0x0000059a   Section        0  tbitmap.o(i.tBitmapSet)
    i.tListAddLast                           0x000005a6   Section        0  tnode.o(i.tListAddLast)
    i.tListInit                              0x000005ba   Section        0  tnode.o(i.tListInit)
    i.tListRemove                            0x000005c4   Section        0  tnode.o(i.tListRemove)
    i.tNodeInit                              0x000005d8   Section        0  tnode.o(i.tNodeInit)
    i.tSetSysTickPeriod                      0x000005e0   Section        0  time.o(i.tSetSysTickPeriod)
    i.tTaskDelay                             0x00000638   Section        0  time.o(i.tTaskDelay)
    i.tTaskDelayedInit                       0x00000664   Section        0  switch.o(i.tTaskDelayedInit)
    i.tTaskEnterCritical                     0x00000674   Section        0  primask.o(i.tTaskEnterCritical)
    i.tTaskExitCritical                      0x00000680   Section        0  primask.o(i.tTaskExitCritical)
    i.tTaskHighestReady                      0x0000068c   Section        0  switch.o(i.tTaskHighestReady)
    i.tTaskInit                              0x000006a8   Section        0  switch.o(i.tTaskInit)
    i.tTaskRunFirst                          0x00000764   Section        0  switch.o(i.tTaskRunFirst)
    i.tTaskSched                             0x00000780   Section        0  switch.o(i.tTaskSched)
    i.tTaskSchedInit                         0x000007cc   Section        0  switch.o(i.tTaskSchedInit)
    i.tTaskSchedLockInit                     0x000007e4   Section        0  switch.o(i.tTaskSchedLockInit)
    i.tTaskSchedRdy                          0x000007f0   Section        0  time.o(i.tTaskSchedRdy)
    i.tTaskSchedUnRdy                        0x00000810   Section        0  time.o(i.tTaskSchedUnRdy)
    i.tTaskSwitch                            0x00000830   Section        0  switch.o(i.tTaskSwitch)
    i.tTaskSystemTickHandler                 0x00000840   Section        0  time.o(i.tTaskSystemTickHandler)
    i.tTimeTaskWait                          0x00000880   Section        0  time.o(i.tTimeTaskWait)
    i.tTimeTaskWakeUp                        0x000008a0   Section        0  time.o(i.tTimeTaskWakeUp)
    i.task1                                  0x000008bc   Section        0  main.o(i.task1)
    i.task2                                  0x000008e0   Section        0  main.o(i.task2)
    i.taskIdle                               0x00000900   Section        0  main.o(i.taskIdle)
    .constdata                               0x00000904   Section      256  tbitmap.o(.constdata)
    quickFindTable                           0x00000904   Data         256  tbitmap.o(.constdata)
    .data                                    0x20000000   Section       12  main.o(.data)
    flag1                                    0x20000000   Data           4  main.o(.data)
    flag2                                    0x20000004   Data           4  main.o(.data)
    .data                                    0x2000000c   Section       20  switch.o(.data)
    .data                                    0x20000020   Section        4  system_armcm3.o(.data)
    .bss                                     0x20000024   Section    12360  main.o(.bss)
    .bss                                     0x2000306c   Section      140  switch.o(.bss)
    STACK                                    0x200030f8   Section     1024  startup_armcm3.o(STACK)

    Global Symbols

    Symbol Name                              Value     Ov Type        Size  Object(Section)

    BuildAttributes$$THM_ISAv4$P$D$K$B$S$PE$A:L22UL41UL21$X:L11$S22US41US21$IEEE1$IW$USESV6$~STKCKD$USESV7$~SHL$OSPACE$EBA8$MICROLIB$REQ8$PRES8$EABIv2 0x00000000   Number         0  anon$$obj.o ABSOLUTE
    __ARM_use_no_argv                        0x00000000   Number         0  main.o ABSOLUTE
    __Vectors                                0x00000000   Data           4  startup_armcm3.o(RESET)
    __arm_fini_                               - Undefined Weak Reference
    __cpp_initialize__aeabi_                  - Undefined Weak Reference
    __cxa_finalize                            - Undefined Weak Reference
    __decompress                              - Undefined Weak Reference
    _clock_init                               - Undefined Weak Reference
    _microlib_exit                            - Undefined Weak Reference
    __Vectors_End                            0x000003c0   Data           0  startup_armcm3.o(RESET)
    __Vectors_Size                           0x000003c0   Number         0  startup_armcm3.o ABSOLUTE
    __main                                   0x000003c1   Thumb Code     0  entry.o(.ARM.Collect$$$$00000000)
    _main_stk                                0x000003c1   Thumb Code     0  entry2.o(.ARM.Collect$$$$00000001)
    _main_scatterload                        0x000003c5   Thumb Code     0  entry5.o(.ARM.Collect$$$$00000004)
    __main_after_scatterload                 0x000003c9   Thumb Code     0  entry5.o(.ARM.Collect$$$$00000004)
    _main_clock                              0x000003c9   Thumb Code     0  entry7b.o(.ARM.Collect$$$$00000008)
    _main_cpp_init                           0x000003c9   Thumb Code     0  entry8b.o(.ARM.Collect$$$$0000000A)
    _main_init                               0x000003c9   Thumb Code     0  entry9a.o(.ARM.Collect$$$$0000000B)
    __rt_lib_shutdown_fini                   0x000003d1   Thumb Code     0  entry12b.o(.ARM.Collect$$$$0000000E)
    __rt_final_cpp                           0x000003d5   Thumb Code     0  entry10a.o(.ARM.Collect$$$$0000000F)
    __rt_final_exit                          0x000003d5   Thumb Code     0  entry11a.o(.ARM.Collect$$$$00000011)
    PendSV_Handler                           0x000003d9   Thumb Code    40  switch.o(.emb_text)
    Reset_Handler                            0x00000409   Thumb Code     8  startup_armcm3.o(.text)
    HardFault_Handler                        0x00000411   Thumb Code     2  startup_armcm3.o(.text)
    NMI_Handler                              0x00000413   Thumb Code     2  startup_armcm3.o(.text)
    MemManage_Handler                        0x00000415   Thumb Code     2  startup_armcm3.o(.text)
    BusFault_Handler                         0x00000417   Thumb Code     2  startup_armcm3.o(.text)
    UsageFault_Handler                       0x00000419   Thumb Code     2  startup_armcm3.o(.text)
    SVC_Handler                              0x0000041b   Thumb Code     2  startup_armcm3.o(.text)
    DebugMon_Handler                         0x0000041d   Thumb Code     2  startup_armcm3.o(.text)
    Interrupt0_Handler                       0x00000423   Thumb Code     2  startup_armcm3.o(.text)
    Interrupt1_Handler                       0x00000425   Thumb Code     2  startup_armcm3.o(.text)
    Interrupt2_Handler                       0x00000427   Thumb Code     2  startup_armcm3.o(.text)
    Interrupt3_Handler                       0x00000429   Thumb Code     2  startup_armcm3.o(.text)
    Interrupt4_Handler                       0x0000042b   Thumb Code     2  startup_armcm3.o(.text)
    Interrupt5_Handler                       0x0000042d   Thumb Code     2  startup_armcm3.o(.text)
    Interrupt6_Handler                       0x0000042f   Thumb Code     2  startup_armcm3.o(.text)
    Interrupt7_Handler                       0x00000431   Thumb Code     2  startup_armcm3.o(.text)
    Interrupt8_Handler                       0x00000433   Thumb Code     2  startup_armcm3.o(.text)
    Interrupt9_Handler                       0x00000435   Thumb Code     2  startup_armcm3.o(.text)
    __scatterload                            0x00000441   Thumb Code    28  init.o(.text)
    __scatterload_rt2                        0x00000441   Thumb Code     0  init.o(.text)
    SysTick_Handler                          0x00000465   Thumb Code     8  time.o(i.SysTick_Handler)
    SystemInit                               0x0000046d   Thumb Code    14  system_armcm3.o(i.SystemInit)
    __scatterload_copy                       0x0000048d   Thumb Code    14  handlers.o(i.__scatterload_copy)
    __scatterload_null                       0x0000049b   Thumb Code     2  handlers.o(i.__scatterload_null)
    __scatterload_zeroinit                   0x0000049d   Thumb Code    14  handlers.o(i.__scatterload_zeroinit)
    main                                     0x000004ad   Thumb Code    78  main.o(i.main)
    tBitmapClear                             0x00000529   Thumb Code    12  tbitmap.o(i.tBitmapClear)
    tBitmapCount                             0x00000535   Thumb Code     4  tbitmap.o(i.tBitmapCount)
    tBitmapGetFirstSet                       0x00000539   Thumb Code    86  tbitmap.o(i.tBitmapGetFirstSet)
    tBitmapInit                              0x00000595   Thumb Code     6  tbitmap.o(i.tBitmapInit)
    tBitmapSet                               0x0000059b   Thumb Code    12  tbitmap.o(i.tBitmapSet)
    tListAddLast                             0x000005a7   Thumb Code    20  tnode.o(i.tListAddLast)
    tListInit                                0x000005bb   Thumb Code    10  tnode.o(i.tListInit)
    tListRemove                              0x000005c5   Thumb Code    20  tnode.o(i.tListRemove)
    tNodeInit                                0x000005d9   Thumb Code     6  tnode.o(i.tNodeInit)
    tSetSysTickPeriod                        0x000005e1   Thumb Code    74  time.o(i.tSetSysTickPeriod)
    tTaskDelay                               0x00000639   Thumb Code    40  time.o(i.tTaskDelay)
    tTaskDelayedInit                         0x00000665   Thumb Code    10  switch.o(i.tTaskDelayedInit)
    tTaskEnterCritical                       0x00000675   Thumb Code    12  primask.o(i.tTaskEnterCritical)
    tTaskExitCritical                        0x00000681   Thumb Code    10  primask.o(i.tTaskExitCritical)
    tTaskHighestReady                        0x0000068d   Thumb Code    18  switch.o(i.tTaskHighestReady)
    tTaskInit                                0x000006a9   Thumb Code   178  switch.o(i.tTaskInit)
    tTaskRunFirst                            0x00000765   Thumb Code    24  switch.o(i.tTaskRunFirst)
    tTaskSched                               0x00000781   Thumb Code    62  switch.o(i.tTaskSched)
    tTaskSchedInit                           0x000007cd   Thumb Code    18  switch.o(i.tTaskSchedInit)
    tTaskSchedLockInit                       0x000007e5   Thumb Code     8  switch.o(i.tTaskSchedLockInit)
    tTaskSchedRdy                            0x000007f1   Thumb Code    22  time.o(i.tTaskSchedRdy)
    tTaskSchedUnRdy                          0x00000811   Thumb Code    24  time.o(i.tTaskSchedUnRdy)
    tTaskSwitch                              0x00000831   Thumb Code    10  switch.o(i.tTaskSwitch)
    tTaskSystemTickHandler                   0x00000841   Thumb Code    58  time.o(i.tTaskSystemTickHandler)
    tTimeTaskWait                            0x00000881   Thumb Code    28  time.o(i.tTimeTaskWait)
    tTimeTaskWakeUp                          0x000008a1   Thumb Code    24  time.o(i.tTimeTaskWakeUp)
    task1                                    0x000008bd   Thumb Code    32  main.o(i.task1)
    task2                                    0x000008e1   Thumb Code    26  main.o(i.task2)
    taskIdle                                 0x00000901   Thumb Code     4  main.o(i.taskIdle)
    Region$$Table$$Base                      0x00000a04   Number         0  anon$$obj.o(Region$$Table)
    Region$$Table$$Limit                     0x00000a24   Number         0  anon$$obj.o(Region$$Table)
    ShareCount                               0x20000008   Data           4  main.o(.data)
    currentTask                              0x2000000c   Data           4  switch.o(.data)
    nextTask                                 0x20000010   Data           4  switch.o(.data)
    IdleTask                                 0x20000014   Data           4  switch.o(.data)
    schedLockCount                           0x20000018   Data           1  switch.o(.data)
    taskPrioBitmap                           0x2000001c   Data           4  switch.o(.data)
    SystemCoreClock                          0x20000020   Data           4  system_armcm3.o(.data)
    tTask1                                   0x20000024   Data          24  main.o(.bss)
    tTask2                                   0x2000003c   Data          24  main.o(.bss)
    tTaskIdle                                0x20000054   Data          24  main.o(.bss)
    task1Env                                 0x2000006c   Data        4096  main.o(.bss)
    task2Env                                 0x2000106c   Data        4096  main.o(.bss)
    taskIdleEnv                              0x2000206c   Data        4096  main.o(.bss)
    taskTable                                0x2000306c   Data         128  switch.o(.bss)
    tTaskDelayedList                         0x200030ec   Data          12  switch.o(.bss)
    __stack_limit                            0x200030f8   Data           0  startup_armcm3.o(STACK)
    __initial_sp                             0x200034f8   Data           0  startup_armcm3.o(STACK)



==============================================================================

Memory Map of the image

  Image Entry point : 0x000003c1

  Load Region LR_IROM1 (Base: 0x00000000, Size: 0x00000a48, Max: 0x00040000, ABSOLUTE)

    Execution Region ER_IROM1 (Exec base: 0x00000000, Load base: 0x00000000, Size: 0x00000a24, Max: 0x00040000, ABSOLUTE)

    Exec Addr    Load Addr    Size         Type   Attr      Idx    E Section Name        Object

    0x00000000   0x00000000   0x000003c0   Data   RO          424    RESET               startup_armcm3.o
    0x000003c0   0x000003c0   0x00000000   Code   RO          466  * .ARM.Collect$$$$00000000  mc_w.l(entry.o)
    0x000003c0   0x000003c0   0x00000004   Code   RO          469    .ARM.Collect$$$$00000001  mc_w.l(entry2.o)
    0x000003c4   0x000003c4   0x00000004   Code   RO          472    .ARM.Collect$$$$00000004  mc_w.l(entry5.o)
    0x000003c8   0x000003c8   0x00000000   Code   RO          474    .ARM.Collect$$$$00000008  mc_w.l(entry7b.o)
    0x000003c8   0x000003c8   0x00000000   Code   RO          476    .ARM.Collect$$$$0000000A  mc_w.l(entry8b.o)
    0x000003c8   0x000003c8   0x00000008   Code   RO          477    .ARM.Collect$$$$0000000B  mc_w.l(entry9a.o)
    0x000003d0   0x000003d0   0x00000004   Code   RO          484    .ARM.Collect$$$$0000000E  mc_w.l(entry12b.o)
    0x000003d4   0x000003d4   0x00000000   Code   RO          479    .ARM.Collect$$$$0000000F  mc_w.l(entry10a.o)
    0x000003d4   0x000003d4   0x00000000   Code   RO          481    .ARM.Collect$$$$00000011  mc_w.l(entry11a.o)
    0x000003d4   0x000003d4   0x00000004   Code   RO          470    .ARM.Collect$$$$00002712  mc_w.l(entry2.o)
    0x000003d8   0x000003d8   0x00000030   Code   RO          102    .emb_text           switch.o
    0x00000408   0x00000408   0x00000038   Code   RO          425    .text               startup_armcm3.o
    0x00000440   0x00000440   0x00000024   Code   RO          485    .text               mc_w.l(init.o)
    0x00000464   0x00000464   0x00000008   Code   RO          194    i.SysTick_Handler   time.o
    0x0000046c   0x0000046c   0x00000020   Code   RO          433    i.SystemInit        system_armcm3.o
    0x0000048c   0x0000048c   0x0000000e   Code   RO          489    i.__scatterload_copy  mc_w.l(handlers.o)
    0x0000049a   0x0000049a   0x00000002   Code   RO          490    i.__scatterload_null  mc_w.l(handlers.o)
    0x0000049c   0x0000049c   0x0000000e   Code   RO          491    i.__scatterload_zeroinit  mc_w.l(handlers.o)
    0x000004aa   0x000004aa   0x00000002   PAD
    0x000004ac   0x000004ac   0x0000007c   Code   RO            5    i.main              main.o
    0x00000528   0x00000528   0x0000000c   Code   RO          384    i.tBitmapClear      tbitmap.o
    0x00000534   0x00000534   0x00000004   Code   RO          385    i.tBitmapCount      tbitmap.o
    0x00000538   0x00000538   0x0000005c   Code   RO          386    i.tBitmapGetFirstSet  tbitmap.o
    0x00000594   0x00000594   0x00000006   Code   RO          387    i.tBitmapInit       tbitmap.o
    0x0000059a   0x0000059a   0x0000000c   Code   RO          388    i.tBitmapSet        tbitmap.o
    0x000005a6   0x000005a6   0x00000014   Code   RO          301    i.tListAddLast      tnode.o
    0x000005ba   0x000005ba   0x0000000a   Code   RO          304    i.tListInit         tnode.o
    0x000005c4   0x000005c4   0x00000014   Code   RO          309    i.tListRemove       tnode.o
    0x000005d8   0x000005d8   0x00000006   Code   RO          312    i.tNodeInit         tnode.o
    0x000005de   0x000005de   0x00000002   PAD
    0x000005e0   0x000005e0   0x00000058   Code   RO          195    i.tSetSysTickPeriod  time.o
    0x00000638   0x00000638   0x0000002c   Code   RO          196    i.tTaskDelay        time.o
    0x00000664   0x00000664   0x00000010   Code   RO          103    i.tTaskDelayedInit  switch.o
    0x00000674   0x00000674   0x0000000c   Code   RO          270    i.tTaskEnterCritical  primask.o
    0x00000680   0x00000680   0x0000000a   Code   RO          271    i.tTaskExitCritical  primask.o
    0x0000068a   0x0000068a   0x00000002   PAD
    0x0000068c   0x0000068c   0x0000001c   Code   RO          104    i.tTaskHighestReady  switch.o
    0x000006a8   0x000006a8   0x000000bc   Code   RO          105    i.tTaskInit         switch.o
    0x00000764   0x00000764   0x0000001c   Code   RO          106    i.tTaskRunFirst     switch.o
    0x00000780   0x00000780   0x0000004c   Code   RO          107    i.tTaskSched        switch.o
    0x000007cc   0x000007cc   0x00000018   Code   RO          110    i.tTaskSchedInit    switch.o
    0x000007e4   0x000007e4   0x0000000c   Code   RO          111    i.tTaskSchedLockInit  switch.o
    0x000007f0   0x000007f0   0x00000020   Code   RO          197    i.tTaskSchedRdy     time.o
    0x00000810   0x00000810   0x00000020   Code   RO          198    i.tTaskSchedUnRdy   time.o
    0x00000830   0x00000830   0x00000010   Code   RO          112    i.tTaskSwitch       switch.o
    0x00000840   0x00000840   0x00000040   Code   RO          199    i.tTaskSystemTickHandler  time.o
    0x00000880   0x00000880   0x00000020   Code   RO          200    i.tTimeTaskWait     time.o
    0x000008a0   0x000008a0   0x0000001c   Code   RO          201    i.tTimeTaskWakeUp   time.o
    0x000008bc   0x000008bc   0x00000024   Code   RO            6    i.task1             main.o
    0x000008e0   0x000008e0   0x00000020   Code   RO            7    i.task2             main.o
    0x00000900   0x00000900   0x00000004   Code   RO            8    i.taskIdle          main.o
    0x00000904   0x00000904   0x00000100   Data   RO          389    .constdata          tbitmap.o
    0x00000a04   0x00000a04   0x00000020   Data   RO          487    Region$$Table       anon$$obj.o


    Execution Region RW_IRAM1 (Exec base: 0x20000000, Load base: 0x00000a24, Size: 0x000034f8, Max: 0x00020000, ABSOLUTE)

    Exec Addr    Load Addr    Size         Type   Attr      Idx    E Section Name        Object

    0x20000000   0x00000a24   0x0000000c   Data   RW           10    .data               main.o
    0x2000000c   0x00000a30   0x00000014   Data   RW          114    .data               switch.o
    0x20000020   0x00000a44   0x00000004   Data   RW          434    .data               system_armcm3.o
    0x20000024        -       0x00003048   Zero   RW            9    .bss                main.o
    0x2000306c        -       0x0000008c   Zero   RW          113    .bss                switch.o
    0x200030f8        -       0x00000400   Zero   RW          422    STACK               startup_armcm3.o


==============================================================================

Image component sizes


      Code (inc. data)   RO Data    RW Data    ZI Data      Debug   Object Name

       196         56          0         12      12360       9395   main.o
        22          0          0          0          0       4845   primask.o
        56         10        960          0       1024       1152   startup_armcm3.o
       436         68          0         20        140       9461   switch.o
        32         18          0          4          0        623   system_armcm3.o
       126          6        256          0          0       2654   tbitmap.o
       328         50          0          0          0      31103   time.o
        56          0          0          0          0       1989   tnode.o

    ----------------------------------------------------------------------
      1256        208       1248         36      13524      61222   Object Totals
         0          0         32          0          0          0   (incl. Generated)
         4          0          0          0          0          0   (incl. Padding)

    ----------------------------------------------------------------------

      Code (inc. data)   RO Data    RW Data    ZI Data      Debug   Library Member Name

         0          0          0          0          0          0   entry.o
         0          0          0          0          0          0   entry10a.o
         0          0          0          0          0          0   entry11a.o
         4          0          0          0          0          0   entry12b.o
         8          4          0          0          0          0   entry2.o
         4          0          0          0          0          0   entry5.o
         0          0          0          0          0          0   entry7b.o
         0          0          0          0          0          0   entry8b.o
         8          4          0          0          0          0   entry9a.o
        30          0          0          0          0          0   handlers.o
        36          8          0          0          0         68   init.o

    ----------------------------------------------------------------------
        92         16          0          0          0         68   Library Totals
         2          0          0          0          0          0   (incl. Padding)

    ----------------------------------------------------------------------

      Code (inc. data)   RO Data    RW Data    ZI Data      Debug   Library Name

        90         16          0          0          0         68   mc_w.l

    ----------------------------------------------------------------------
        92         16          0          0          0         68   Library Totals

    ----------------------------------------------------------------------

==============================================================================


      Code (inc. data)   RO Data    RW Data    ZI Data      Debug   

      1348        224       1248         36      13524      59934   Grand Totals
      1348        224       1248         36      13524      59934   ELF Image Totals
      1348        224       1248         36          0          0   ROM Totals

==============================================================================

    Total RO  Size (Code + RO Data)                 2596 (   2.54kB)
    Total RW  Size (RW Data + ZI Data)             13560 (  13.24kB)
    Total ROM Size (Code + RO Data + RW Data)       2632 (   2.57kB)

==============================================================================

